Archive member included to satisfy reference by file (symbol)

/usr/lib/gcc/arm-none-eabi/12.2.1/thumb/v6-m/nofp/libgcc.a(_dvmd_tls.o)
                              CMakeFiles/regua_encoder.dir/home/desenvolvimento/pico/pico-sdk/src/rp2_common/pico_divider/divider.S.obj (__aeabi_idiv0)
/usr/lib/gcc/arm-none-eabi/12.2.1/../../../arm-none-eabi/lib/thumb/v6-m/nofp/libg.a(lib_a-atexit.o)
                              /usr/lib/gcc/arm-none-eabi/12.2.1/../../../arm-none-eabi/lib/thumb/v6-m/nofp/crt0.o (atexit)
/usr/lib/gcc/arm-none-eabi/12.2.1/../../../arm-none-eabi/lib/thumb/v6-m/nofp/libg.a(lib_a-calloc.o)
                              CMakeFiles/regua_encoder.dir/home/desenvolvimento/pico/pico-sdk/src/rp2_common/pico_malloc/pico_malloc.c.obj (calloc)
/usr/lib/gcc/arm-none-eabi/12.2.1/../../../arm-none-eabi/lib/thumb/v6-m/nofp/libg.a(lib_a-callocr.o)
                              /usr/lib/gcc/arm-none-eabi/12.2.1/../../../arm-none-eabi/lib/thumb/v6-m/nofp/libg.a(lib_a-calloc.o) (_calloc_r)
/usr/lib/gcc/arm-none-eabi/12.2.1/../../../arm-none-eabi/lib/thumb/v6-m/nofp/libg.a(lib_a-fini.o)
                              /usr/lib/gcc/arm-none-eabi/12.2.1/../../../arm-none-eabi/lib/thumb/v6-m/nofp/crt0.o (__libc_fini_array)
/usr/lib/gcc/arm-none-eabi/12.2.1/../../../arm-none-eabi/lib/thumb/v6-m/nofp/libg.a(lib_a-impure.o)
                              /usr/lib/gcc/arm-none-eabi/12.2.1/../../../arm-none-eabi/lib/thumb/v6-m/nofp/libg.a(lib_a-calloc.o) (_impure_ptr)
/usr/lib/gcc/arm-none-eabi/12.2.1/../../../arm-none-eabi/lib/thumb/v6-m/nofp/libg.a(lib_a-init.o)
                              /usr/lib/gcc/arm-none-eabi/12.2.1/../../../arm-none-eabi/lib/thumb/v6-m/nofp/crt0.o (__libc_init_array)
/usr/lib/gcc/arm-none-eabi/12.2.1/../../../arm-none-eabi/lib/thumb/v6-m/nofp/libg.a(lib_a-malloc.o)
                              CMakeFiles/regua_encoder.dir/home/desenvolvimento/pico/pico-sdk/src/rp2_common/pico_malloc/pico_malloc.c.obj (malloc)
/usr/lib/gcc/arm-none-eabi/12.2.1/../../../arm-none-eabi/lib/thumb/v6-m/nofp/libg.a(lib_a-mallocr.o)
                              /usr/lib/gcc/arm-none-eabi/12.2.1/../../../arm-none-eabi/lib/thumb/v6-m/nofp/libg.a(lib_a-callocr.o) (_malloc_r)
/usr/lib/gcc/arm-none-eabi/12.2.1/../../../arm-none-eabi/lib/thumb/v6-m/nofp/libg.a(lib_a-mlock.o)
                              /usr/lib/gcc/arm-none-eabi/12.2.1/../../../arm-none-eabi/lib/thumb/v6-m/nofp/libg.a(lib_a-mallocr.o) (__malloc_lock)
/usr/lib/gcc/arm-none-eabi/12.2.1/../../../arm-none-eabi/lib/thumb/v6-m/nofp/libg.a(lib_a-realloc.o)
                              CMakeFiles/regua_encoder.dir/home/desenvolvimento/pico/pico-sdk/src/rp2_common/pico_malloc/pico_malloc.c.obj (realloc)
/usr/lib/gcc/arm-none-eabi/12.2.1/../../../arm-none-eabi/lib/thumb/v6-m/nofp/libg.a(lib_a-reallocr.o)
                              /usr/lib/gcc/arm-none-eabi/12.2.1/../../../arm-none-eabi/lib/thumb/v6-m/nofp/libg.a(lib_a-realloc.o) (_realloc_r)
/usr/lib/gcc/arm-none-eabi/12.2.1/../../../arm-none-eabi/lib/thumb/v6-m/nofp/libg.a(lib_a-sbrkr.o)
                              /usr/lib/gcc/arm-none-eabi/12.2.1/../../../arm-none-eabi/lib/thumb/v6-m/nofp/libg.a(lib_a-mallocr.o) (_sbrk_r)
/usr/lib/gcc/arm-none-eabi/12.2.1/../../../arm-none-eabi/lib/thumb/v6-m/nofp/libg.a(lib_a-strlen-stub.o)
                              CMakeFiles/regua_encoder.dir/home/desenvolvimento/pico/pico-sdk/src/rp2_common/pico_stdio/stdio.c.obj (strlen)
/usr/lib/gcc/arm-none-eabi/12.2.1/../../../arm-none-eabi/lib/thumb/v6-m/nofp/libg.a(lib_a-__atexit.o)
                              /usr/lib/gcc/arm-none-eabi/12.2.1/../../../arm-none-eabi/lib/thumb/v6-m/nofp/libg.a(lib_a-atexit.o) (__register_exitproc)
/usr/lib/gcc/arm-none-eabi/12.2.1/../../../arm-none-eabi/lib/thumb/v6-m/nofp/libg.a(lib_a-freer.o)
                              /usr/lib/gcc/arm-none-eabi/12.2.1/../../../arm-none-eabi/lib/thumb/v6-m/nofp/libg.a(lib_a-malloc.o) (_free_r)
/usr/lib/gcc/arm-none-eabi/12.2.1/../../../arm-none-eabi/lib/thumb/v6-m/nofp/libg.a(lib_a-memmove.o)
                              /usr/lib/gcc/arm-none-eabi/12.2.1/../../../arm-none-eabi/lib/thumb/v6-m/nofp/libg.a(lib_a-reallocr.o) (memmove)
/usr/lib/gcc/arm-none-eabi/12.2.1/../../../arm-none-eabi/lib/thumb/v6-m/nofp/libg.a(lib_a-reent.o)
                              /usr/lib/gcc/arm-none-eabi/12.2.1/../../../arm-none-eabi/lib/thumb/v6-m/nofp/libg.a(lib_a-sbrkr.o) (errno)

Discarded input sections

 .text          0x00000000        0x0 /usr/lib/gcc/arm-none-eabi/12.2.1/thumb/v6-m/nofp/crti.o
 .data          0x00000000        0x0 /usr/lib/gcc/arm-none-eabi/12.2.1/thumb/v6-m/nofp/crti.o
 .bss           0x00000000        0x0 /usr/lib/gcc/arm-none-eabi/12.2.1/thumb/v6-m/nofp/crti.o
 .data          0x00000000        0x4 /usr/lib/gcc/arm-none-eabi/12.2.1/thumb/v6-m/nofp/crtbegin.o
 .rodata        0x00000000       0x24 /usr/lib/gcc/arm-none-eabi/12.2.1/thumb/v6-m/nofp/crtbegin.o
[...]
Memory Configuration

Name             Origin             Length             Attributes
FLASH            0x10000000         0x00200000         xr
RAM              0x20000000         0x00040000         xrw
SCRATCH_X        0x20040000         0x00001000         xrw
SCRATCH_Y        0x20041000         0x00001000         xrw
*default*        0x00000000         0xffffffff

Linker script and memory map

LOAD /usr/lib/gcc/arm-none-eabi/12.2.1/thumb/v6-m/nofp/crti.o
LOAD /usr/lib/gcc/arm-none-eabi/12.2.1/thumb/v6-m/nofp/crtbegin.o
LOAD /usr/lib/gcc/arm-none-eabi/12.2.1/../../../arm-none-eabi/lib/thumb/v6-m/nofp/crt0.o

.flash_begin    0x10000000        0x0
                0x10000000                        __flash_binary_start = .

.boot2          0x10000000      0x100
                0x10000000                        __boot2_start__ = .
 *(.boot2)
 .boot2         0x10000000      0x100 /tmp/ccOsKfVS.o
                0x10000100                        __boot2_end__ = .
                0x00000001                        ASSERT (((__boot2_end__ - __boot2_start__) == 0x100), ERROR: Pico second stage bootloader must be 256 bytes in size)

.text           0x10000100     0x7800
                0x10000100                        __logical_binary_start = .
 *(.vectors)
 .vectors       0x10000100       0xd4 CMakeFiles/regua_encoder.dir/home/desenvolvimento/pico/pico-sdk/src/rp2_common/pico_standard_link/crt0.S.obj
                0x10000100                __vectors
                0x10000100                __VECTOR_TABLE
                0x100001c0                isr_invalid
                0x100001c0                __default_isrs_start
                0x100001c2                isr_nmi
                0x100001c4                isr_hardfault
                0x100001c6                isr_svcall
                0x100001c8                isr_pendsv
                0x100001ca                isr_systick
                0x100001cc                isr_irq30
                0x100001cc                __unhandled_user_irq
                0x100001cc                isr_irq13
                0x100001cc                isr_irq27
                0x100001cc                isr_irq31
                0x100001cc                isr_irq5
                0x100001cc                isr_irq11
                0x100001cc                isr_irq23
                0x100001cc                isr_irq18
                0x100001cc                isr_irq28
                0x100001cc                isr_irq19
                0x100001cc                isr_irq0
                0x100001cc                isr_irq6
                0x100001cc                isr_irq22
                0x100001cc                isr_irq17
                0x100001cc                isr_irq14
                0x100001cc                isr_irq2
                0x100001cc                isr_irq10
                0x100001cc                isr_irq8
                0x100001cc                isr_irq24
                0x100001cc                isr_irq1
                0x100001cc                isr_irq7
                0x100001cc                isr_irq21
                0x100001cc                isr_irq20
                0x100001cc                isr_irq15
                0x100001cc                isr_irq25
                0x100001cc                isr_irq4
                0x100001cc                isr_irq16
                0x100001cc                isr_irq29
                0x100001cc                isr_irq26
                0x100001cc                __default_isrs_end
                0x100001cc                isr_irq3
                0x100001cc                isr_irq12
                0x100001cc                isr_irq9
                0x100001d2                unhandled_user_irq_num_in_r0
 *(.binary_info_header)
 .binary_info_header
                0x100001d4       0x14 CMakeFiles/regua_encoder.dir/home/desenvolvimento/pico/pico-sdk/src/rp2_common/pico_standard_link/crt0.S.obj
                0x100001e8                        __binary_info_header_end = .
 *(.reset)
 .reset         0x100001e8       0xa0 CMakeFiles/regua_encoder.dir/home/desenvolvimento/pico/pico-sdk/src/rp2_common/pico_standard_link/crt0.S.obj
                0x100001e8                _entry_point
 .reset         0x10000288       0x30 CMakeFiles/regua_encoder.dir/home/desenvolvimento/pico/pico-sdk/src/rp2_common/pico_standard_link/binary_info.c.obj
 *(.init)
 .init          0x100002b8        0x4 /usr/lib/gcc/arm-none-eabi/12.2.1/thumb/v6-m/nofp/crti.o
                0x100002b8                _init
 *(EXCLUDE_FILE(*libm.a: *libc.a:*lib_a-mem*.o *libgcc.a:) .text*)
 .text          0x100002bc       0x98 /usr/lib/gcc/arm-none-eabi/12.2.1/thumb/v6-m/nofp/crtbegin.o
 .text.uart_putc
                0x10000354       0x60 CMakeFiles/regua_encoder.dir/encoder.c.obj
 .text.uart_puts
                0x100003b4       0x4a CMakeFiles/regua_encoder.dir/encoder.c.obj
 *fill*         0x100003fe        0x2 
 .text.interrupt_handler
                0x10000400       0x2c CMakeFiles/regua_encoder.dir/encoder.c.obj
                0x10000400                interrupt_handler
 .text.core1_timer
                0x1000042c       0xc4 CMakeFiles/regua_encoder.dir/encoder.c.obj
                0x1000042c                core1_timer
 .text.set_sys_clock_khz
                0x100004f0       0x3c CMakeFiles/regua_encoder.dir/encoder.c.obj
 .text.pistao   0x1000052c       0x60 CMakeFiles/regua_encoder.dir/encoder.c.obj
                0x1000052c                pistao
 .text.rs485_communication
                0x1000058c      0x1d8 CMakeFiles/regua_encoder.dir/encoder.c.obj
                0x1000058c                rs485_communication
 .text.main     0x10000764       0xa0 CMakeFiles/regua_encoder.dir/encoder.c.obj
                0x10000764                main
 .text.set_sys_clock_pll
                0x10000804       0x78 CMakeFiles/regua_encoder.dir/home/desenvolvimento/pico/pico-sdk/src/rp2_common/pico_stdlib/stdlib.c.obj
                0x10000804                set_sys_clock_pll
 .text.check_sys_clock_khz
                0x1000087c       0xa4 CMakeFiles/regua_encoder.dir/home/desenvolvimento/pico/pico-sdk/src/rp2_common/pico_stdlib/stdlib.c.obj
                0x1000087c                check_sys_clock_khz
 .text.gpio_set_function
                0x10000920       0x30 CMakeFiles/regua_encoder.dir/home/desenvolvimento/pico/pico-sdk/src/rp2_common/hardware_gpio/gpio.c.obj
                0x10000920                gpio_set_function
 .text.gpio_set_irq_callback
                0x10000950       0x48 CMakeFiles/regua_encoder.dir/home/desenvolvimento/pico/pico-sdk/src/rp2_common/hardware_gpio/gpio.c.obj
                0x10000950                gpio_set_irq_callback
 .text.gpio_acknowledge_irq
                0x10000998       0x18 CMakeFiles/regua_encoder.dir/home/desenvolvimento/pico/pico-sdk/src/rp2_common/hardware_gpio/gpio.c.obj
                0x10000998                gpio_acknowledge_irq
 .text._gpio_set_irq_enabled
                0x100009b0       0x34 CMakeFiles/regua_encoder.dir/home/desenvolvimento/pico/pico-sdk/src/rp2_common/hardware_gpio/gpio.c.obj
 .text.gpio_set_irq_enabled
                0x100009e4       0x20 CMakeFiles/regua_encoder.dir/home/desenvolvimento/pico/pico-sdk/src/rp2_common/hardware_gpio/gpio.c.obj
                0x100009e4                gpio_set_irq_enabled
 .text.gpio_set_irq_enabled_with_callback
                0x10000a04       0x20 CMakeFiles/regua_encoder.dir/home/desenvolvimento/pico/pico-sdk/src/rp2_common/hardware_gpio/gpio.c.obj
                0x10000a04                gpio_set_irq_enabled_with_callback
 .text.gpio_default_irq_handler
                0x10000a24       0x98 CMakeFiles/regua_encoder.dir/home/desenvolvimento/pico/pico-sdk/src/rp2_common/hardware_gpio/gpio.c.obj
 .text.gpio_init
                0x10000abc       0x16 CMakeFiles/regua_encoder.dir/home/desenvolvimento/pico/pico-sdk/src/rp2_common/hardware_gpio/gpio.c.obj
                0x10000abc                gpio_init
 *fill*         0x10000ad2        0x2 
 .text.running_on_fpga
                0x10000ad4       0x14 CMakeFiles/regua_encoder.dir/home/desenvolvimento/pico/pico-sdk/src/rp2_common/pico_platform/platform.c.obj
                0x10000ad4                running_on_fpga
 .text.hw_claim_lock
                0x10000ae8       0x18 CMakeFiles/regua_encoder.dir/home/desenvolvimento/pico/pico-sdk/src/rp2_common/hardware_claim/claim.c.obj
                0x10000ae8                hw_claim_lock
 .text.hw_claim_unlock
                0x10000b00       0x14 CMakeFiles/regua_encoder.dir/home/desenvolvimento/pico/pico-sdk/src/rp2_common/hardware_claim/claim.c.obj
                0x10000b00                hw_claim_unlock
 .text.hw_claim_or_assert
                0x10000b14       0x32 CMakeFiles/regua_encoder.dir/home/desenvolvimento/pico/pico-sdk/src/rp2_common/hardware_claim/claim.c.obj
                0x10000b14                hw_claim_or_assert
 .text.hw_claim_unused_from_range
                0x10000b46       0x50 CMakeFiles/regua_encoder.dir/home/desenvolvimento/pico/pico-sdk/src/rp2_common/hardware_claim/claim.c.obj
                0x10000b46                hw_claim_unused_from_range
 *fill*         0x10000b96        0x2 
 .text.spin_locks_reset
                0x10000b98       0x20 CMakeFiles/regua_encoder.dir/home/desenvolvimento/pico/pico-sdk/src/rp2_common/hardware_sync/sync.c.obj
                0x10000b98                spin_locks_reset
 .text.next_striped_spin_lock_num
                0x10000bb8       0x1c CMakeFiles/regua_encoder.dir/home/desenvolvimento/pico/pico-sdk/src/rp2_common/hardware_sync/sync.c.obj
                0x10000bb8                next_striped_spin_lock_num
 .text.spin_lock_claim_unused
                0x10000bd4       0x24 CMakeFiles/regua_encoder.dir/home/desenvolvimento/pico/pico-sdk/src/rp2_common/hardware_sync/sync.c.obj
                0x10000bd4                spin_lock_claim_unused
 .text.set_raw_irq_handler_and_unlock
                0x10000bf8       0x28 CMakeFiles/regua_encoder.dir/home/desenvolvimento/pico/pico-sdk/src/rp2_common/hardware_irq/irq.c.obj
 .text.resolve_branch
                0x10000c20       0x30 CMakeFiles/regua_encoder.dir/home/desenvolvimento/pico/pico-sdk/src/rp2_common/hardware_irq/irq.c.obj
 .text.make_branch
                0x10000c50       0x48 CMakeFiles/regua_encoder.dir/home/desenvolvimento/pico/pico-sdk/src/rp2_common/hardware_irq/irq.c.obj
 .text.insert_branch_and_link
                0x10000c98       0x40 CMakeFiles/regua_encoder.dir/home/desenvolvimento/pico/pico-sdk/src/rp2_common/hardware_irq/irq.c.obj
 .text.irq_is_enabled
                0x10000cd8       0x18 CMakeFiles/regua_encoder.dir/home/desenvolvimento/pico/pico-sdk/src/rp2_common/hardware_irq/irq.c.obj
                0x10000cd8                irq_is_enabled
 .text.irq_set_mask_enabled
                0x10000cf0       0x20 CMakeFiles/regua_encoder.dir/home/desenvolvimento/pico/pico-sdk/src/rp2_common/hardware_irq/irq.c.obj
                0x10000cf0                irq_set_mask_enabled
 .text.irq_set_enabled
                0x10000d10        0xe CMakeFiles/regua_encoder.dir/home/desenvolvimento/pico/pico-sdk/src/rp2_common/hardware_irq/irq.c.obj
                0x10000d10                irq_set_enabled
 *fill*         0x10000d1e        0x2 
 .text.irq_set_pending
                0x10000d20       0x10 CMakeFiles/regua_encoder.dir/home/desenvolvimento/pico/pico-sdk/src/rp2_common/hardware_irq/irq.c.obj
                0x10000d20                irq_set_pending
 .text.irq_get_vtable_handler
                0x10000d30       0x10 CMakeFiles/regua_encoder.dir/home/desenvolvimento/pico/pico-sdk/src/rp2_common/hardware_irq/irq.c.obj
                0x10000d30                irq_get_vtable_handler
 .text.irq_has_shared_handler
                0x10000d40       0x24 CMakeFiles/regua_encoder.dir/home/desenvolvimento/pico/pico-sdk/src/rp2_common/hardware_irq/irq.c.obj
                0x10000d40                irq_has_shared_handler
 .text.irq_set_exclusive_handler
                0x10000d64       0x54 CMakeFiles/regua_encoder.dir/home/desenvolvimento/pico/pico-sdk/src/rp2_common/hardware_irq/irq.c.obj
                0x10000d64                irq_set_exclusive_handler
 .text.irq_add_shared_handler
                0x10000db8      0x210 CMakeFiles/regua_encoder.dir/home/desenvolvimento/pico/pico-sdk/src/rp2_common/hardware_irq/irq.c.obj
                0x10000db8                irq_add_shared_handler
 .text.irq_remove_handler
                0x10000fc8      0x188 CMakeFiles/regua_encoder.dir/home/desenvolvimento/pico/pico-sdk/src/rp2_common/hardware_irq/irq.c.obj
                0x10000fc8                irq_remove_handler
 .text.irq_add_tail_to_free_list
                0x10001150       0xf0 CMakeFiles/regua_encoder.dir/home/desenvolvimento/pico/pico-sdk/src/rp2_common/hardware_irq/irq.c.obj
                0x10001150                irq_add_tail_to_free_list
 .text.irq_init_priorities
                0x10001240       0x1c CMakeFiles/regua_encoder.dir/home/desenvolvimento/pico/pico-sdk/src/rp2_common/hardware_irq/irq.c.obj
                0x10001240                irq_init_priorities
 .text.user_irq_claim_unused
                0x1000125c       0x2c CMakeFiles/regua_encoder.dir/home/desenvolvimento/pico/pico-sdk/src/rp2_common/hardware_irq/irq.c.obj
                0x1000125c                user_irq_claim_unused
 .text.lock_init
                0x10001288       0x10 CMakeFiles/regua_encoder.dir/home/desenvolvimento/pico/pico-sdk/src/common/pico_sync/lock_core.c.obj
                0x10001288                lock_init
 .text.update_us_since_boot
                0x10001298       0x24 CMakeFiles/regua_encoder.dir/home/desenvolvimento/pico/pico-sdk/src/common/pico_sync/mutex.c.obj
 .text.delayed_by_ms
                0x100012bc       0x44 CMakeFiles/regua_encoder.dir/home/desenvolvimento/pico/pico-sdk/src/common/pico_sync/mutex.c.obj
 .text.get_absolute_time
                0x10001300       0x22 CMakeFiles/regua_encoder.dir/home/desenvolvimento/pico/pico-sdk/src/common/pico_sync/mutex.c.obj
 .text.make_timeout_time_ms
                0x10001322       0x20 CMakeFiles/regua_encoder.dir/home/desenvolvimento/pico/pico-sdk/src/common/pico_sync/mutex.c.obj
 .text.mutex_init
                0x10001342       0x1a CMakeFiles/regua_encoder.dir/home/desenvolvimento/pico/pico-sdk/src/common/pico_sync/mutex.c.obj
                0x10001342                mutex_init
 .text.recursive_mutex_init
                0x1000135c       0x1e CMakeFiles/regua_encoder.dir/home/desenvolvimento/pico/pico-sdk/src/common/pico_sync/mutex.c.obj
                0x1000135c                recursive_mutex_init
 *fill*         0x1000137a        0x2 
 .text.critical_section_init_with_lock_num
                0x1000137c       0x14 CMakeFiles/regua_encoder.dir/home/desenvolvimento/pico/pico-sdk/src/common/pico_sync/critical_section.c.obj
                0x1000137c                critical_section_init_with_lock_num
 .text.critical_section_init
                0x10001390       0x14 CMakeFiles/regua_encoder.dir/home/desenvolvimento/pico/pico-sdk/src/common/pico_sync/critical_section.c.obj
                0x10001390                critical_section_init
 .text.time_reached
                0x100013a4       0x28 CMakeFiles/regua_encoder.dir/home/desenvolvimento/pico/pico-sdk/src/common/pico_time/time.c.obj
 .text.get_entry
                0x100013cc       0x38 CMakeFiles/regua_encoder.dir/home/desenvolvimento/pico/pico-sdk/src/common/pico_time/time.c.obj
 .text.timer_pool_entry_comparator
                0x10001404       0x2e CMakeFiles/regua_encoder.dir/home/desenvolvimento/pico/pico-sdk/src/common/pico_time/time.c.obj
                0x10001404                timer_pool_entry_comparator
 *fill*         0x10001432        0x2 
 .text.update_us_since_boot
                0x10001434       0x24 CMakeFiles/regua_encoder.dir/home/desenvolvimento/pico/pico-sdk/src/common/pico_time/time.c.obj
 .text.delayed_by_us
                0x10001458       0x34 CMakeFiles/regua_encoder.dir/home/desenvolvimento/pico/pico-sdk/src/common/pico_time/time.c.obj
 .text.ph_get_node
                0x1000148c       0x30 CMakeFiles/regua_encoder.dir/home/desenvolvimento/pico/pico-sdk/src/common/pico_time/time.c.obj
 .text.ph_contains_node
                0x100014bc       0x1e CMakeFiles/regua_encoder.dir/home/desenvolvimento/pico/pico-sdk/src/common/pico_time/time.c.obj
 .text.ph_new_node
                0x100014da       0x28 CMakeFiles/regua_encoder.dir/home/desenvolvimento/pico/pico-sdk/src/common/pico_time/time.c.obj
 *fill*         0x10001502        0x2 
 .text.ph_add_child_node
                0x10001504       0x6c CMakeFiles/regua_encoder.dir/home/desenvolvimento/pico/pico-sdk/src/common/pico_time/time.c.obj
 .text.ph_merge_nodes
                0x10001570       0x3e CMakeFiles/regua_encoder.dir/home/desenvolvimento/pico/pico-sdk/src/common/pico_time/time.c.obj
 *fill*         0x100015ae        0x2 
 .text.ph_insert_node
                0x100015b0       0x3c CMakeFiles/regua_encoder.dir/home/desenvolvimento/pico/pico-sdk/src/common/pico_time/time.c.obj
 .text.ph_free_node
                0x100015ec       0x5c CMakeFiles/regua_encoder.dir/home/desenvolvimento/pico/pico-sdk/src/common/pico_time/time.c.obj
 .text.get_entry_id_high
                0x10001648       0x30 CMakeFiles/regua_encoder.dir/home/desenvolvimento/pico/pico-sdk/src/common/pico_time/time.c.obj
 .text.alarm_pool_post_alloc_init
                0x10001678       0x40 CMakeFiles/regua_encoder.dir/home/desenvolvimento/pico/pico-sdk/src/common/pico_time/time.c.obj
 .text.sleep_until_callback
                0x100016b8       0x30 CMakeFiles/regua_encoder.dir/home/desenvolvimento/pico/pico-sdk/src/common/pico_time/time.c.obj
 .text.get_absolute_time
                0x100016e8       0x22 CMakeFiles/regua_encoder.dir/home/desenvolvimento/pico/pico-sdk/src/common/pico_time/time.c.obj
 .text.make_timeout_time_us
                0x1000170a       0x24 CMakeFiles/regua_encoder.dir/home/desenvolvimento/pico/pico-sdk/src/common/pico_time/time.c.obj
 *fill*         0x1000172e        0x2 
 .text.add_alarm_under_lock
                0x10001730       0x94 CMakeFiles/regua_encoder.dir/home/desenvolvimento/pico/pico-sdk/src/common/pico_time/time.c.obj
 .text.alarm_pool_alarm_callback
                0x100017c4      0x210 CMakeFiles/regua_encoder.dir/home/desenvolvimento/pico/pico-sdk/src/common/pico_time/time.c.obj
 .text.alarm_pool_init_default
                0x100019d4       0x40 CMakeFiles/regua_encoder.dir/home/desenvolvimento/pico/pico-sdk/src/common/pico_time/time.c.obj
                0x100019d4                alarm_pool_init_default
 .text.alarm_pool_get_default
                0x10001a14       0x2c CMakeFiles/regua_encoder.dir/home/desenvolvimento/pico/pico-sdk/src/common/pico_time/time.c.obj
                0x10001a14                alarm_pool_get_default
 .text.alarm_pool_add_alarm_at
                0x10001a40      0x10e CMakeFiles/regua_encoder.dir/home/desenvolvimento/pico/pico-sdk/src/common/pico_time/time.c.obj
                0x10001a40                alarm_pool_add_alarm_at
 .text.add_alarm_at
                0x10001b4e       0x2e CMakeFiles/regua_encoder.dir/home/desenvolvimento/pico/pico-sdk/src/common/pico_time/time.c.obj
 .text.alarm_pool_cancel_alarm
                0x10001b7c       0xa8 CMakeFiles/regua_encoder.dir/home/desenvolvimento/pico/pico-sdk/src/common/pico_time/time.c.obj
                0x10001b7c                alarm_pool_cancel_alarm
 .text.cancel_alarm
                0x10001c24       0x10 CMakeFiles/regua_encoder.dir/home/desenvolvimento/pico/pico-sdk/src/common/pico_time/time.c.obj
 .text.alarm_pool_core_num
                0x10001c34        0x4 CMakeFiles/regua_encoder.dir/home/desenvolvimento/pico/pico-sdk/src/common/pico_time/time.c.obj
                0x10001c34                alarm_pool_core_num
 .text.sleep_until
                0x10001c38       0xb0 CMakeFiles/regua_encoder.dir/home/desenvolvimento/pico/pico-sdk/src/common/pico_time/time.c.obj
                0x10001c38                sleep_until
 .text.sleep_us
                0x10001ce8       0x1a CMakeFiles/regua_encoder.dir/home/desenvolvimento/pico/pico-sdk/src/common/pico_time/time.c.obj
                0x10001ce8                sleep_us
 .text.sleep_ms
                0x10001d02       0x14 CMakeFiles/regua_encoder.dir/home/desenvolvimento/pico/pico-sdk/src/common/pico_time/time.c.obj
                0x10001d02                sleep_ms
 *fill*         0x10001d16        0x2 
 .text.best_effort_wfe_or_timeout
                0x10001d18       0x44 CMakeFiles/regua_encoder.dir/home/desenvolvimento/pico/pico-sdk/src/common/pico_time/time.c.obj
                0x10001d18                best_effort_wfe_or_timeout
 .text.update_us_since_boot
                0x10001d5c       0x24 CMakeFiles/regua_encoder.dir/home/desenvolvimento/pico/pico-sdk/src/rp2_common/hardware_timer/timer.c.obj
 .text.hardware_alarm_irq_handler
                0x10001d80       0x8c CMakeFiles/regua_encoder.dir/home/desenvolvimento/pico/pico-sdk/src/rp2_common/hardware_timer/timer.c.obj
 .text.hardware_alarm_claim
                0x10001e0c       0x18 CMakeFiles/regua_encoder.dir/home/desenvolvimento/pico/pico-sdk/src/rp2_common/hardware_timer/timer.c.obj
                0x10001e0c                hardware_alarm_claim
 .text.time_us_64
                0x10001e24       0x18 CMakeFiles/regua_encoder.dir/home/desenvolvimento/pico/pico-sdk/src/rp2_common/hardware_timer/timer.c.obj
                0x10001e24                time_us_64
 .text.busy_wait_until
                0x10001e3c       0x28 CMakeFiles/regua_encoder.dir/home/desenvolvimento/pico/pico-sdk/src/rp2_common/hardware_timer/timer.c.obj
                0x10001e3c                busy_wait_until
 .text.busy_wait_us
                0x10001e64       0x3a CMakeFiles/regua_encoder.dir/home/desenvolvimento/pico/pico-sdk/src/rp2_common/hardware_timer/timer.c.obj
                0x10001e64                busy_wait_us
 *fill*         0x10001e9e        0x2 
 .text.hardware_alarm_set_callback
                0x10001ea0       0x90 CMakeFiles/regua_encoder.dir/home/desenvolvimento/pico/pico-sdk/src/rp2_common/hardware_timer/timer.c.obj
                0x10001ea0                hardware_alarm_set_callback
 .text.hardware_alarm_set_target
                0x10001f30       0xe8 CMakeFiles/regua_encoder.dir/home/desenvolvimento/pico/pico-sdk/src/rp2_common/hardware_timer/timer.c.obj
                0x10001f30                hardware_alarm_set_target
 .text.hardware_alarm_cancel
                0x10002018       0x40 CMakeFiles/regua_encoder.dir/home/desenvolvimento/pico/pico-sdk/src/rp2_common/hardware_timer/timer.c.obj
                0x10002018                hardware_alarm_cancel
 .text.ph_get_node
                0x10002058       0x30 CMakeFiles/regua_encoder.dir/home/desenvolvimento/pico/pico-sdk/src/common/pico_util/pheap.c.obj
 .text.ph_add_child_node
                0x10002088       0x6c CMakeFiles/regua_encoder.dir/home/desenvolvimento/pico/pico-sdk/src/common/pico_util/pheap.c.obj
 .text.ph_merge_nodes
                0x100020f4       0x3e CMakeFiles/regua_encoder.dir/home/desenvolvimento/pico/pico-sdk/src/common/pico_util/pheap.c.obj
 .text.ph_clear
                0x10002132       0x34 CMakeFiles/regua_encoder.dir/home/desenvolvimento/pico/pico-sdk/src/common/pico_util/pheap.c.obj
                0x10002132                ph_clear
 .text.ph_post_alloc_init
                0x10002166        0xe CMakeFiles/regua_encoder.dir/home/desenvolvimento/pico/pico-sdk/src/common/pico_util/pheap.c.obj
                0x10002166                ph_post_alloc_init
 .text.ph_merge_two_pass
                0x10002174       0x5c CMakeFiles/regua_encoder.dir/home/desenvolvimento/pico/pico-sdk/src/common/pico_util/pheap.c.obj
                0x10002174                ph_merge_two_pass
 .text.ph_remove_any_head
                0x100021d0       0xc0 CMakeFiles/regua_encoder.dir/home/desenvolvimento/pico/pico-sdk/src/common/pico_util/pheap.c.obj
 .text.ph_remove_head
                0x10002290       0x14 CMakeFiles/regua_encoder.dir/home/desenvolvimento/pico/pico-sdk/src/common/pico_util/pheap.c.obj
                0x10002290                ph_remove_head
 .text.ph_remove_and_free_node
                0x100022a4       0xa0 CMakeFiles/regua_encoder.dir/home/desenvolvimento/pico/pico-sdk/src/common/pico_util/pheap.c.obj
                0x100022a4                ph_remove_and_free_node
 .text.uart_disable_before_lcr_write
                0x10002344       0x48 CMakeFiles/regua_encoder.dir/home/desenvolvimento/pico/pico-sdk/src/rp2_common/hardware_uart/uart.c.obj
 .text.uart_write_lcr_bits_masked
                0x1000238c       0x22 CMakeFiles/regua_encoder.dir/home/desenvolvimento/pico/pico-sdk/src/rp2_common/hardware_uart/uart.c.obj
 *fill*         0x100023ae        0x2 
 .text.uart_set_baudrate
                0x100023b0       0x5c CMakeFiles/regua_encoder.dir/home/desenvolvimento/pico/pico-sdk/src/rp2_common/hardware_uart/uart.c.obj
                0x100023b0                uart_set_baudrate
 .text.uart_set_format
                0x1000240c       0x2c CMakeFiles/regua_encoder.dir/home/desenvolvimento/pico/pico-sdk/src/rp2_common/hardware_uart/uart.c.obj
                0x1000240c                uart_set_format
 .text.uart_set_translate_crlf
                0x10002438       0x28 CMakeFiles/regua_encoder.dir/home/desenvolvimento/pico/pico-sdk/src/rp2_common/hardware_uart/uart.c.obj
                0x10002438                uart_set_translate_crlf
 .text.uart_init
                0x10002460       0x80 CMakeFiles/regua_encoder.dir/home/desenvolvimento/pico/pico-sdk/src/rp2_common/hardware_uart/uart.c.obj
                0x10002460                uart_init
 .text.clock_configure
                0x100024e0      0x108 CMakeFiles/regua_encoder.dir/home/desenvolvimento/pico/pico-sdk/src/rp2_common/hardware_clocks/clocks.c.obj
                0x100024e0                clock_configure
 .text.clocks_init
                0x100025e8      0x100 CMakeFiles/regua_encoder.dir/home/desenvolvimento/pico/pico-sdk/src/rp2_common/hardware_clocks/clocks.c.obj
                0x100025e8                clocks_init
 .text.clock_get_hz
                0x100026e8        0xc CMakeFiles/regua_encoder.dir/home/desenvolvimento/pico/pico-sdk/src/rp2_common/hardware_clocks/clocks.c.obj
                0x100026e8                clock_get_hz
 .text.pll_init
                0x100026f4      0x120 CMakeFiles/regua_encoder.dir/home/desenvolvimento/pico/pico-sdk/src/rp2_common/hardware_pll/pll.c.obj
                0x100026f4                pll_init
 .text.watchdog_start_tick
                0x10002814       0x10 CMakeFiles/regua_encoder.dir/home/desenvolvimento/pico/pico-sdk/src/rp2_common/hardware_watchdog/watchdog.c.obj
                0x10002814                watchdog_start_tick
 .text.watchdog_update
                0x10002824       0x14 CMakeFiles/regua_encoder.dir/home/desenvolvimento/pico/pico-sdk/src/rp2_common/hardware_watchdog/watchdog.c.obj
                0x10002824                watchdog_update
 .text._watchdog_enable
                0x10002838       0x78 CMakeFiles/regua_encoder.dir/home/desenvolvimento/pico/pico-sdk/src/rp2_common/hardware_watchdog/watchdog.c.obj
                0x10002838                _watchdog_enable
 .text.watchdog_reboot
                0x100028b0       0x48 CMakeFiles/regua_encoder.dir/home/desenvolvimento/pico/pico-sdk/src/rp2_common/hardware_watchdog/watchdog.c.obj
                0x100028b0                watchdog_reboot
 .text.xosc_init
                0x100028f8       0x28 CMakeFiles/regua_encoder.dir/home/desenvolvimento/pico/pico-sdk/src/rp2_common/hardware_xosc/xosc.c.obj
                0x100028f8                xosc_init
 .text._exit    0x10002920        0x4 CMakeFiles/regua_encoder.dir/home/desenvolvimento/pico/pico-sdk/src/rp2_common/pico_runtime/runtime.c.obj
                0x10002920                _exit
 .text.exit     0x10002924        0x6 CMakeFiles/regua_encoder.dir/home/desenvolvimento/pico/pico-sdk/src/rp2_common/pico_runtime/runtime.c.obj
                0x10002924                exit
 *fill*         0x1000292a        0x2 
 .text.__assert_func
                0x1000292c       0x38 CMakeFiles/regua_encoder.dir/home/desenvolvimento/pico/pico-sdk/src/rp2_common/pico_runtime/runtime.c.obj
                0x1000292c                __assert_func
 .text.runtime_init
                0x10002964       0xf8 CMakeFiles/regua_encoder.dir/home/desenvolvimento/pico/pico-sdk/src/rp2_common/pico_runtime/runtime.c.obj
                0x10002964                runtime_init
 .text.panic    0x10002a5c       0x30 CMakeFiles/regua_encoder.dir/home/desenvolvimento/pico/pico-sdk/src/rp2_common/pico_runtime/runtime.c.obj
                0x10002a5c                panic
 .text._out_buffer
                0x10002a8c        0x8 CMakeFiles/regua_encoder.dir/home/desenvolvimento/pico/pico-sdk/src/rp2_common/pico_printf/printf.c.obj
 .text._out_null
                0x10002a94        0x2 CMakeFiles/regua_encoder.dir/home/desenvolvimento/pico/pico-sdk/src/rp2_common/pico_printf/printf.c.obj
 .text._out_fct
                0x10002a96        0xe CMakeFiles/regua_encoder.dir/home/desenvolvimento/pico/pico-sdk/src/rp2_common/pico_printf/printf.c.obj
 .text._atoi    0x10002aa4       0x24 CMakeFiles/regua_encoder.dir/home/desenvolvimento/pico/pico-sdk/src/rp2_common/pico_printf/printf.c.obj
 .text._out_rev
                0x10002ac8       0xae CMakeFiles/regua_encoder.dir/home/desenvolvimento/pico/pico-sdk/src/rp2_common/pico_printf/printf.c.obj
 .text._ntoa_format
                0x10002b76      0x110 CMakeFiles/regua_encoder.dir/home/desenvolvimento/pico/pico-sdk/src/rp2_common/pico_printf/printf.c.obj
 .text._ntoa_long
                0x10002c86       0xbc CMakeFiles/regua_encoder.dir/home/desenvolvimento/pico/pico-sdk/src/rp2_common/pico_printf/printf.c.obj
 .text._ntoa_long_long
                0x10002d42      0x10e CMakeFiles/regua_encoder.dir/home/desenvolvimento/pico/pico-sdk/src/rp2_common/pico_printf/printf.c.obj
 .text._etoa    0x10002e50      0x420 CMakeFiles/regua_encoder.dir/home/desenvolvimento/pico/pico-sdk/src/rp2_common/pico_printf/printf.c.obj
 .text._ftoa    0x10003270      0x354 CMakeFiles/regua_encoder.dir/home/desenvolvimento/pico/pico-sdk/src/rp2_common/pico_printf/printf.c.obj
 .text._vsnprintf
                0x100035c4      0x65c CMakeFiles/regua_encoder.dir/home/desenvolvimento/pico/pico-sdk/src/rp2_common/pico_printf/printf.c.obj
 .text.__wrap_snprintf
                0x10003c20       0x28 CMakeFiles/regua_encoder.dir/home/desenvolvimento/pico/pico-sdk/src/rp2_common/pico_printf/printf.c.obj
                0x10003c20                __wrap_snprintf
 .text.vfctprintf
                0x10003c48       0x20 CMakeFiles/regua_encoder.dir/home/desenvolvimento/pico/pico-sdk/src/rp2_common/pico_printf/printf.c.obj
                0x10003c48                vfctprintf
 .text          0x10003c68       0x10 CMakeFiles/regua_encoder.dir/home/desenvolvimento/pico/pico-sdk/src/rp2_common/pico_bit_ops/bit_ops_aeabi.S.obj
 .text.rom_func_lookup
                0x10003c78       0x10 CMakeFiles/regua_encoder.dir/home/desenvolvimento/pico/pico-sdk/src/rp2_common/pico_bootrom/bootrom.c.obj
                0x10003c78                rom_func_lookup
 .text.rom_data_lookup
                0x10003c88       0x10 CMakeFiles/regua_encoder.dir/home/desenvolvimento/pico/pico-sdk/src/rp2_common/pico_bootrom/bootrom.c.obj
                0x10003c88                rom_data_lookup
 .text.rom_funcs_lookup
                0x10003c98       0x36 CMakeFiles/regua_encoder.dir/home/desenvolvimento/pico/pico-sdk/src/rp2_common/pico_bootrom/bootrom.c.obj
                0x10003c98                rom_funcs_lookup
 *fill*         0x10003cce        0x2 
 .text.__wrap___aeabi_idiv
                0x10003cd0       0x50 CMakeFiles/regua_encoder.dir/home/desenvolvimento/pico/pico-sdk/src/rp2_common/pico_divider/divider.S.obj
                0x10003cd0                __wrap___aeabi_idivmod
                0x10003cd0                divmod_s32s32
                0x10003cd0                div_s32s32
                0x10003cd0                __wrap___aeabi_idiv
                0x10003cd8                divmod_s32s32_unsafe
                0x10003d04                divmod_s32s32_savestate
 .text.__wrap___aeabi_uidiv
                0x10003d20       0x4c CMakeFiles/regua_encoder.dir/home/desenvolvimento/pico/pico-sdk/src/rp2_common/pico_divider/divider.S.obj
                0x10003d20                __wrap___aeabi_uidiv
                0x10003d20                __wrap___aeabi_uidivmod
                0x10003d20                div_u32u32
                0x10003d20                divmod_u32u32
                0x10003d28                divmod_u32u32_unsafe
                0x10003d50                divmod_u32u32_savestate
 .text.__wrap___aeabi_ldiv
                0x10003d6c      0x424 CMakeFiles/regua_encoder.dir/home/desenvolvimento/pico/pico-sdk/src/rp2_common/pico_divider/divider.S.obj
                0x10003d6c                div_s64s64
                0x10003d6c                divmod_s64s64
                0x10003d6c                __wrap___aeabi_ldivmod
                0x10003d9c                div_u64u64
                0x10003d9c                divmod_u64u64
                0x10003d9c                __wrap___aeabi_uldivmod
                0x10003dac                divmod_u64u64_savestate
                0x10003dcc                divmod_s64s64_unsafe
                0x10003e54                divmod_u64u64_unsafe
 .text.__wrap___aeabi_darithmetic
                0x10004190       0x80 CMakeFiles/regua_encoder.dir/home/desenvolvimento/pico/pico-sdk/src/rp2_common/pico_double/double_aeabi.S.obj
                0x10004190                __wrap___aeabi_drsub
                0x10004196                __wrap___aeabi_dsub
                0x100041a8                __wrap___aeabi_dadd
                0x100041ba                __wrap___aeabi_ddiv
                0x100041f6                __wrap___aeabi_dmul
 .text.__wrap___aeabi_cdcmple
                0x10004210       0x6c CMakeFiles/regua_encoder.dir/home/desenvolvimento/pico/pico-sdk/src/rp2_common/pico_double/double_aeabi.S.obj
                0x10004210                __wrap___aeabi_cdrcmple
                0x10004220                __wrap___aeabi_cdcmple
                0x10004220                __wrap___aeabi_cdcmpeq
 .text.__wrap___aeabi_dcmplt
                0x1000427c        0xc CMakeFiles/regua_encoder.dir/home/desenvolvimento/pico/pico-sdk/src/rp2_common/pico_double/double_aeabi.S.obj
                0x1000427c                __wrap___aeabi_dcmplt
 .text.__wrap___aeabi_dcmple
                0x10004288       0x10 CMakeFiles/regua_encoder.dir/home/desenvolvimento/pico/pico-sdk/src/rp2_common/pico_double/double_aeabi.S.obj
                0x10004288                __wrap___aeabi_dcmple
 .text.__wrap___aeabi_dcmpge
                0x10004298       0x10 CMakeFiles/regua_encoder.dir/home/desenvolvimento/pico/pico-sdk/src/rp2_common/pico_double/double_aeabi.S.obj
                0x10004298                __wrap___aeabi_dcmpge
 .text.__wrap___aeabi_dcmpgt
                0x100042a8        0xa CMakeFiles/regua_encoder.dir/home/desenvolvimento/pico/pico-sdk/src/rp2_common/pico_double/double_aeabi.S.obj
                0x100042a8                __wrap___aeabi_dcmpgt
 .text.__wrap___aeabi_dcmpun
                0x100042b2       0x1c CMakeFiles/regua_encoder.dir/home/desenvolvimento/pico/pico-sdk/src/rp2_common/pico_double/double_aeabi.S.obj
                0x100042b2                __wrap___aeabi_dcmpun
 *fill*         0x100042ce        0x2 
 .text.__wrap___aeabi_i2d
                0x100042d0       0x38 CMakeFiles/regua_encoder.dir/home/desenvolvimento/pico/pico-sdk/src/rp2_common/pico_double/double_aeabi.S.obj
                0x100042d0                __wrap___aeabi_ui2d
                0x100042d8                __wrap___aeabi_i2d
 .text.__wrap___aeabi_d2iz
                0x10004308       0x48 CMakeFiles/regua_encoder.dir/home/desenvolvimento/pico/pico-sdk/src/rp2_common/pico_double/double_aeabi.S.obj
                0x10004308                __wrap___aeabi_d2iz
                0x10004308                double2int_z
 .text.__wrap___aeabi_d2uiz
                0x10004350       0x18 CMakeFiles/regua_encoder.dir/home/desenvolvimento/pico/pico-sdk/src/rp2_common/pico_double/double_aeabi.S.obj
                0x10004350                double2uint
                0x10004350                __wrap___aeabi_d2uiz
 .text.__aeabi_double_init
                0x10004368       0xcc CMakeFiles/regua_encoder.dir/home/desenvolvimento/pico/pico-sdk/src/rp2_common/pico_double/double_init_rom.c.obj
                0x10004368                __aeabi_double_init
 .text.double_table_shim_on_use_helper
                0x10004434       0x34 CMakeFiles/regua_encoder.dir/home/desenvolvimento/pico/pico-sdk/src/rp2_common/pico_double/double_v1_rom_shim.S.obj
                0x10004434                double_table_shim_on_use_helper
 .text.__wrap___aeabi_dsub
                0x10004468       0x10 CMakeFiles/regua_encoder.dir/home/desenvolvimento/pico/pico-sdk/src/rp2_common/pico_double/double_v1_rom_shim.S.obj
                0x10004468                drsub_shim
                0x1000446e                dsub_shim
 .text.dadd_shim
                0x10004478      0x15c CMakeFiles/regua_encoder.dir/home/desenvolvimento/pico/pico-sdk/src/rp2_common/pico_double/double_v1_rom_shim.S.obj
                0x10004478                dadd_shim
 .text.dmul_shim
                0x100045d4      0x15c CMakeFiles/regua_encoder.dir/home/desenvolvimento/pico/pico-sdk/src/rp2_common/pico_double/double_v1_rom_shim.S.obj
                0x100045d4                dmul_shim
 .text.ddiv_shim
                0x10004730      0x1b0 CMakeFiles/regua_encoder.dir/home/desenvolvimento/pico/pico-sdk/src/rp2_common/pico_double/double_v1_rom_shim.S.obj
                0x10004730                ddiv_shim
 .text.double2uint_shim
                0x100048e0        0xe CMakeFiles/regua_encoder.dir/home/desenvolvimento/pico/pico-sdk/src/rp2_common/pico_double/double_v1_rom_shim.S.obj
                0x100048e0                double2uint_shim
                0x100048e2                double2ufix_shim
 *fill*         0x100048ee        0x2 
 .text.double2uint64_shim
                0x100048f0       0x70 CMakeFiles/regua_encoder.dir/home/desenvolvimento/pico/pico-sdk/src/rp2_common/pico_double/double_v1_rom_shim.S.obj
                0x100048f0                double2uint64_shim
                0x100048f2                double2ufix64_shim
                0x10004912                d2fix_a
 .text.dunpacks
                0x10004960       0x3c CMakeFiles/regua_encoder.dir/home/desenvolvimento/pico/pico-sdk/src/rp2_common/pico_double/double_v1_rom_shim.S.obj
                0x10004960                dunpacks
 .text.__aeabi_lmul
                0x1000499c       0x32 CMakeFiles/regua_encoder.dir/home/desenvolvimento/pico/pico-sdk/src/rp2_common/pico_int64_ops/pico_int64_ops_aeabi.S.obj
                0x1000499c                __wrap___aeabi_lmul
 *fill*         0x100049ce        0x2 
 .text.__aeabi_float_init
                0x100049d0       0xfc CMakeFiles/regua_encoder.dir/home/desenvolvimento/pico/pico-sdk/src/rp2_common/pico_float/float_init_rom.c.obj
                0x100049d0                __aeabi_float_init
 .text.float_table_shim_on_use_helper
                0x10004acc       0x34 CMakeFiles/regua_encoder.dir/home/desenvolvimento/pico/pico-sdk/src/rp2_common/pico_float/float_v1_rom_shim.S.obj
                0x10004acc                float_table_shim_on_use_helper
 .text          0x10004b00       0x10 CMakeFiles/regua_encoder.dir/home/desenvolvimento/pico/pico-sdk/src/rp2_common/pico_mem_ops/mem_ops_aeabi.S.obj
                0x10004b00                __aeabi_mem_init
 .text.memset   0x10004b10        0xc CMakeFiles/regua_encoder.dir/home/desenvolvimento/pico/pico-sdk/src/rp2_common/pico_mem_ops/mem_ops_aeabi.S.obj
                0x10004b10                __wrap_memset
 .text.memcpy   0x10004b1c        0xc CMakeFiles/regua_encoder.dir/home/desenvolvimento/pico/pico-sdk/src/rp2_common/pico_mem_ops/mem_ops_aeabi.S.obj
                0x10004b1c                __wrap___aeabi_memcpy
                0x10004b1c                __wrap_memcpy
 .text.stdio_out_chars_no_crlf
                0x10004b28        0xe CMakeFiles/regua_encoder.dir/home/desenvolvimento/pico/pico-sdk/src/rp2_common/pico_stdio/stdio.c.obj
 *fill*         0x10004b36        0x2 
 .text.stdio_out_chars_crlf
                0x10004b38       0x80 CMakeFiles/regua_encoder.dir/home/desenvolvimento/pico/pico-sdk/src/rp2_common/pico_stdio/stdio.c.obj
 .text.stdio_stack_buffer_flush
                0x10004bb8       0x44 CMakeFiles/regua_encoder.dir/home/desenvolvimento/pico/pico-sdk/src/rp2_common/pico_stdio/stdio.c.obj
 .text.stdio_buffered_printer
                0x10004bfc       0x20 CMakeFiles/regua_encoder.dir/home/desenvolvimento/pico/pico-sdk/src/rp2_common/pico_stdio/stdio.c.obj
 .text.update_us_since_boot
                0x10004c1c       0x24 CMakeFiles/regua_encoder.dir/home/desenvolvimento/pico/pico-sdk/src/rp2_common/pico_stdio/stdio.c.obj
 .text.get_absolute_time
                0x10004c40       0x22 CMakeFiles/regua_encoder.dir/home/desenvolvimento/pico/pico-sdk/src/rp2_common/pico_stdio/stdio.c.obj
 *fill*         0x10004c62        0x2 
 .text.delayed_by_ms
                0x10004c64       0x44 CMakeFiles/regua_encoder.dir/home/desenvolvimento/pico/pico-sdk/src/rp2_common/pico_stdio/stdio.c.obj
 .text.make_timeout_time_ms
                0x10004ca8       0x20 CMakeFiles/regua_encoder.dir/home/desenvolvimento/pico/pico-sdk/src/rp2_common/pico_stdio/stdio.c.obj
 .text.stdout_serialize_begin
                0x10004cc8       0x20 CMakeFiles/regua_encoder.dir/home/desenvolvimento/pico/pico-sdk/src/rp2_common/pico_stdio/stdio.c.obj
                0x10004cc8                stdout_serialize_begin
 .text.stdout_serialize_end
                0x10004ce8       0x10 CMakeFiles/regua_encoder.dir/home/desenvolvimento/pico/pico-sdk/src/rp2_common/pico_stdio/stdio.c.obj
                0x10004ce8                stdout_serialize_end
 .text.stdio_put_string
                0x10004cf8       0x98 CMakeFiles/regua_encoder.dir/home/desenvolvimento/pico/pico-sdk/src/rp2_common/pico_stdio/stdio.c.obj
 .text.stdio_set_driver_enabled
                0x10004d90       0x2c CMakeFiles/regua_encoder.dir/home/desenvolvimento/pico/pico-sdk/src/rp2_common/pico_stdio/stdio.c.obj
                0x10004d90                stdio_set_driver_enabled
 .text.stdio_flush
                0x10004dbc       0x20 CMakeFiles/regua_encoder.dir/home/desenvolvimento/pico/pico-sdk/src/rp2_common/pico_stdio/stdio.c.obj
                0x10004dbc                stdio_flush
 .text.__wrap_puts
                0x10004ddc       0x1e CMakeFiles/regua_encoder.dir/home/desenvolvimento/pico/pico-sdk/src/rp2_common/pico_stdio/stdio.c.obj
                0x10004ddc                __wrap_puts
 *fill*         0x10004dfa        0x2 
 .text.__wrap_vprintf
                0x10004dfc       0x40 CMakeFiles/regua_encoder.dir/home/desenvolvimento/pico/pico-sdk/src/rp2_common/pico_stdio/stdio.c.obj
                0x10004dfc                __wrap_vprintf
 .text.__wrap_printf
                0x10004e3c       0x18 CMakeFiles/regua_encoder.dir/home/desenvolvimento/pico/pico-sdk/src/rp2_common/pico_stdio/stdio.c.obj
                0x10004e3c                __wrap_printf
 .text.stdio_init_all
                0x10004e54        0xe CMakeFiles/regua_encoder.dir/home/desenvolvimento/pico/pico-sdk/src/rp2_common/pico_stdio/stdio.c.obj
                0x10004e54                stdio_init_all
 *fill*         0x10004e62        0x2 
 .text.uart_putc
                0x10004e64       0x60 CMakeFiles/regua_encoder.dir/home/desenvolvimento/pico/pico-sdk/src/rp2_common/pico_stdio_uart/stdio_uart.c.obj
 .text.uart_getc
                0x10004ec4       0x24 CMakeFiles/regua_encoder.dir/home/desenvolvimento/pico/pico-sdk/src/rp2_common/pico_stdio_uart/stdio_uart.c.obj
 .text.stdio_uart_out_chars
                0x10004ee8       0x20 CMakeFiles/regua_encoder.dir/home/desenvolvimento/pico/pico-sdk/src/rp2_common/pico_stdio_uart/stdio_uart.c.obj
 .text.stdio_uart_in_chars
                0x10004f08       0x5c CMakeFiles/regua_encoder.dir/home/desenvolvimento/pico/pico-sdk/src/rp2_common/pico_stdio_uart/stdio_uart.c.obj
                0x10004f08                stdio_uart_in_chars
 .text.on_uart_rx
                0x10004f64       0x28 CMakeFiles/regua_encoder.dir/home/desenvolvimento/pico/pico-sdk/src/rp2_common/pico_stdio_uart/stdio_uart.c.obj
 .text.stdio_uart_set_chars_available_callback
                0x10004f8c       0x8c CMakeFiles/regua_encoder.dir/home/desenvolvimento/pico/pico-sdk/src/rp2_common/pico_stdio_uart/stdio_uart.c.obj
 .text.stdio_uart_init_full
                0x10005018       0x44 CMakeFiles/regua_encoder.dir/home/desenvolvimento/pico/pico-sdk/src/rp2_common/pico_stdio_uart/stdio_uart.c.obj
                0x10005018                stdio_uart_init_full
 .text.stdio_uart_init
                0x1000505c       0x28 CMakeFiles/regua_encoder.dir/home/desenvolvimento/pico/pico-sdk/src/rp2_common/pico_stdio_uart/stdio_uart.c.obj
                0x1000505c                stdio_uart_init
 .text.resetd_init
                0x10005084        0x2 CMakeFiles/regua_encoder.dir/home/desenvolvimento/pico/pico-sdk/src/rp2_common/pico_stdio_usb/reset_interface.c.obj
 *fill*         0x10005086        0x2 
 .text.resetd_reset
                0x10005088        0xc CMakeFiles/regua_encoder.dir/home/desenvolvimento/pico/pico-sdk/src/rp2_common/pico_stdio_usb/reset_interface.c.obj
 .text.resetd_open
                0x10005094       0x34 CMakeFiles/regua_encoder.dir/home/desenvolvimento/pico/pico-sdk/src/rp2_common/pico_stdio_usb/reset_interface.c.obj
 .text.resetd_xfer_cb
                0x100050c8        0x4 CMakeFiles/regua_encoder.dir/home/desenvolvimento/pico/pico-sdk/src/rp2_common/pico_stdio_usb/reset_interface.c.obj
 .text.reset_usb_boot
                0x100050cc       0x18 CMakeFiles/regua_encoder.dir/home/desenvolvimento/pico/pico-sdk/src/rp2_common/pico_stdio_usb/reset_interface.c.obj
 .text.resetd_control_xfer_cb
                0x100050e4       0x5c CMakeFiles/regua_encoder.dir/home/desenvolvimento/pico/pico-sdk/src/rp2_common/pico_stdio_usb/reset_interface.c.obj
 .text.usbd_app_driver_get_cb
                0x10005140        0xc CMakeFiles/regua_encoder.dir/home/desenvolvimento/pico/pico-sdk/src/rp2_common/pico_stdio_usb/reset_interface.c.obj
                0x10005140                usbd_app_driver_get_cb
 .text.tud_cdc_line_coding_cb
                0x1000514c       0x28 CMakeFiles/regua_encoder.dir/home/desenvolvimento/pico/pico-sdk/src/rp2_common/pico_stdio_usb/reset_interface.c.obj
                0x1000514c                tud_cdc_line_coding_cb
 .text.stdio_usb_set_chars_available_callback
                0x10005174       0x14 CMakeFiles/regua_encoder.dir/home/desenvolvimento/pico/pico-sdk/src/rp2_common/pico_stdio_usb/stdio_usb.c.obj
                0x10005174                stdio_usb_set_chars_available_callback
 .text.update_us_since_boot
                0x10005188       0x24 CMakeFiles/regua_encoder.dir/home/desenvolvimento/pico/pico-sdk/src/rp2_common/pico_stdio_usb/stdio_usb.c.obj
 .text.get_absolute_time
                0x100051ac       0x22 CMakeFiles/regua_encoder.dir/home/desenvolvimento/pico/pico-sdk/src/rp2_common/pico_stdio_usb/stdio_usb.c.obj
 *fill*         0x100051ce        0x2 
 .text.delayed_by_ms
                0x100051d0       0x44 CMakeFiles/regua_encoder.dir/home/desenvolvimento/pico/pico-sdk/src/rp2_common/pico_stdio_usb/stdio_usb.c.obj
 .text.make_timeout_time_ms
                0x10005214       0x20 CMakeFiles/regua_encoder.dir/home/desenvolvimento/pico/pico-sdk/src/rp2_common/pico_stdio_usb/stdio_usb.c.obj
 .text.delayed_by_us
                0x10005234       0x34 CMakeFiles/regua_encoder.dir/home/desenvolvimento/pico/pico-sdk/src/rp2_common/pico_stdio_usb/stdio_usb.c.obj
 .text.usb_irq  0x10005268       0x10 CMakeFiles/regua_encoder.dir/home/desenvolvimento/pico/pico-sdk/src/rp2_common/pico_stdio_usb/stdio_usb.c.obj
 .text.critical_section_enter_blocking
                0x10005278       0x16 CMakeFiles/regua_encoder.dir/home/desenvolvimento/pico/pico-sdk/src/rp2_common/pico_stdio_usb/stdio_usb.c.obj
 *fill*         0x1000528e        0x2 
 .text.timer_task
                0x10005290       0x4c CMakeFiles/regua_encoder.dir/home/desenvolvimento/pico/pico-sdk/src/rp2_common/pico_stdio_usb/stdio_usb.c.obj
 .text.alarm_pool_add_alarm_in_us
                0x100052dc       0x3a CMakeFiles/regua_encoder.dir/home/desenvolvimento/pico/pico-sdk/src/rp2_common/pico_stdio_usb/stdio_usb.c.obj
 .text.add_alarm_in_us
                0x10005316       0x2e CMakeFiles/regua_encoder.dir/home/desenvolvimento/pico/pico-sdk/src/rp2_common/pico_stdio_usb/stdio_usb.c.obj
 .text.low_priority_worker_irq
                0x10005344       0x7c CMakeFiles/regua_encoder.dir/home/desenvolvimento/pico/pico-sdk/src/rp2_common/pico_stdio_usb/stdio_usb.c.obj
 .text.tud_cdc_rx_cb
                0x100053c0       0x20 CMakeFiles/regua_encoder.dir/home/desenvolvimento/pico/pico-sdk/src/rp2_common/pico_stdio_usb/stdio_usb.c.obj
                0x100053c0                tud_cdc_rx_cb
 .text.stdio_usb_init
                0x100053e0       0xd0 CMakeFiles/regua_encoder.dir/home/desenvolvimento/pico/pico-sdk/src/rp2_common/pico_stdio_usb/stdio_usb.c.obj
                0x100053e0                stdio_usb_init
 .text.stdio_usb_connected
                0x100054b0        0xa CMakeFiles/regua_encoder.dir/home/desenvolvimento/pico/pico-sdk/src/rp2_common/pico_stdio_usb/stdio_usb.c.obj
                0x100054b0                stdio_usb_connected
 *fill*         0x100054ba        0x2 
 .text.stdio_usb_in_chars
                0x100054bc       0x88 CMakeFiles/regua_encoder.dir/home/desenvolvimento/pico/pico-sdk/src/rp2_common/pico_stdio_usb/stdio_usb.c.obj
                0x100054bc                stdio_usb_in_chars
 .text.stdio_usb_out_chars
                0x10005544       0xd8 CMakeFiles/regua_encoder.dir/home/desenvolvimento/pico/pico-sdk/src/rp2_common/pico_stdio_usb/stdio_usb.c.obj
 .text.tud_descriptor_device_cb
                0x1000561c        0x8 CMakeFiles/regua_encoder.dir/home/desenvolvimento/pico/pico-sdk/src/rp2_common/pico_stdio_usb/stdio_usb_descriptors.c.obj
                0x1000561c                tud_descriptor_device_cb
 .text.tud_descriptor_configuration_cb
                0x10005624        0x8 CMakeFiles/regua_encoder.dir/home/desenvolvimento/pico/pico-sdk/src/rp2_common/pico_stdio_usb/stdio_usb_descriptors.c.obj
                0x10005624                tud_descriptor_configuration_cb
 .text.tud_descriptor_string_cb
                0x1000562c       0x6c CMakeFiles/regua_encoder.dir/home/desenvolvimento/pico/pico-sdk/src/rp2_common/pico_stdio_usb/stdio_usb_descriptors.c.obj
                0x1000562c                tud_descriptor_string_cb
 .text._retrieve_unique_id_on_boot
                0x10005698       0x10 CMakeFiles/regua_encoder.dir/home/desenvolvimento/pico/pico-sdk/src/rp2_common/pico_unique_id/unique_id.c.obj
 .text.pico_get_unique_board_id_string
                0x100056a8       0x5c CMakeFiles/regua_encoder.dir/home/desenvolvimento/pico/pico-sdk/src/rp2_common/pico_unique_id/unique_id.c.obj
                0x100056a8                pico_get_unique_board_id_string
 .text.flash_get_unique_id
                0x10005704       0x46 CMakeFiles/regua_encoder.dir/home/desenvolvimento/pico/pico-sdk/src/rp2_common/hardware_flash/flash.c.obj
                0x10005704                flash_get_unique_id
 *fill*         0x1000574a        0x2 
 .text.hw_endpoint_get_by_addr
                0x1000574c       0x18 CMakeFiles/regua_encoder.dir/home/desenvolvimento/pico/pico-sdk/lib/tinyusb/src/portable/raspberrypi/rp2040/dcd_rp2040.c.obj
 .text._hw_endpoint_alloc
                0x10005764       0x70 CMakeFiles/regua_encoder.dir/home/desenvolvimento/pico/pico-sdk/lib/tinyusb/src/portable/raspberrypi/rp2040/dcd_rp2040.c.obj
 .text.hw_endpoint_init
                0x100057d4       0x88 CMakeFiles/regua_encoder.dir/home/desenvolvimento/pico/pico-sdk/lib/tinyusb/src/portable/raspberrypi/rp2040/dcd_rp2040.c.obj
 .text.dcd_event_sof
                0x1000585c       0x2c CMakeFiles/regua_encoder.dir/home/desenvolvimento/pico/pico-sdk/lib/tinyusb/src/portable/raspberrypi/rp2040/dcd_rp2040.c.obj
 .text.hw_endpoint_xfer
                0x10005888       0x14 CMakeFiles/regua_encoder.dir/home/desenvolvimento/pico/pico-sdk/lib/tinyusb/src/portable/raspberrypi/rp2040/dcd_rp2040.c.obj
 .text.dcd_int_enable
                0x1000589c       0x2c CMakeFiles/regua_encoder.dir/home/desenvolvimento/pico/pico-sdk/lib/tinyusb/src/portable/raspberrypi/rp2040/dcd_rp2040.c.obj
                0x1000589c                dcd_int_enable
 .text.dcd_set_address
                0x100058c8       0x2c CMakeFiles/regua_encoder.dir/home/desenvolvimento/pico/pico-sdk/lib/tinyusb/src/portable/raspberrypi/rp2040/dcd_rp2040.c.obj
                0x100058c8                dcd_set_address
 .text.dcd_connect
                0x100058f4       0x10 CMakeFiles/regua_encoder.dir/home/desenvolvimento/pico/pico-sdk/lib/tinyusb/src/portable/raspberrypi/rp2040/dcd_rp2040.c.obj
                0x100058f4                dcd_connect
 .text.dcd_init
                0x10005904       0x80 CMakeFiles/regua_encoder.dir/home/desenvolvimento/pico/pico-sdk/lib/tinyusb/src/portable/raspberrypi/rp2040/dcd_rp2040.c.obj
                0x10005904                dcd_init
 .text.dcd_edpt0_status_complete
                0x10005984       0x1c CMakeFiles/regua_encoder.dir/home/desenvolvimento/pico/pico-sdk/lib/tinyusb/src/portable/raspberrypi/rp2040/dcd_rp2040.c.obj
                0x10005984                dcd_edpt0_status_complete
 .text.dcd_edpt_open
                0x100059a0       0x40 CMakeFiles/regua_encoder.dir/home/desenvolvimento/pico/pico-sdk/lib/tinyusb/src/portable/raspberrypi/rp2040/dcd_rp2040.c.obj
                0x100059a0                dcd_edpt_open
 .text.dcd_edpt_close_all
                0x100059e0        0x8 CMakeFiles/regua_encoder.dir/home/desenvolvimento/pico/pico-sdk/lib/tinyusb/src/portable/raspberrypi/rp2040/dcd_rp2040.c.obj
                0x100059e0                dcd_edpt_close_all
 .text.dcd_edpt_xfer
                0x100059e8       0x34 CMakeFiles/regua_encoder.dir/home/desenvolvimento/pico/pico-sdk/lib/tinyusb/src/portable/raspberrypi/rp2040/dcd_rp2040.c.obj
                0x100059e8                dcd_edpt_xfer
 .text.dcd_edpt_stall
                0x10005a1c       0x2c CMakeFiles/regua_encoder.dir/home/desenvolvimento/pico/pico-sdk/lib/tinyusb/src/portable/raspberrypi/rp2040/dcd_rp2040.c.obj
                0x10005a1c                dcd_edpt_stall
 .text.dcd_edpt_clear_stall
                0x10005a48       0x20 CMakeFiles/regua_encoder.dir/home/desenvolvimento/pico/pico-sdk/lib/tinyusb/src/portable/raspberrypi/rp2040/dcd_rp2040.c.obj
                0x10005a48                dcd_edpt_clear_stall
 .text.rp2040_usb_init
                0x10005a68       0x4c CMakeFiles/regua_encoder.dir/home/desenvolvimento/pico/pico-sdk/lib/tinyusb/src/portable/raspberrypi/rp2040/rp2040_usb.c.obj
                0x10005a68                rp2040_usb_init
 .text.hw_endpoint_xfer_start
                0x10005ab4       0x50 CMakeFiles/regua_encoder.dir/home/desenvolvimento/pico/pico-sdk/lib/tinyusb/src/portable/raspberrypi/rp2040/rp2040_usb.c.obj
                0x10005ab4                hw_endpoint_xfer_start
 .text.configuration_reset
                0x10005b04       0x84 CMakeFiles/regua_encoder.dir/home/desenvolvimento/pico/pico-sdk/lib/tinyusb/src/device/usbd.c.obj
 .text.critical_section_enter_blocking
                0x10005b88       0x16 CMakeFiles/regua_encoder.dir/home/desenvolvimento/pico/pico-sdk/lib/tinyusb/src/device/usbd.c.obj
 .text.usbd_reset
                0x10005b9e        0xc CMakeFiles/regua_encoder.dir/home/desenvolvimento/pico/pico-sdk/lib/tinyusb/src/device/usbd.c.obj
 .text.invoke_class_control
                0x10005baa       0x1a CMakeFiles/regua_encoder.dir/home/desenvolvimento/pico/pico-sdk/lib/tinyusb/src/device/usbd.c.obj
 .text.process_set_config
                0x10005bc4      0x178 CMakeFiles/regua_encoder.dir/home/desenvolvimento/pico/pico-sdk/lib/tinyusb/src/device/usbd.c.obj
 .text.process_get_descriptor
                0x10005d3c       0xdc CMakeFiles/regua_encoder.dir/home/desenvolvimento/pico/pico-sdk/lib/tinyusb/src/device/usbd.c.obj
 .text.tud_mounted
                0x10005e18       0x10 CMakeFiles/regua_encoder.dir/home/desenvolvimento/pico/pico-sdk/lib/tinyusb/src/device/usbd.c.obj
                0x10005e18                tud_mounted
 .text.tud_suspended
                0x10005e28       0x10 CMakeFiles/regua_encoder.dir/home/desenvolvimento/pico/pico-sdk/lib/tinyusb/src/device/usbd.c.obj
                0x10005e28                tud_suspended
 .text.tud_inited
                0x10005e38       0x14 CMakeFiles/regua_encoder.dir/home/desenvolvimento/pico/pico-sdk/lib/tinyusb/src/device/usbd.c.obj
                0x10005e38                tud_inited
 .text.tud_init
                0x10005e4c       0xcc CMakeFiles/regua_encoder.dir/home/desenvolvimento/pico/pico-sdk/lib/tinyusb/src/device/usbd.c.obj
                0x10005e4c                tud_init
 .text.usbd_defer_func
                0x10005f18       0x2a CMakeFiles/regua_encoder.dir/home/desenvolvimento/pico/pico-sdk/lib/tinyusb/src/device/usbd.c.obj
                0x10005f18                usbd_defer_func
 *fill*         0x10005f42        0x2 
 .text.usbd_edpt_open
                0x10005f44       0x34 CMakeFiles/regua_encoder.dir/home/desenvolvimento/pico/pico-sdk/lib/tinyusb/src/device/usbd.c.obj
                0x10005f44                usbd_edpt_open
 .text.usbd_open_edpt_pair
                0x10005f78       0x62 CMakeFiles/regua_encoder.dir/home/desenvolvimento/pico/pico-sdk/lib/tinyusb/src/device/usbd.c.obj
                0x10005f78                usbd_open_edpt_pair
 *fill*         0x10005fda        0x2 
 .text.usbd_edpt_claim
                0x10005fdc       0x28 CMakeFiles/regua_encoder.dir/home/desenvolvimento/pico/pico-sdk/lib/tinyusb/src/device/usbd.c.obj
                0x10005fdc                usbd_edpt_claim
 .text.usbd_edpt_release
                0x10006004       0x28 CMakeFiles/regua_encoder.dir/home/desenvolvimento/pico/pico-sdk/lib/tinyusb/src/device/usbd.c.obj
                0x10006004                usbd_edpt_release
 .text.usbd_edpt_xfer
                0x1000602c       0x78 CMakeFiles/regua_encoder.dir/home/desenvolvimento/pico/pico-sdk/lib/tinyusb/src/device/usbd.c.obj
                0x1000602c                usbd_edpt_xfer
 .text.usbd_edpt_stall
                0x100060a4       0x48 CMakeFiles/regua_encoder.dir/home/desenvolvimento/pico/pico-sdk/lib/tinyusb/src/device/usbd.c.obj
                0x100060a4                usbd_edpt_stall
 .text.usbd_edpt_clear_stall
                0x100060ec       0x48 CMakeFiles/regua_encoder.dir/home/desenvolvimento/pico/pico-sdk/lib/tinyusb/src/device/usbd.c.obj
                0x100060ec                usbd_edpt_clear_stall
 .text.usbd_edpt_stalled
                0x10006134       0x1c CMakeFiles/regua_encoder.dir/home/desenvolvimento/pico/pico-sdk/lib/tinyusb/src/device/usbd.c.obj
                0x10006134                usbd_edpt_stalled
 .text.process_control_request
                0x10006150      0x374 CMakeFiles/regua_encoder.dir/home/desenvolvimento/pico/pico-sdk/lib/tinyusb/src/device/usbd.c.obj
 .text.tud_task_ext
                0x100064c4      0x1a8 CMakeFiles/regua_encoder.dir/home/desenvolvimento/pico/pico-sdk/lib/tinyusb/src/device/usbd.c.obj
                0x100064c4                tud_task_ext
 .text._status_stage_xact
                0x1000666c       0x1a CMakeFiles/regua_encoder.dir/home/desenvolvimento/pico/pico-sdk/lib/tinyusb/src/device/usbd_control.c.obj
 *fill*         0x10006686        0x2 
 .text._data_stage_xact
                0x10006688       0x58 CMakeFiles/regua_encoder.dir/home/desenvolvimento/pico/pico-sdk/lib/tinyusb/src/device/usbd_control.c.obj
 .text.tud_control_status
                0x100066e0       0x28 CMakeFiles/regua_encoder.dir/home/desenvolvimento/pico/pico-sdk/lib/tinyusb/src/device/usbd_control.c.obj
                0x100066e0                tud_control_status
 .text.tud_control_xfer
                0x10006708       0x68 CMakeFiles/regua_encoder.dir/home/desenvolvimento/pico/pico-sdk/lib/tinyusb/src/device/usbd_control.c.obj
                0x10006708                tud_control_xfer
 .text.usbd_control_reset
                0x10006770       0x14 CMakeFiles/regua_encoder.dir/home/desenvolvimento/pico/pico-sdk/lib/tinyusb/src/device/usbd_control.c.obj
                0x10006770                usbd_control_reset
 .text.usbd_control_set_complete_callback
                0x10006784        0xc CMakeFiles/regua_encoder.dir/home/desenvolvimento/pico/pico-sdk/lib/tinyusb/src/device/usbd_control.c.obj
                0x10006784                usbd_control_set_complete_callback
 .text.usbd_control_set_request
                0x10006790       0x1c CMakeFiles/regua_encoder.dir/home/desenvolvimento/pico/pico-sdk/lib/tinyusb/src/device/usbd_control.c.obj
                0x10006790                usbd_control_set_request
 .text.usbd_control_xfer_cb
                0x100067ac       0xbc CMakeFiles/regua_encoder.dir/home/desenvolvimento/pico/pico-sdk/lib/tinyusb/src/device/usbd_control.c.obj
                0x100067ac                usbd_control_xfer_cb
 .text._prep_out_transaction
                0x10006868       0x4a CMakeFiles/regua_encoder.dir/home/desenvolvimento/pico/pico-sdk/lib/tinyusb/src/class/cdc/cdc_device.c.obj
 *fill*         0x100068b2        0x2 
 .text.tud_cdc_n_connected
                0x100068b4       0x38 CMakeFiles/regua_encoder.dir/home/desenvolvimento/pico/pico-sdk/lib/tinyusb/src/class/cdc/cdc_device.c.obj
                0x100068b4                tud_cdc_n_connected
 .text.tud_cdc_n_available
                0x100068ec       0x18 CMakeFiles/regua_encoder.dir/home/desenvolvimento/pico/pico-sdk/lib/tinyusb/src/class/cdc/cdc_device.c.obj
                0x100068ec                tud_cdc_n_available
 .text.tud_cdc_n_read
                0x10006904       0x28 CMakeFiles/regua_encoder.dir/home/desenvolvimento/pico/pico-sdk/lib/tinyusb/src/class/cdc/cdc_device.c.obj
                0x10006904                tud_cdc_n_read
 .text.tud_cdc_n_write_flush
                0x1000692c       0xb8 CMakeFiles/regua_encoder.dir/home/desenvolvimento/pico/pico-sdk/lib/tinyusb/src/class/cdc/cdc_device.c.obj
                0x1000692c                tud_cdc_n_write_flush
 .text.tud_cdc_n_write
                0x100069e4       0x38 CMakeFiles/regua_encoder.dir/home/desenvolvimento/pico/pico-sdk/lib/tinyusb/src/class/cdc/cdc_device.c.obj
                0x100069e4                tud_cdc_n_write
 .text.tud_cdc_n_write_available
                0x10006a1c       0x1c CMakeFiles/regua_encoder.dir/home/desenvolvimento/pico/pico-sdk/lib/tinyusb/src/class/cdc/cdc_device.c.obj
                0x10006a1c                tud_cdc_n_write_available
 .text.cdcd_init
                0x10006a38       0xbc CMakeFiles/regua_encoder.dir/home/desenvolvimento/pico/pico-sdk/lib/tinyusb/src/class/cdc/cdc_device.c.obj
                0x10006a38                cdcd_init
 .text.cdcd_reset
                0x10006af4       0x44 CMakeFiles/regua_encoder.dir/home/desenvolvimento/pico/pico-sdk/lib/tinyusb/src/class/cdc/cdc_device.c.obj
                0x10006af4                cdcd_reset
 .text.cdcd_open
                0x10006b38       0xc4 CMakeFiles/regua_encoder.dir/home/desenvolvimento/pico/pico-sdk/lib/tinyusb/src/class/cdc/cdc_device.c.obj
                0x10006b38                cdcd_open
 .text.cdcd_control_xfer_cb
                0x10006bfc      0x134 CMakeFiles/regua_encoder.dir/home/desenvolvimento/pico/pico-sdk/lib/tinyusb/src/class/cdc/cdc_device.c.obj
                0x10006bfc                cdcd_control_xfer_cb
 .text.cdcd_xfer_cb
                0x10006d30      0x130 CMakeFiles/regua_encoder.dir/home/desenvolvimento/pico/pico-sdk/lib/tinyusb/src/class/cdc/cdc_device.c.obj
                0x10006d30                cdcd_xfer_cb
 .text.tusb_init
                0x10006e60        0xa CMakeFiles/regua_encoder.dir/home/desenvolvimento/pico/pico-sdk/lib/tinyusb/src/tusb.c.obj
                0x10006e60                tusb_init
 .text.tusb_inited
                0x10006e6a        0xe CMakeFiles/regua_encoder.dir/home/desenvolvimento/pico/pico-sdk/lib/tinyusb/src/tusb.c.obj
                0x10006e6a                tusb_inited
 .text.tu_edpt_claim
                0x10006e78       0x50 CMakeFiles/regua_encoder.dir/home/desenvolvimento/pico/pico-sdk/lib/tinyusb/src/tusb.c.obj
                0x10006e78                tu_edpt_claim
 .text.tu_edpt_release
                0x10006ec8       0x38 CMakeFiles/regua_encoder.dir/home/desenvolvimento/pico/pico-sdk/lib/tinyusb/src/tusb.c.obj
                0x10006ec8                tu_edpt_release
 .text.tu_edpt_validate
                0x10006f00       0x78 CMakeFiles/regua_encoder.dir/home/desenvolvimento/pico/pico-sdk/lib/tinyusb/src/tusb.c.obj
                0x10006f00                tu_edpt_validate
 .text.tu_edpt_bind_driver
                0x10006f78       0x26 CMakeFiles/regua_encoder.dir/home/desenvolvimento/pico/pico-sdk/lib/tinyusb/src/tusb.c.obj
                0x10006f78                tu_edpt_bind_driver
 .text.advance_index
                0x10006f9e       0x1a CMakeFiles/regua_encoder.dir/home/desenvolvimento/pico/pico-sdk/lib/tinyusb/src/common/tusb_fifo.c.obj
 .text._tu_fifo_peek
                0x10006fb8       0x56 CMakeFiles/regua_encoder.dir/home/desenvolvimento/pico/pico-sdk/lib/tinyusb/src/common/tusb_fifo.c.obj
 .text._ff_pull_const_addr
                0x1000700e       0x4c CMakeFiles/regua_encoder.dir/home/desenvolvimento/pico/pico-sdk/lib/tinyusb/src/common/tusb_fifo.c.obj
 .text._ff_pull_n
                0x1000705a      0x110 CMakeFiles/regua_encoder.dir/home/desenvolvimento/pico/pico-sdk/lib/tinyusb/src/common/tusb_fifo.c.obj
 .text._tu_fifo_peek_n
                0x1000716a       0x6a CMakeFiles/regua_encoder.dir/home/desenvolvimento/pico/pico-sdk/lib/tinyusb/src/common/tusb_fifo.c.obj
 .text._tu_fifo_read_n
                0x100071d4       0x4e CMakeFiles/regua_encoder.dir/home/desenvolvimento/pico/pico-sdk/lib/tinyusb/src/common/tusb_fifo.c.obj
 .text._ff_push_const_addr
                0x10007222       0x40 CMakeFiles/regua_encoder.dir/home/desenvolvimento/pico/pico-sdk/lib/tinyusb/src/common/tusb_fifo.c.obj
 .text._ff_push_n
                0x10007262      0x10c CMakeFiles/regua_encoder.dir/home/desenvolvimento/pico/pico-sdk/lib/tinyusb/src/common/tusb_fifo.c.obj
 .text._tu_fifo_write_n
                0x1000736e       0xf0 CMakeFiles/regua_encoder.dir/home/desenvolvimento/pico/pico-sdk/lib/tinyusb/src/common/tusb_fifo.c.obj
 .text.tu_fifo_config
                0x1000745e       0x7c CMakeFiles/regua_encoder.dir/home/desenvolvimento/pico/pico-sdk/lib/tinyusb/src/common/tusb_fifo.c.obj
                0x1000745e                tu_fifo_config
 .text.tu_fifo_count
                0x100074da       0x2a CMakeFiles/regua_encoder.dir/home/desenvolvimento/pico/pico-sdk/lib/tinyusb/src/common/tusb_fifo.c.obj
                0x100074da                tu_fifo_count
 .text.tu_fifo_empty
                0x10007504        0xe CMakeFiles/regua_encoder.dir/home/desenvolvimento/pico/pico-sdk/lib/tinyusb/src/common/tusb_fifo.c.obj
                0x10007504                tu_fifo_empty
 .text.tu_fifo_full
                0x10007512       0x28 CMakeFiles/regua_encoder.dir/home/desenvolvimento/pico/pico-sdk/lib/tinyusb/src/common/tusb_fifo.c.obj
                0x10007512                tu_fifo_full
 .text.tu_fifo_remaining
                0x1000753a       0x2c CMakeFiles/regua_encoder.dir/home/desenvolvimento/pico/pico-sdk/lib/tinyusb/src/common/tusb_fifo.c.obj
                0x1000753a                tu_fifo_remaining
 .text.tu_fifo_read
                0x10007566       0x42 CMakeFiles/regua_encoder.dir/home/desenvolvimento/pico/pico-sdk/lib/tinyusb/src/common/tusb_fifo.c.obj
                0x10007566                tu_fifo_read
 .text.tu_fifo_read_n
                0x100075a8        0xa CMakeFiles/regua_encoder.dir/home/desenvolvimento/pico/pico-sdk/lib/tinyusb/src/common/tusb_fifo.c.obj
                0x100075a8                tu_fifo_read_n
 .text.tu_fifo_write
                0x100075b2       0x64 CMakeFiles/regua_encoder.dir/home/desenvolvimento/pico/pico-sdk/lib/tinyusb/src/common/tusb_fifo.c.obj
                0x100075b2                tu_fifo_write
 .text.tu_fifo_write_n
                0x10007616        0xa CMakeFiles/regua_encoder.dir/home/desenvolvimento/pico/pico-sdk/lib/tinyusb/src/common/tusb_fifo.c.obj
                0x10007616                tu_fifo_write_n
 .text.tu_fifo_clear
                0x10007620       0x3e CMakeFiles/regua_encoder.dir/home/desenvolvimento/pico/pico-sdk/lib/tinyusb/src/common/tusb_fifo.c.obj
                0x10007620                tu_fifo_clear
 .text.tu_fifo_set_overwritable
                0x1000765e       0x46 CMakeFiles/regua_encoder.dir/home/desenvolvimento/pico/pico-sdk/lib/tinyusb/src/common/tusb_fifo.c.obj
                0x1000765e                tu_fifo_set_overwritable
 .text.core1_trampoline
                0x100076a4        0x2 CMakeFiles/regua_encoder.dir/home/desenvolvimento/pico/pico-sdk/src/rp2_common/pico_multicore/multicore.c.obj
 .text.core1_wrapper
                0x100076a6        0xc CMakeFiles/regua_encoder.dir/home/desenvolvimento/pico/pico-sdk/src/rp2_common/pico_multicore/multicore.c.obj
                0x100076a6                core1_wrapper
 .text.multicore_fifo_push_blocking
                0x100076b2       0x14 CMakeFiles/regua_encoder.dir/home/desenvolvimento/pico/pico-sdk/src/rp2_common/pico_multicore/multicore.c.obj
                0x100076b2                multicore_fifo_push_blocking
 .text.multicore_fifo_pop_blocking
                0x100076c6       0x16 CMakeFiles/regua_encoder.dir/home/desenvolvimento/pico/pico-sdk/src/rp2_common/pico_multicore/multicore.c.obj
                0x100076c6                multicore_fifo_pop_blocking
 .text.multicore_launch_core1_raw
                0x100076dc       0x70 CMakeFiles/regua_encoder.dir/home/desenvolvimento/pico/pico-sdk/src/rp2_common/pico_multicore/multicore.c.obj
                0x100076dc                multicore_launch_core1_raw
 .text.multicore_launch_core1_with_stack
                0x1000774c       0x50 CMakeFiles/regua_encoder.dir/home/desenvolvimento/pico/pico-sdk/src/rp2_common/pico_multicore/multicore.c.obj
                0x1000774c                multicore_launch_core1_with_stack
 .text.multicore_launch_core1
                0x1000779c       0x24 CMakeFiles/regua_encoder.dir/home/desenvolvimento/pico/pico-sdk/src/rp2_common/pico_multicore/multicore.c.obj
                0x1000779c                multicore_launch_core1
 .text          0x100077c0       0x5c /usr/lib/gcc/arm-none-eabi/12.2.1/../../../arm-none-eabi/lib/thumb/v6-m/nofp/libg.a(lib_a-strlen-stub.o)
                0x100077c0                strlen
 *(.fini)
 .fini          0x1000781c        0x4 /usr/lib/gcc/arm-none-eabi/12.2.1/thumb/v6-m/nofp/crti.o
                0x1000781c                _fini
 .fini.__stub   0x10007820       0xe0 linker stubs
 *crtbegin.o(.ctors)
 *crtbegin?.o(.ctors)
 *(EXCLUDE_FILE(*crtend.o *crtend?.o) .ctors)
 *(SORT_BY_NAME(.ctors.*))
 *(.ctors)
 *crtbegin.o(.dtors)
 *crtbegin?.o(.dtors)
 *(EXCLUDE_FILE(*crtend.o *crtend?.o) .dtors)
 *(SORT_BY_NAME(.dtors.*))
 *(.dtors)
 *(.eh_frame*)
 .eh_frame      0x10007900        0x0 /usr/lib/gcc/arm-none-eabi/12.2.1/thumb/v6-m/nofp/crtbegin.o
                0x10007900                        . = ALIGN (0x4)

.glue_7         0x10007900        0x0
 .glue_7        0x10007900        0x0 linker stubs

.glue_7t        0x10007900        0x0
 .glue_7t       0x10007900        0x0 linker stubs

.vfp11_veneer   0x10007900        0x0
 .vfp11_veneer  0x10007900        0x0 linker stubs

.v4_bx          0x10007900        0x0
 .v4_bx         0x10007900        0x0 linker stubs

.iplt           0x10007900        0x0
 .iplt          0x10007900        0x0 /usr/lib/gcc/arm-none-eabi/12.2.1/thumb/v6-m/nofp/crtbegin.o

.rodata         0x10007900     0x1704
 *(EXCLUDE_FILE(*libm.a: *libc.a:*lib_a-mem*.o *libgcc.a:) .rodata*)
 .rodata.set_sys_clock_khz.str1.4
                0x10007900       0x32 CMakeFiles/regua_encoder.dir/encoder.c.obj
 *fill*         0x10007932        0x2 
 .rodata.rs485_communication.str1.4
                0x10007934       0x14 CMakeFiles/regua_encoder.dir/encoder.c.obj
                                 0x1c (size before relaxing)
 .rodata.rs485_communication
                0x10007948       0x20 CMakeFiles/regua_encoder.dir/encoder.c.obj
 .rodata.spin_lock_claim_unused.str1.4
                0x10007968       0x1b CMakeFiles/regua_encoder.dir/home/desenvolvimento/pico/pico-sdk/src/rp2_common/hardware_sync/sync.c.obj
 *fill*         0x10007983        0x1 
 .rodata.resolve_branch.str1.4
                0x10007984       0x5e CMakeFiles/regua_encoder.dir/home/desenvolvimento/pico/pico-sdk/src/rp2_common/hardware_irq/irq.c.obj
 *fill*         0x100079e2        0x2 
 .rodata.make_branch.str1.4
                0x100079e4       0x30 CMakeFiles/regua_encoder.dir/home/desenvolvimento/pico/pico-sdk/src/rp2_common/hardware_irq/irq.c.obj
 .rodata.insert_branch_and_link.str1.4
                0x10007a14       0x10 CMakeFiles/regua_encoder.dir/home/desenvolvimento/pico/pico-sdk/src/rp2_common/hardware_irq/irq.c.obj
 .rodata.irq_set_exclusive_handler.str1.4
                0x10007a24       0x36 CMakeFiles/regua_encoder.dir/home/desenvolvimento/pico/pico-sdk/src/rp2_common/hardware_irq/irq.c.obj
 *fill*         0x10007a5a        0x2 
 .rodata.irq_add_shared_handler.str1.4
                0x10007a5c       0xc2 CMakeFiles/regua_encoder.dir/home/desenvolvimento/pico/pico-sdk/src/rp2_common/hardware_irq/irq.c.obj
 *fill*         0x10007b1e        0x2 
 .rodata.irq_remove_handler.str1.4
                0x10007b20       0x3a CMakeFiles/regua_encoder.dir/home/desenvolvimento/pico/pico-sdk/src/rp2_common/hardware_irq/irq.c.obj
 *fill*         0x10007b5a        0x2 
 .rodata.irq_add_tail_to_free_list.str1.4
                0x10007b5c       0x3a CMakeFiles/regua_encoder.dir/home/desenvolvimento/pico/pico-sdk/src/rp2_common/hardware_irq/irq.c.obj
 *fill*         0x10007b96        0x2 
 .rodata.user_irq_claim_unused.str1.4
                0x10007b98       0x1b CMakeFiles/regua_encoder.dir/home/desenvolvimento/pico/pico-sdk/src/rp2_common/hardware_irq/irq.c.obj
 *fill*         0x10007bb3        0x1 
 .rodata.__func__.0
                0x10007bb4       0x1a CMakeFiles/regua_encoder.dir/home/desenvolvimento/pico/pico-sdk/src/rp2_common/hardware_irq/irq.c.obj
 *fill*         0x10007bce        0x2 
 .rodata.__func__.1
                0x10007bd0       0x17 CMakeFiles/regua_encoder.dir/home/desenvolvimento/pico/pico-sdk/src/rp2_common/hardware_irq/irq.c.obj
 *fill*         0x10007be7        0x1 
 .rodata.__func__.2
                0x10007be8       0x13 CMakeFiles/regua_encoder.dir/home/desenvolvimento/pico/pico-sdk/src/rp2_common/hardware_irq/irq.c.obj
 *fill*         0x10007bfb        0x1 
 .rodata.__func__.3
                0x10007bfc        0xc CMakeFiles/regua_encoder.dir/home/desenvolvimento/pico/pico-sdk/src/rp2_common/hardware_irq/irq.c.obj
 .rodata.__func__.4
                0x10007c08        0xf CMakeFiles/regua_encoder.dir/home/desenvolvimento/pico/pico-sdk/src/rp2_common/hardware_irq/irq.c.obj
 *fill*         0x10007c17        0x1 
 .rodata.__func__.5
                0x10007c18       0x17 CMakeFiles/regua_encoder.dir/home/desenvolvimento/pico/pico-sdk/src/rp2_common/hardware_irq/irq.c.obj
 *fill*         0x10007c2f        0x1 
 .rodata.__func__.6
                0x10007c30       0x1a CMakeFiles/regua_encoder.dir/home/desenvolvimento/pico/pico-sdk/src/rp2_common/hardware_irq/irq.c.obj
 *fill*         0x10007c4a        0x2 
 .rodata.update_us_since_boot.str1.4
                0x10007c4c       0x6a CMakeFiles/regua_encoder.dir/home/desenvolvimento/pico/pico-sdk/src/common/pico_sync/mutex.c.obj
 *fill*         0x10007cb6        0x2 
 .rodata.str1.4
                0x10007cb8       0x95 CMakeFiles/regua_encoder.dir/home/desenvolvimento/pico/pico-sdk/src/common/pico_sync/mutex.c.obj
 *fill*         0x10007d4d        0x3 
 .rodata.__func__.1
                0x10007d50        0xb CMakeFiles/regua_encoder.dir/home/desenvolvimento/pico/pico-sdk/src/common/pico_sync/mutex.c.obj
 *fill*         0x10007d5b        0x1 
 .rodata.__func__.3
                0x10007d5c       0x18 CMakeFiles/regua_encoder.dir/home/desenvolvimento/pico/pico-sdk/src/common/pico_sync/mutex.c.obj
 .rodata.__func__.4
                0x10007d74       0x15 CMakeFiles/regua_encoder.dir/home/desenvolvimento/pico/pico-sdk/src/common/pico_sync/mutex.c.obj
 *fill*         0x10007d89        0x3 
 .rodata.get_entry.str1.4
                0x10007d8c       0x64 CMakeFiles/regua_encoder.dir/home/desenvolvimento/pico/pico-sdk/src/common/pico_time/time.c.obj
 .rodata.update_us_since_boot.str1.4
                0x10007df0       0x6a CMakeFiles/regua_encoder.dir/home/desenvolvimento/pico/pico-sdk/src/common/pico_time/time.c.obj
 .rodata.ph_get_node.str1.4
                0x10007df0       0x6f CMakeFiles/regua_encoder.dir/home/desenvolvimento/pico/pico-sdk/src/common/pico_time/time.c.obj
 *fill*         0x10007e5f        0x1 
 .rodata.ph_add_child_node.str1.4
                0x10007e60       0x2e CMakeFiles/regua_encoder.dir/home/desenvolvimento/pico/pico-sdk/src/common/pico_time/time.c.obj
 *fill*         0x10007e8e        0x2 
 .rodata.ph_insert_node.str1.4
                0x10007e90        0x3 CMakeFiles/regua_encoder.dir/home/desenvolvimento/pico/pico-sdk/src/common/pico_time/time.c.obj
 *fill*         0x10007e93        0x1 
 .rodata.ph_free_node.str1.4
                0x10007e94       0x38 CMakeFiles/regua_encoder.dir/home/desenvolvimento/pico/pico-sdk/src/common/pico_time/time.c.obj
 .rodata.add_alarm_under_lock.str1.4
                0x10007ecc       0x28 CMakeFiles/regua_encoder.dir/home/desenvolvimento/pico/pico-sdk/src/common/pico_time/time.c.obj
 .rodata.alarm_pool_alarm_callback.str1.4
                0x10007ef4       0x60 CMakeFiles/regua_encoder.dir/home/desenvolvimento/pico/pico-sdk/src/common/pico_time/time.c.obj
 .rodata.alarm_pool_get_default.str1.4
                0x10007f54       0x21 CMakeFiles/regua_encoder.dir/home/desenvolvimento/pico/pico-sdk/src/common/pico_time/time.c.obj
 *fill*         0x10007f75        0x3 
 .rodata.alarm_pool_cancel_alarm.str1.4
                0x10007f78       0x27 CMakeFiles/regua_encoder.dir/home/desenvolvimento/pico/pico-sdk/src/common/pico_time/time.c.obj
 *fill*         0x10007f9f        0x1 
 .rodata.sleep_until.str1.4
                0x10007fa0       0x4d CMakeFiles/regua_encoder.dir/home/desenvolvimento/pico/pico-sdk/src/common/pico_time/time.c.obj
 *fill*         0x10007fed        0x3 
 .rodata.__func__.1
                0x10007ff0       0x18 CMakeFiles/regua_encoder.dir/home/desenvolvimento/pico/pico-sdk/src/common/pico_time/time.c.obj
 .rodata.__func__.3
                0x10008008       0x17 CMakeFiles/regua_encoder.dir/home/desenvolvimento/pico/pico-sdk/src/common/pico_time/time.c.obj
 *fill*         0x1000801f        0x1 
 .rodata.__func__.4
                0x10008020       0x12 CMakeFiles/regua_encoder.dir/home/desenvolvimento/pico/pico-sdk/src/common/pico_time/time.c.obj
 *fill*         0x10008032        0x2 
 .rodata.__func__.5
                0x10008034        0xd CMakeFiles/regua_encoder.dir/home/desenvolvimento/pico/pico-sdk/src/common/pico_time/time.c.obj
 *fill*         0x10008041        0x3 
 .rodata.__func__.6
                0x10008044       0x12 CMakeFiles/regua_encoder.dir/home/desenvolvimento/pico/pico-sdk/src/common/pico_time/time.c.obj
 *fill*         0x10008056        0x2 
 .rodata.__func__.7
                0x10008058        0xf CMakeFiles/regua_encoder.dir/home/desenvolvimento/pico/pico-sdk/src/common/pico_time/time.c.obj
 *fill*         0x10008067        0x1 
 .rodata.__func__.8
                0x10008068        0xc CMakeFiles/regua_encoder.dir/home/desenvolvimento/pico/pico-sdk/src/common/pico_time/time.c.obj
 .rodata.__func__.9
                0x10008074       0x15 CMakeFiles/regua_encoder.dir/home/desenvolvimento/pico/pico-sdk/src/common/pico_time/time.c.obj
 *fill*         0x10008089        0x3 
 .rodata.__func__.10
                0x1000808c       0x15 CMakeFiles/regua_encoder.dir/home/desenvolvimento/pico/pico-sdk/src/common/pico_time/time.c.obj
 *fill*         0x100080a1        0x3 
 .rodata.__func__.11
                0x100080a4       0x1a CMakeFiles/regua_encoder.dir/home/desenvolvimento/pico/pico-sdk/src/common/pico_time/time.c.obj
 *fill*         0x100080be        0x2 
 .rodata.__func__.12
                0x100080c0        0xa CMakeFiles/regua_encoder.dir/home/desenvolvimento/pico/pico-sdk/src/common/pico_time/time.c.obj
 .rodata.update_us_since_boot.str1.4
                0x100080ca       0x6a CMakeFiles/regua_encoder.dir/home/desenvolvimento/pico/pico-sdk/src/rp2_common/hardware_timer/timer.c.obj
 *fill*         0x100080ca        0x2 
 .rodata.hardware_alarm_claim.str1.4
                0x100080cc       0x22 CMakeFiles/regua_encoder.dir/home/desenvolvimento/pico/pico-sdk/src/rp2_common/hardware_timer/timer.c.obj
 *fill*         0x100080ee        0x2 
 .rodata.hardware_alarm_set_target.str1.4
                0x100080f0       0x6e CMakeFiles/regua_encoder.dir/home/desenvolvimento/pico/pico-sdk/src/rp2_common/hardware_timer/timer.c.obj
 *fill*         0x1000815e        0x2 
 .rodata.__func__.0
                0x10008160       0x1a CMakeFiles/regua_encoder.dir/home/desenvolvimento/pico/pico-sdk/src/rp2_common/hardware_timer/timer.c.obj
 *fill*         0x1000817a        0x2 
 .rodata.__func__.1
                0x1000817c       0x15 CMakeFiles/regua_encoder.dir/home/desenvolvimento/pico/pico-sdk/src/rp2_common/hardware_timer/timer.c.obj
 .rodata.ph_get_node.str1.4
                0x10008191       0x6f CMakeFiles/regua_encoder.dir/home/desenvolvimento/pico/pico-sdk/src/common/pico_util/pheap.c.obj
 .rodata.ph_add_child_node.str1.4
                0x10008191       0x2e CMakeFiles/regua_encoder.dir/home/desenvolvimento/pico/pico-sdk/src/common/pico_util/pheap.c.obj
 *fill*         0x10008191        0x3 
 .rodata.ph_remove_any_head.str1.4
                0x10008194       0x98 CMakeFiles/regua_encoder.dir/home/desenvolvimento/pico/pico-sdk/src/common/pico_util/pheap.c.obj
                                 0xac (size before relaxing)
 .rodata.ph_remove_and_free_node.str1.4
                0x1000822c       0x1e CMakeFiles/regua_encoder.dir/home/desenvolvimento/pico/pico-sdk/src/common/pico_util/pheap.c.obj
                                 0x26 (size before relaxing)
 *fill*         0x1000824a        0x2 
 .rodata.__func__.0
                0x1000824c       0x18 CMakeFiles/regua_encoder.dir/home/desenvolvimento/pico/pico-sdk/src/common/pico_util/pheap.c.obj
 .rodata.__func__.1
                0x10008264       0x13 CMakeFiles/regua_encoder.dir/home/desenvolvimento/pico/pico-sdk/src/common/pico_util/pheap.c.obj
 *fill*         0x10008277        0x1 
 .rodata.__func__.2
                0x10008278       0x12 CMakeFiles/regua_encoder.dir/home/desenvolvimento/pico/pico-sdk/src/common/pico_util/pheap.c.obj
 *fill*         0x1000828a        0x2 
 .rodata.__func__.3
                0x1000828c        0xc CMakeFiles/regua_encoder.dir/home/desenvolvimento/pico/pico-sdk/src/common/pico_util/pheap.c.obj
 .rodata.clock_configure.str1.4
                0x10008298       0x60 CMakeFiles/regua_encoder.dir/home/desenvolvimento/pico/pico-sdk/src/rp2_common/hardware_clocks/clocks.c.obj
 .rodata.__func__.1
                0x100082f8       0x10 CMakeFiles/regua_encoder.dir/home/desenvolvimento/pico/pico-sdk/src/rp2_common/hardware_clocks/clocks.c.obj
 .rodata.pll_init.str1.4
                0x10008308      0x12c CMakeFiles/regua_encoder.dir/home/desenvolvimento/pico/pico-sdk/src/rp2_common/hardware_pll/pll.c.obj
 .rodata.__func__.0
                0x10008434        0x9 CMakeFiles/regua_encoder.dir/home/desenvolvimento/pico/pico-sdk/src/rp2_common/hardware_pll/pll.c.obj
 *fill*         0x1000843d        0x3 
 .rodata.__assert_func.str1.4
                0x10008440       0x3f CMakeFiles/regua_encoder.dir/home/desenvolvimento/pico/pico-sdk/src/rp2_common/pico_runtime/runtime.c.obj
                                 0x43 (size before relaxing)
 *fill*         0x1000847f        0x1 
 .rodata.runtime_init.str1.4
                0x10008480       0x6a CMakeFiles/regua_encoder.dir/home/desenvolvimento/pico/pico-sdk/src/rp2_common/pico_runtime/runtime.c.obj
 *fill*         0x100084ea        0x2 
 .rodata.panic.str1.4
                0x100084ec       0x12 CMakeFiles/regua_encoder.dir/home/desenvolvimento/pico/pico-sdk/src/rp2_common/pico_runtime/runtime.c.obj
 *fill*         0x100084fe        0x2 
 .rodata.__func__.2
                0x10008500        0xd CMakeFiles/regua_encoder.dir/home/desenvolvimento/pico/pico-sdk/src/rp2_common/pico_runtime/runtime.c.obj
 *fill*         0x1000850d        0x3 
 .rodata._ftoa.str1.4
                0x10008510       0x15 CMakeFiles/regua_encoder.dir/home/desenvolvimento/pico/pico-sdk/src/rp2_common/pico_printf/printf.c.obj
 *fill*         0x10008525        0x3 
 .rodata._vsnprintf
                0x10008528      0x19c CMakeFiles/regua_encoder.dir/home/desenvolvimento/pico/pico-sdk/src/rp2_common/pico_printf/printf.c.obj
 *fill*         0x100086c4        0x4 
 .rodata.pow10.0
                0x100086c8       0x50 CMakeFiles/regua_encoder.dir/home/desenvolvimento/pico/pico-sdk/src/rp2_common/pico_printf/printf.c.obj
 .rodata.__aeabi_double_init.str1.4
                0x10008718       0xa5 CMakeFiles/regua_encoder.dir/home/desenvolvimento/pico/pico-sdk/src/rp2_common/pico_double/double_init_rom.c.obj
 *fill*         0x100087bd        0x3 
 .rodata.__func__.0
                0x100087c0       0x14 CMakeFiles/regua_encoder.dir/home/desenvolvimento/pico/pico-sdk/src/rp2_common/pico_double/double_init_rom.c.obj
 .rodata.__aeabi_float_init.str1.4
                0x100087d4       0x83 CMakeFiles/regua_encoder.dir/home/desenvolvimento/pico/pico-sdk/src/rp2_common/pico_float/float_init_rom.c.obj
                                 0x87 (size before relaxing)
 *fill*         0x10008857        0x1 
 .rodata.__func__.0
                0x10008858       0x13 CMakeFiles/regua_encoder.dir/home/desenvolvimento/pico/pico-sdk/src/rp2_common/pico_float/float_init_rom.c.obj
 *fill*         0x1000886b        0x1 
 .rodata.str1.4
                0x1000886c       0x44 CMakeFiles/regua_encoder.dir/home/desenvolvimento/pico/pico-sdk/src/rp2_common/pico_standard_link/binary_info.c.obj
 .rodata.__bi_81
                0x100088b0        0xc CMakeFiles/regua_encoder.dir/home/desenvolvimento/pico/pico-sdk/src/rp2_common/pico_standard_link/binary_info.c.obj
 .rodata.__bi_75
                0x100088bc        0xc CMakeFiles/regua_encoder.dir/home/desenvolvimento/pico/pico-sdk/src/rp2_common/pico_standard_link/binary_info.c.obj
 .rodata.__bi_44
                0x100088c8        0xc CMakeFiles/regua_encoder.dir/home/desenvolvimento/pico/pico-sdk/src/rp2_common/pico_standard_link/binary_info.c.obj
 .rodata.update_us_since_boot.str1.4
                0x100088d4       0x6a CMakeFiles/regua_encoder.dir/home/desenvolvimento/pico/pico-sdk/src/rp2_common/pico_stdio/stdio.c.obj
 .rodata.crlf_str.2
                0x100088d4        0x2 CMakeFiles/regua_encoder.dir/home/desenvolvimento/pico/pico-sdk/src/rp2_common/pico_stdio/stdio.c.obj
 *fill*         0x100088d6        0x2 
 .rodata.__func__.3
                0x100088d8       0x15 CMakeFiles/regua_encoder.dir/home/desenvolvimento/pico/pico-sdk/src/rp2_common/pico_stdio/stdio.c.obj
 *fill*         0x100088ed        0x3 
 .rodata.str1.4
                0x100088f0       0x2c CMakeFiles/regua_encoder.dir/home/desenvolvimento/pico/pico-sdk/src/rp2_common/pico_stdio_uart/stdio_uart.c.obj
 .rodata.__bi_33.4
                0x1000891c        0xc CMakeFiles/regua_encoder.dir/home/desenvolvimento/pico/pico-sdk/src/rp2_common/pico_stdio_uart/stdio_uart.c.obj
 .rodata.__bi_34.5
                0x10008928        0x8 CMakeFiles/regua_encoder.dir/home/desenvolvimento/pico/pico-sdk/src/rp2_common/pico_stdio_uart/stdio_uart.c.obj
 .rodata._resetd_driver
                0x10008930       0x18 CMakeFiles/regua_encoder.dir/home/desenvolvimento/pico/pico-sdk/src/rp2_common/pico_stdio_usb/reset_interface.c.obj
 .rodata.update_us_since_boot.str1.4
                0x10008948       0x6a CMakeFiles/regua_encoder.dir/home/desenvolvimento/pico/pico-sdk/src/rp2_common/pico_stdio_usb/stdio_usb.c.obj
 .rodata.stdio_usb_init.str1.4
                0x10008948       0x4e CMakeFiles/regua_encoder.dir/home/desenvolvimento/pico/pico-sdk/src/rp2_common/pico_stdio_usb/stdio_usb.c.obj
                                 0x56 (size before relaxing)
 *fill*         0x10008996        0x2 
 .rodata.str1.4
                0x10008998       0x13 CMakeFiles/regua_encoder.dir/home/desenvolvimento/pico/pico-sdk/src/rp2_common/pico_stdio_usb/stdio_usb.c.obj
 *fill*         0x100089ab        0x1 
 .rodata.__bi_182.0
                0x100089ac        0xc CMakeFiles/regua_encoder.dir/home/desenvolvimento/pico/pico-sdk/src/rp2_common/pico_stdio_usb/stdio_usb.c.obj
 .rodata.__func__.1
                0x100089b8        0xf CMakeFiles/regua_encoder.dir/home/desenvolvimento/pico/pico-sdk/src/rp2_common/pico_stdio_usb/stdio_usb.c.obj
 *fill*         0x100089c7        0x1 
 .rodata.__func__.3
                0x100089c8       0x15 CMakeFiles/regua_encoder.dir/home/desenvolvimento/pico/pico-sdk/src/rp2_common/pico_stdio_usb/stdio_usb.c.obj
 *fill*         0x100089dd        0x3 
 .rodata.str1.4
                0x100089e0       0x2a CMakeFiles/regua_encoder.dir/home/desenvolvimento/pico/pico-sdk/src/rp2_common/pico_stdio_usb/stdio_usb_descriptors.c.obj
 *fill*         0x10008a0a        0x2 
 .rodata.usbd_desc_str
                0x10008a0c       0x18 CMakeFiles/regua_encoder.dir/home/desenvolvimento/pico/pico-sdk/src/rp2_common/pico_stdio_usb/stdio_usb_descriptors.c.obj
 .rodata.usbd_desc_cfg
                0x10008a24       0x54 CMakeFiles/regua_encoder.dir/home/desenvolvimento/pico/pico-sdk/src/rp2_common/pico_stdio_usb/stdio_usb_descriptors.c.obj
 .rodata.usbd_desc_device
                0x10008a78       0x12 CMakeFiles/regua_encoder.dir/home/desenvolvimento/pico/pico-sdk/src/rp2_common/pico_stdio_usb/stdio_usb_descriptors.c.obj
 *fill*         0x10008a8a        0x2 
 .rodata.pico_get_unique_board_id_string.str1.4
                0x10008a8c       0x56 CMakeFiles/regua_encoder.dir/home/desenvolvimento/pico/pico-sdk/src/rp2_common/pico_unique_id/unique_id.c.obj
 *fill*         0x10008ae2        0x2 
 .rodata.__func__.0
                0x10008ae4       0x20 CMakeFiles/regua_encoder.dir/home/desenvolvimento/pico/pico-sdk/src/rp2_common/pico_unique_id/unique_id.c.obj
 .rodata.str1.4
                0x10008b04      0x162 CMakeFiles/regua_encoder.dir/home/desenvolvimento/pico/pico-sdk/src/rp2_common/hardware_flash/flash.c.obj
 *fill*         0x10008c66        0x2 
 .rodata.__func__.0
                0x10008c68        0xd CMakeFiles/regua_encoder.dir/home/desenvolvimento/pico/pico-sdk/src/rp2_common/hardware_flash/flash.c.obj
 *fill*         0x10008c75        0x3 
 .rodata._hw_endpoint_alloc.str1.4
                0x10008c78       0xc1 CMakeFiles/regua_encoder.dir/home/desenvolvimento/pico/pico-sdk/lib/tinyusb/src/portable/raspberrypi/rp2040/dcd_rp2040.c.obj
 *fill*         0x10008d39        0x3 
 .rodata.str1.4
                0x10008d3c       0x14 CMakeFiles/regua_encoder.dir/home/desenvolvimento/pico/pico-sdk/lib/tinyusb/src/portable/raspberrypi/rp2040/dcd_rp2040.c.obj
 .rodata.dcd_int_enable.str1.4
                0x10008d50        0xc CMakeFiles/regua_encoder.dir/home/desenvolvimento/pico/pico-sdk/lib/tinyusb/src/portable/raspberrypi/rp2040/dcd_rp2040.c.obj
 .rodata.__func__.0
                0x10008d5c        0xe CMakeFiles/regua_encoder.dir/home/desenvolvimento/pico/pico-sdk/lib/tinyusb/src/portable/raspberrypi/rp2040/dcd_rp2040.c.obj
 *fill*         0x10008d6a        0x2 
 .rodata.__func__.1
                0x10008d6c        0xe CMakeFiles/regua_encoder.dir/home/desenvolvimento/pico/pico-sdk/lib/tinyusb/src/portable/raspberrypi/rp2040/dcd_rp2040.c.obj
 *fill*         0x10008d7a        0x2 
 .rodata.__func__.3
                0x10008d7c       0x10 CMakeFiles/regua_encoder.dir/home/desenvolvimento/pico/pico-sdk/lib/tinyusb/src/portable/raspberrypi/rp2040/dcd_rp2040.c.obj
 .rodata.__func__.5
                0x10008d8c        0xf CMakeFiles/regua_encoder.dir/home/desenvolvimento/pico/pico-sdk/lib/tinyusb/src/portable/raspberrypi/rp2040/dcd_rp2040.c.obj
 *fill*         0x10008d9b        0x1 
 .rodata.__func__.6
                0x10008d9c       0x13 CMakeFiles/regua_encoder.dir/home/desenvolvimento/pico/pico-sdk/lib/tinyusb/src/portable/raspberrypi/rp2040/dcd_rp2040.c.obj
 *fill*         0x10008daf        0x1 
 .rodata.__func__.7
                0x10008db0        0x9 CMakeFiles/regua_encoder.dir/home/desenvolvimento/pico/pico-sdk/lib/tinyusb/src/portable/raspberrypi/rp2040/dcd_rp2040.c.obj
 *fill*         0x10008db9        0x3 
 .rodata.str1.4
                0x10008dbc       0xe9 CMakeFiles/regua_encoder.dir/home/desenvolvimento/pico/pico-sdk/lib/tinyusb/src/portable/raspberrypi/rp2040/rp2040_usb.c.obj
                                 0xf3 (size before relaxing)
 *fill*         0x10008ea5        0x3 
 .rodata.__func__.0
                0x10008ea8        0xf CMakeFiles/regua_encoder.dir/home/desenvolvimento/pico/pico-sdk/lib/tinyusb/src/portable/raspberrypi/rp2040/rp2040_usb.c.obj
 *fill*         0x10008eb7        0x1 
 .rodata.process_get_descriptor
                0x10008eb8       0x40 CMakeFiles/regua_encoder.dir/home/desenvolvimento/pico/pico-sdk/lib/tinyusb/src/device/usbd.c.obj
 .rodata.process_control_request
                0x10008ef8       0x28 CMakeFiles/regua_encoder.dir/home/desenvolvimento/pico/pico-sdk/lib/tinyusb/src/device/usbd.c.obj
 .rodata.tud_task_ext