Archive member included to satisfy reference by file (symbol)

/usr/lib/gcc/arm-none-eabi/12.2.1/thumb/v6-m/nofp/libgcc.a(_dvmd_tls.o)
                              CMakeFiles/regua_encoder.dir/home/desenvolvimento/pico/pico-sdk/src/rp2_common/pico_divider/divider.S.obj (__aeabi_idiv0)
/usr/lib/gcc/arm-none-eabi/12.2.1/../../../arm-none-eabi/lib/thumb/v6-m/nofp/libg.a(lib_a-atexit.o)
                              /usr/lib/gcc/arm-none-eabi/12.2.1/../../../arm-none-eabi/lib/thumb/v6-m/nofp/crt0.o (atexit)
/usr/lib/gcc/arm-none-eabi/12.2.1/../../../arm-none-eabi/lib/thumb/v6-m/nofp/libg.a(lib_a-calloc.o)
                              CMakeFiles/regua_encoder.dir/home/desenvolvimento/pico/pico-sdk/src/rp2_common/pico_malloc/pico_malloc.c.obj (calloc)
/usr/lib/gcc/arm-none-eabi/12.2.1/../../../arm-none-eabi/lib/thumb/v6-m/nofp/libg.a(lib_a-callocr.o)
                              /usr/lib/gcc/arm-none-eabi/12.2.1/../../../arm-none-eabi/lib/thumb/v6-m/nofp/libg.a(lib_a-calloc.o) (_calloc_r)
/usr/lib/gcc/arm-none-eabi/12.2.1/../../../arm-none-eabi/lib/thumb/v6-m/nofp/libg.a(lib_a-fini.o)
                              /usr/lib/gcc/arm-none-eabi/12.2.1/../../../arm-none-eabi/lib/thumb/v6-m/nofp/crt0.o (__libc_fini_array)
/usr/lib/gcc/arm-none-eabi/12.2.1/../../../arm-none-eabi/lib/thumb/v6-m/nofp/libg.a(lib_a-impure.o)
                              /usr/lib/gcc/arm-none-eabi/12.2.1/../../../arm-none-eabi/lib/thumb/v6-m/nofp/libg.a(lib_a-calloc.o) (_impure_ptr)
/usr/lib/gcc/arm-none-eabi/12.2.1/../../../arm-none-eabi/lib/thumb/v6-m/nofp/libg.a(lib_a-init.o)
                              /usr/lib/gcc/arm-none-eabi/12.2.1/../../../arm-none-eabi/lib/thumb/v6-m/nofp/crt0.o (__libc_init_array)
/usr/lib/gcc/arm-none-eabi/12.2.1/../../../arm-none-eabi/lib/thumb/v6-m/nofp/libg.a(lib_a-malloc.o)
                              CMakeFiles/regua_encoder.dir/home/desenvolvimento/pico/pico-sdk/src/rp2_common/pico_malloc/pico_malloc.c.obj (malloc)
/usr/lib/gcc/arm-none-eabi/12.2.1/../../../arm-none-eabi/lib/thumb/v6-m/nofp/libg.a(lib_a-mallocr.o)
                              /usr/lib/gcc/arm-none-eabi/12.2.1/../../../arm-none-eabi/lib/thumb/v6-m/nofp/libg.a(lib_a-callocr.o) (_malloc_r)
/usr/lib/gcc/arm-none-eabi/12.2.1/../../../arm-none-eabi/lib/thumb/v6-m/nofp/libg.a(lib_a-mlock.o)
                              /usr/lib/gcc/arm-none-eabi/12.2.1/../../../arm-none-eabi/lib/thumb/v6-m/nofp/libg.a(lib_a-mallocr.o) (__malloc_lock)
/usr/lib/gcc/arm-none-eabi/12.2.1/../../../arm-none-eabi/lib/thumb/v6-m/nofp/libg.a(lib_a-realloc.o)
                              CMakeFiles/regua_encoder.dir/home/desenvolvimento/pico/pico-sdk/src/rp2_common/pico_malloc/pico_malloc.c.obj (realloc)
/usr/lib/gcc/arm-none-eabi/12.2.1/../../../arm-none-eabi/lib/thumb/v6-m/nofp/libg.a(lib_a-reallocr.o)
                              /usr/lib/gcc/arm-none-eabi/12.2.1/../../../arm-none-eabi/lib/thumb/v6-m/nofp/libg.a(lib_a-realloc.o) (_realloc_r)
/usr/lib/gcc/arm-none-eabi/12.2.1/../../../arm-none-eabi/lib/thumb/v6-m/nofp/libg.a(lib_a-sbrkr.o)
                              /usr/lib/gcc/arm-none-eabi/12.2.1/../../../arm-none-eabi/lib/thumb/v6-m/nofp/libg.a(lib_a-mallocr.o) (_sbrk_r)
/usr/lib/gcc/arm-none-eabi/12.2.1/../../../arm-none-eabi/lib/thumb/v6-m/nofp/libg.a(lib_a-strlen-stub.o)
                              CMakeFiles/regua_encoder.dir/home/desenvolvimento/pico/pico-sdk/src/rp2_common/pico_stdio/stdio.c.obj (strlen)
/usr/lib/gcc/arm-none-eabi/12.2.1/../../../arm-none-eabi/lib/thumb/v6-m/nofp/libg.a(lib_a-__atexit.o)
                              /usr/lib/gcc/arm-none-eabi/12.2.1/../../../arm-none-eabi/lib/thumb/v6-m/nofp/libg.a(lib_a-atexit.o) (__register_exitproc)
/usr/lib/gcc/arm-none-eabi/12.2.1/../../../arm-none-eabi/lib/thumb/v6-m/nofp/libg.a(lib_a-freer.o)
                              /usr/lib/gcc/arm-none-eabi/12.2.1/../../../arm-none-eabi/lib/thumb/v6-m/nofp/libg.a(lib_a-malloc.o) (_free_r)
/usr/lib/gcc/arm-none-eabi/12.2.1/../../../arm-none-eabi/lib/thumb/v6-m/nofp/libg.a(lib_a-memmove.o)
                              /usr/lib/gcc/arm-none-eabi/12.2.1/../../../arm-none-eabi/lib/thumb/v6-m/nofp/libg.a(lib_a-reallocr.o) (memmove)
/usr/lib/gcc/arm-none-eabi/12.2.1/../../../arm-none-eabi/lib/thumb/v6-m/nofp/libg.a(lib_a-reent.o)
                              /usr/lib/gcc/arm-none-eabi/12.2.1/../../../arm-none-eabi/lib/thumb/v6-m/nofp/libg.a(lib_a-sbrkr.o) (errno)

Discarded input sections

 .text          0x00000000        0x0 /usr/lib/gcc/arm-none-eabi/12.2.1/thumb/v6-m/nofp/crti.o
 .data          0x00000000        0x0 /usr/lib/gcc/arm-none-eabi/12.2.1/thumb/v6-m/nofp/crti.o
 .bss           0x00000000        0x0 /usr/lib/gcc/arm-none-eabi/12.2.1/thumb/v6-m/nofp/crti.o
 .data          0x00000000        0x4 /usr/lib/gcc/arm-none-eabi/12.2.1/thumb/v6-m/nofp/crtbegin.o
 .rodata        0x00000000       0x24 /usr/lib/gcc/arm-none-eabi/12.2.1/thumb/v6-m/nofp/crtbegin.o
[...]
Memory Configuration

Name             Origin             Length             Attributes
FLASH            0x10000000         0x00200000         xr
RAM              0x20000000         0x00040000         xrw
SCRATCH_X        0x20040000         0x00001000         xrw
SCRATCH_Y        0x20041000         0x00001000         xrw
*default*        0x00000000         0xffffffff

Linker script and memory map

LOAD /usr/lib/gcc/arm-none-eabi/12.2.1/thumb/v6-m/nofp/crti.o
LOAD /usr/lib/gcc/arm-none-eabi/12.2.1/thumb/v6-m/nofp/crtbegin.o
LOAD /usr/lib/gcc/arm-none-eabi/12.2.1/../../../arm-none-eabi/lib/thumb/v6-m/nofp/crt0.o

.flash_begin    0x10000000        0x0
                0x10000000                        __flash_binary_start = .

.boot2          0x10000000      0x100
                0x10000000                        __boot2_start__ = .
 *(.boot2)
 .boot2         0x10000000      0x100 /tmp/ccX4oSaJ.o
                0x10000100                        __boot2_end__ = .
                0x00000001                        ASSERT (((__boot2_end__ - __boot2_start__) == 0x100), ERROR: Pico second stage bootloader must be 256 bytes in size)

.text           0x10000100     0x7650
                0x10000100                        __logical_binary_start = .
 *(.vectors)
 .vectors       0x10000100       0xd4 CMakeFiles/regua_encoder.dir/home/desenvolvimento/pico/pico-sdk/src/rp2_common/pico_standard_link/crt0.S.obj
                0x10000100                __vectors
                0x10000100                __VECTOR_TABLE
                0x100001c0                isr_invalid
                0x100001c0                __default_isrs_start
                0x100001c2                isr_nmi
                0x100001c4                isr_hardfault
                0x100001c6                isr_svcall
                0x100001c8                isr_pendsv
                0x100001ca                isr_systick
                0x100001cc                isr_irq30
                0x100001cc                __unhandled_user_irq
                0x100001cc                isr_irq13
                0x100001cc                isr_irq27
                0x100001cc                isr_irq31
                0x100001cc                isr_irq5
                0x100001cc                isr_irq11
                0x100001cc                isr_irq23
                0x100001cc                isr_irq18
                0x100001cc                isr_irq28
                0x100001cc                isr_irq19
                0x100001cc                isr_irq0
                0x100001cc                isr_irq6
                0x100001cc                isr_irq22
                0x100001cc                isr_irq17
                0x100001cc                isr_irq14
                0x100001cc                isr_irq2
                0x100001cc                isr_irq10
                0x100001cc                isr_irq8
                0x100001cc                isr_irq24
                0x100001cc                isr_irq1
                0x100001cc                isr_irq7
                0x100001cc                isr_irq21
                0x100001cc                isr_irq20
                0x100001cc                isr_irq15
                0x100001cc                isr_irq25
                0x100001cc                isr_irq4
                0x100001cc                isr_irq16
                0x100001cc                isr_irq29
                0x100001cc                isr_irq26
                0x100001cc                __default_isrs_end
                0x100001cc                isr_irq3
                0x100001cc                isr_irq12
                0x100001cc                isr_irq9
                0x100001d2                unhandled_user_irq_num_in_r0
 *(.binary_info_header)
 .binary_info_header
                0x100001d4       0x14 CMakeFiles/regua_encoder.dir/home/desenvolvimento/pico/pico-sdk/src/rp2_common/pico_standard_link/crt0.S.obj
                0x100001e8                        __binary_info_header_end = .
 *(.reset)
 .reset         0x100001e8       0xa0 CMakeFiles/regua_encoder.dir/home/desenvolvimento/pico/pico-sdk/src/rp2_common/pico_standard_link/crt0.S.obj
                0x100001e8                _entry_point
 .reset         0x10000288       0x30 CMakeFiles/regua_encoder.dir/home/desenvolvimento/pico/pico-sdk/src/rp2_common/pico_standard_link/binary_info.c.obj
 *(.init)
 .init          0x100002b8        0x4 /usr/lib/gcc/arm-none-eabi/12.2.1/thumb/v6-m/nofp/crti.o
                0x100002b8                _init
 *(EXCLUDE_FILE(*libm.a: *libc.a:*lib_a-mem*.o *libgcc.a:) .text*)
 .text          0x100002bc       0x98 /usr/lib/gcc/arm-none-eabi/12.2.1/thumb/v6-m/nofp/crtbegin.o
 .text.uart_putc
                0x10000354       0x60 CMakeFiles/regua_encoder.dir/encoder.c.obj
 .text.uart_puts
                0x100003b4       0x4a CMakeFiles/regua_encoder.dir/encoder.c.obj
 *fill*         0x100003fe        0x2 
 .text.interrupt_handler
                0x10000400       0x2c CMakeFiles/regua_encoder.dir/encoder.c.obj
                0x10000400                interrupt_handler
 .text.core1_timer
                0x1000042c       0x88 CMakeFiles/regua_encoder.dir/encoder.c.obj
                0x1000042c                core1_timer
 .text.pistao   0x100004b4       0x60 CMakeFiles/regua_encoder.dir/encoder.c.obj
                0x100004b4                pistao
 .text.rs485_communication
                0x10000514      0x1d4 CMakeFiles/regua_encoder.dir/encoder.c.obj
                0x10000514                rs485_communication
 .text.main     0x100006e8       0x88 CMakeFiles/regua_encoder.dir/encoder.c.obj
                0x100006e8                main
 .text.gpio_set_function
                0x10000770       0x30 CMakeFiles/regua_encoder.dir/home/desenvolvimento/pico/pico-sdk/src/rp2_common/hardware_gpio/gpio.c.obj
                0x10000770                gpio_set_function
 .text.gpio_set_irq_callback
                0x100007a0       0x48 CMakeFiles/regua_encoder.dir/home/desenvolvimento/pico/pico-sdk/src/rp2_common/hardware_gpio/gpio.c.obj
                0x100007a0                gpio_set_irq_callback
 .text.gpio_acknowledge_irq
                0x100007e8       0x18 CMakeFiles/regua_encoder.dir/home/desenvolvimento/pico/pico-sdk/src/rp2_common/hardware_gpio/gpio.c.obj
                0x100007e8                gpio_acknowledge_irq
 .text._gpio_set_irq_enabled
                0x10000800       0x34 CMakeFiles/regua_encoder.dir/home/desenvolvimento/pico/pico-sdk/src/rp2_common/hardware_gpio/gpio.c.obj
 .text.gpio_set_irq_enabled
                0x10000834       0x20 CMakeFiles/regua_encoder.dir/home/desenvolvimento/pico/pico-sdk/src/rp2_common/hardware_gpio/gpio.c.obj
                0x10000834                gpio_set_irq_enabled
 .text.gpio_set_irq_enabled_with_callback
                0x10000854       0x20 CMakeFiles/regua_encoder.dir/home/desenvolvimento/pico/pico-sdk/src/rp2_common/hardware_gpio/gpio.c.obj
                0x10000854                gpio_set_irq_enabled_with_callback
 .text.gpio_default_irq_handler
                0x10000874       0x98 CMakeFiles/regua_encoder.dir/home/desenvolvimento/pico/pico-sdk/src/rp2_common/hardware_gpio/gpio.c.obj
 .text.gpio_init
                0x1000090c       0x16 CMakeFiles/regua_encoder.dir/home/desenvolvimento/pico/pico-sdk/src/rp2_common/hardware_gpio/gpio.c.obj
                0x1000090c                gpio_init
 *fill*         0x10000922        0x2 
 .text.running_on_fpga
                0x10000924       0x14 CMakeFiles/regua_encoder.dir/home/desenvolvimento/pico/pico-sdk/src/rp2_common/pico_platform/platform.c.obj
                0x10000924                running_on_fpga
 .text.hw_claim_lock
                0x10000938       0x18 CMakeFiles/regua_encoder.dir/home/desenvolvimento/pico/pico-sdk/src/rp2_common/hardware_claim/claim.c.obj
                0x10000938                hw_claim_lock
 .text.hw_claim_unlock
                0x10000950       0x14 CMakeFiles/regua_encoder.dir/home/desenvolvimento/pico/pico-sdk/src/rp2_common/hardware_claim/claim.c.obj
                0x10000950                hw_claim_unlock
 .text.hw_claim_or_assert
                0x10000964       0x32 CMakeFiles/regua_encoder.dir/home/desenvolvimento/pico/pico-sdk/src/rp2_common/hardware_claim/claim.c.obj
                0x10000964                hw_claim_or_assert
 .text.hw_claim_unused_from_range
                0x10000996       0x50 CMakeFiles/regua_encoder.dir/home/desenvolvimento/pico/pico-sdk/src/rp2_common/hardware_claim/claim.c.obj
                0x10000996                hw_claim_unused_from_range
 *fill*         0x100009e6        0x2 
 .text.spin_locks_reset
                0x100009e8       0x20 CMakeFiles/regua_encoder.dir/home/desenvolvimento/pico/pico-sdk/src/rp2_common/hardware_sync/sync.c.obj
                0x100009e8                spin_locks_reset
 .text.next_striped_spin_lock_num
                0x10000a08       0x1c CMakeFiles/regua_encoder.dir/home/desenvolvimento/pico/pico-sdk/src/rp2_common/hardware_sync/sync.c.obj
                0x10000a08                next_striped_spin_lock_num
 .text.spin_lock_claim_unused
                0x10000a24       0x24 CMakeFiles/regua_encoder.dir/home/desenvolvimento/pico/pico-sdk/src/rp2_common/hardware_sync/sync.c.obj
                0x10000a24                spin_lock_claim_unused
 .text.set_raw_irq_handler_and_unlock
                0x10000a48       0x28 CMakeFiles/regua_encoder.dir/home/desenvolvimento/pico/pico-sdk/src/rp2_common/hardware_irq/irq.c.obj
 .text.resolve_branch
                0x10000a70       0x30 CMakeFiles/regua_encoder.dir/home/desenvolvimento/pico/pico-sdk/src/rp2_common/hardware_irq/irq.c.obj
 .text.make_branch
                0x10000aa0       0x48 CMakeFiles/regua_encoder.dir/home/desenvolvimento/pico/pico-sdk/src/rp2_common/hardware_irq/irq.c.obj
 .text.insert_branch_and_link
                0x10000ae8       0x40 CMakeFiles/regua_encoder.dir/home/desenvolvimento/pico/pico-sdk/src/rp2_common/hardware_irq/irq.c.obj
 .text.irq_is_enabled
                0x10000b28       0x18 CMakeFiles/regua_encoder.dir/home/desenvolvimento/pico/pico-sdk/src/rp2_common/hardware_irq/irq.c.obj
                0x10000b28                irq_is_enabled
 .text.irq_set_mask_enabled
                0x10000b40       0x20 CMakeFiles/regua_encoder.dir/home/desenvolvimento/pico/pico-sdk/src/rp2_common/hardware_irq/irq.c.obj
                0x10000b40                irq_set_mask_enabled
 .text.irq_set_enabled
                0x10000b60        0xe CMakeFiles/regua_encoder.dir/home/desenvolvimento/pico/pico-sdk/src/rp2_common/hardware_irq/irq.c.obj
                0x10000b60                irq_set_enabled
 *fill*         0x10000b6e        0x2 
 .text.irq_set_pending
                0x10000b70       0x10 CMakeFiles/regua_encoder.dir/home/desenvolvimento/pico/pico-sdk/src/rp2_common/hardware_irq/irq.c.obj
                0x10000b70                irq_set_pending
 .text.irq_get_vtable_handler
                0x10000b80       0x10 CMakeFiles/regua_encoder.dir/home/desenvolvimento/pico/pico-sdk/src/rp2_common/hardware_irq/irq.c.obj
                0x10000b80                irq_get_vtable_handler
 .text.irq_has_shared_handler
                0x10000b90       0x24 CMakeFiles/regua_encoder.dir/home/desenvolvimento/pico/pico-sdk/src/rp2_common/hardware_irq/irq.c.obj
                0x10000b90                irq_has_shared_handler
 .text.irq_set_exclusive_handler
                0x10000bb4       0x54 CMakeFiles/regua_encoder.dir/home/desenvolvimento/pico/pico-sdk/src/rp2_common/hardware_irq/irq.c.obj
                0x10000bb4                irq_set_exclusive_handler
 .text.irq_add_shared_handler
                0x10000c08      0x210 CMakeFiles/regua_encoder.dir/home/desenvolvimento/pico/pico-sdk/src/rp2_common/hardware_irq/irq.c.obj
                0x10000c08                irq_add_shared_handler
 .text.irq_remove_handler
                0x10000e18      0x188 CMakeFiles/regua_encoder.dir/home/desenvolvimento/pico/pico-sdk/src/rp2_common/hardware_irq/irq.c.obj
                0x10000e18                irq_remove_handler
 .text.irq_add_tail_to_free_list
                0x10000fa0       0xf0 CMakeFiles/regua_encoder.dir/home/desenvolvimento/pico/pico-sdk/src/rp2_common/hardware_irq/irq.c.obj
                0x10000fa0                irq_add_tail_to_free_list
 .text.irq_init_priorities
                0x10001090       0x1c CMakeFiles/regua_encoder.dir/home/desenvolvimento/pico/pico-sdk/src/rp2_common/hardware_irq/irq.c.obj
                0x10001090                irq_init_priorities
 .text.user_irq_claim_unused
                0x100010ac       0x2c CMakeFiles/regua_encoder.dir/home/desenvolvimento/pico/pico-sdk/src/rp2_common/hardware_irq/irq.c.obj
                0x100010ac                user_irq_claim_unused
 .text.lock_init
                0x100010d8       0x10 CMakeFiles/regua_encoder.dir/home/desenvolvimento/pico/pico-sdk/src/common/pico_sync/lock_core.c.obj
                0x100010d8                lock_init
 .text.update_us_since_boot
                0x100010e8       0x24 CMakeFiles/regua_encoder.dir/home/desenvolvimento/pico/pico-sdk/src/common/pico_sync/mutex.c.obj
 .text.delayed_by_ms
                0x1000110c       0x44 CMakeFiles/regua_encoder.dir/home/desenvolvimento/pico/pico-sdk/src/common/pico_sync/mutex.c.obj
 .text.get_absolute_time
                0x10001150       0x22 CMakeFiles/regua_encoder.dir/home/desenvolvimento/pico/pico-sdk/src/common/pico_sync/mutex.c.obj
 .text.make_timeout_time_ms
                0x10001172       0x20 CMakeFiles/regua_encoder.dir/home/desenvolvimento/pico/pico-sdk/src/common/pico_sync/mutex.c.obj
 .text.mutex_init
                0x10001192       0x1a CMakeFiles/regua_encoder.dir/home/desenvolvimento/pico/pico-sdk/src/common/pico_sync/mutex.c.obj
                0x10001192                mutex_init
 .text.recursive_mutex_init
                0x100011ac       0x1e CMakeFiles/regua_encoder.dir/home/desenvolvimento/pico/pico-sdk/src/common/pico_sync/mutex.c.obj
                0x100011ac                recursive_mutex_init
 *fill*         0x100011ca        0x2 
 .text.critical_section_init_with_lock_num
                0x100011cc       0x14 CMakeFiles/regua_encoder.dir/home/desenvolvimento/pico/pico-sdk/src/common/pico_sync/critical_section.c.obj
                0x100011cc                critical_section_init_with_lock_num
 .text.critical_section_init
                0x100011e0       0x14 CMakeFiles/regua_encoder.dir/home/desenvolvimento/pico/pico-sdk/src/common/pico_sync/critical_section.c.obj
                0x100011e0                critical_section_init
 .text.time_reached
                0x100011f4       0x28 CMakeFiles/regua_encoder.dir/home/desenvolvimento/pico/pico-sdk/src/common/pico_time/time.c.obj
 .text.get_entry
                0x1000121c       0x38 CMakeFiles/regua_encoder.dir/home/desenvolvimento/pico/pico-sdk/src/common/pico_time/time.c.obj
 .text.timer_pool_entry_comparator
                0x10001254       0x2e CMakeFiles/regua_encoder.dir/home/desenvolvimento/pico/pico-sdk/src/common/pico_time/time.c.obj
                0x10001254                timer_pool_entry_comparator
 *fill*         0x10001282        0x2 
 .text.update_us_since_boot
                0x10001284       0x24 CMakeFiles/regua_encoder.dir/home/desenvolvimento/pico/pico-sdk/src/common/pico_time/time.c.obj
 .text.delayed_by_us
                0x100012a8       0x34 CMakeFiles/regua_encoder.dir/home/desenvolvimento/pico/pico-sdk/src/common/pico_time/time.c.obj
 .text.ph_get_node
                0x100012dc       0x30 CMakeFiles/regua_encoder.dir/home/desenvolvimento/pico/pico-sdk/src/common/pico_time/time.c.obj
 .text.ph_contains_node
                0x1000130c       0x1e CMakeFiles/regua_encoder.dir/home/desenvolvimento/pico/pico-sdk/src/common/pico_time/time.c.obj
 .text.ph_new_node
                0x1000132a       0x28 CMakeFiles/regua_encoder.dir/home/desenvolvimento/pico/pico-sdk/src/common/pico_time/time.c.obj
 *fill*         0x10001352        0x2 
 .text.ph_add_child_node
                0x10001354       0x6c CMakeFiles/regua_encoder.dir/home/desenvolvimento/pico/pico-sdk/src/common/pico_time/time.c.obj
 .text.ph_merge_nodes
                0x100013c0       0x3e CMakeFiles/regua_encoder.dir/home/desenvolvimento/pico/pico-sdk/src/common/pico_time/time.c.obj
 *fill*         0x100013fe        0x2 
 .text.ph_insert_node
                0x10001400       0x3c CMakeFiles/regua_encoder.dir/home/desenvolvimento/pico/pico-sdk/src/common/pico_time/time.c.obj
 .text.ph_free_node
                0x1000143c       0x5c CMakeFiles/regua_encoder.dir/home/desenvolvimento/pico/pico-sdk/src/common/pico_time/time.c.obj
 .text.get_entry_id_high
                0x10001498       0x30 CMakeFiles/regua_encoder.dir/home/desenvolvimento/pico/pico-sdk/src/common/pico_time/time.c.obj
 .text.alarm_pool_post_alloc_init
                0x100014c8       0x40 CMakeFiles/regua_encoder.dir/home/desenvolvimento/pico/pico-sdk/src/common/pico_time/time.c.obj
 .text.sleep_until_callback
                0x10001508       0x30 CMakeFiles/regua_encoder.dir/home/desenvolvimento/pico/pico-sdk/src/common/pico_time/time.c.obj
 .text.get_absolute_time
                0x10001538       0x22 CMakeFiles/regua_encoder.dir/home/desenvolvimento/pico/pico-sdk/src/common/pico_time/time.c.obj
 .text.make_timeout_time_us
                0x1000155a       0x24 CMakeFiles/regua_encoder.dir/home/desenvolvimento/pico/pico-sdk/src/common/pico_time/time.c.obj
 *fill*         0x1000157e        0x2 
 .text.add_alarm_under_lock
                0x10001580       0x94 CMakeFiles/regua_encoder.dir/home/desenvolvimento/pico/pico-sdk/src/common/pico_time/time.c.obj
 .text.alarm_pool_alarm_callback
                0x10001614      0x210 CMakeFiles/regua_encoder.dir/home/desenvolvimento/pico/pico-sdk/src/common/pico_time/time.c.obj
 .text.alarm_pool_init_default
                0x10001824       0x40 CMakeFiles/regua_encoder.dir/home/desenvolvimento/pico/pico-sdk/src/common/pico_time/time.c.obj
                0x10001824                alarm_pool_init_default
 .text.alarm_pool_get_default
                0x10001864       0x2c CMakeFiles/regua_encoder.dir/home/desenvolvimento/pico/pico-sdk/src/common/pico_time/time.c.obj
                0x10001864                alarm_pool_get_default
 .text.alarm_pool_add_alarm_at
                0x10001890      0x10e CMakeFiles/regua_encoder.dir/home/desenvolvimento/pico/pico-sdk/src/common/pico_time/time.c.obj
                0x10001890                alarm_pool_add_alarm_at
 .text.add_alarm_at
                0x1000199e       0x2e CMakeFiles/regua_encoder.dir/home/desenvolvimento/pico/pico-sdk/src/common/pico_time/time.c.obj
 .text.alarm_pool_cancel_alarm
                0x100019cc       0xa8 CMakeFiles/regua_encoder.dir/home/desenvolvimento/pico/pico-sdk/src/common/pico_time/time.c.obj
                0x100019cc                alarm_pool_cancel_alarm
 .text.cancel_alarm
                0x10001a74       0x10 CMakeFiles/regua_encoder.dir/home/desenvolvimento/pico/pico-sdk/src/common/pico_time/time.c.obj
 .text.alarm_pool_core_num
                0x10001a84        0x4 CMakeFiles/regua_encoder.dir/home/desenvolvimento/pico/pico-sdk/src/common/pico_time/time.c.obj
                0x10001a84                alarm_pool_core_num
 .text.sleep_until
                0x10001a88       0xb0 CMakeFiles/regua_encoder.dir/home/desenvolvimento/pico/pico-sdk/src/common/pico_time/time.c.obj
                0x10001a88                sleep_until
 .text.sleep_us
                0x10001b38       0x1a CMakeFiles/regua_encoder.dir/home/desenvolvimento/pico/pico-sdk/src/common/pico_time/time.c.obj
                0x10001b38                sleep_us
 .text.sleep_ms
                0x10001b52       0x14 CMakeFiles/regua_encoder.dir/home/desenvolvimento/pico/pico-sdk/src/common/pico_time/time.c.obj
                0x10001b52                sleep_ms
 *fill*         0x10001b66        0x2 
 .text.best_effort_wfe_or_timeout
                0x10001b68       0x44 CMakeFiles/regua_encoder.dir/home/desenvolvimento/pico/pico-sdk/src/common/pico_time/time.c.obj
                0x10001b68                best_effort_wfe_or_timeout
 .text.update_us_since_boot
                0x10001bac       0x24 CMakeFiles/regua_encoder.dir/home/desenvolvimento/pico/pico-sdk/src/rp2_common/hardware_timer/timer.c.obj
 .text.hardware_alarm_irq_handler
                0x10001bd0       0x8c CMakeFiles/regua_encoder.dir/home/desenvolvimento/pico/pico-sdk/src/rp2_common/hardware_timer/timer.c.obj
 .text.hardware_alarm_claim
                0x10001c5c       0x18 CMakeFiles/regua_encoder.dir/home/desenvolvimento/pico/pico-sdk/src/rp2_common/hardware_timer/timer.c.obj
                0x10001c5c                hardware_alarm_claim
 .text.time_us_64
                0x10001c74       0x18 CMakeFiles/regua_encoder.dir/home/desenvolvimento/pico/pico-sdk/src/rp2_common/hardware_timer/timer.c.obj
                0x10001c74                time_us_64
 .text.busy_wait_until
                0x10001c8c       0x28 CMakeFiles/regua_encoder.dir/home/desenvolvimento/pico/pico-sdk/src/rp2_common/hardware_timer/timer.c.obj
                0x10001c8c                busy_wait_until
 .text.busy_wait_us
                0x10001cb4       0x3a CMakeFiles/regua_encoder.dir/home/desenvolvimento/pico/pico-sdk/src/rp2_common/hardware_timer/timer.c.obj
                0x10001cb4                busy_wait_us
 *fill*         0x10001cee        0x2 
 .text.hardware_alarm_set_callback
                0x10001cf0       0x90 CMakeFiles/regua_encoder.dir/home/desenvolvimento/pico/pico-sdk/src/rp2_common/hardware_timer/timer.c.obj
                0x10001cf0                hardware_alarm_set_callback
 .text.hardware_alarm_set_target
                0x10001d80       0xe8 CMakeFiles/regua_encoder.dir/home/desenvolvimento/pico/pico-sdk/src/rp2_common/hardware_timer/timer.c.obj
                0x10001d80                hardware_alarm_set_target
 .text.hardware_alarm_cancel
                0x10001e68       0x40 CMakeFiles/regua_encoder.dir/home/desenvolvimento/pico/pico-sdk/src/rp2_common/hardware_timer/timer.c.obj
                0x10001e68                hardware_alarm_cancel
 .text.ph_get_node
                0x10001ea8       0x30 CMakeFiles/regua_encoder.dir/home/desenvolvimento/pico/pico-sdk/src/common/pico_util/pheap.c.obj
 .text.ph_add_child_node
                0x10001ed8       0x6c CMakeFiles/regua_encoder.dir/home/desenvolvimento/pico/pico-sdk/src/common/pico_util/pheap.c.obj
 .text.ph_merge_nodes
                0x10001f44       0x3e CMakeFiles/regua_encoder.dir/home/desenvolvimento/pico/pico-sdk/src/common/pico_util/pheap.c.obj
 .text.ph_clear
                0x10001f82       0x34 CMakeFiles/regua_encoder.dir/home/desenvolvimento/pico/pico-sdk/src/common/pico_util/pheap.c.obj
                0x10001f82                ph_clear
 .text.ph_post_alloc_init
                0x10001fb6        0xe CMakeFiles/regua_encoder.dir/home/desenvolvimento/pico/pico-sdk/src/common/pico_util/pheap.c.obj
                0x10001fb6                ph_post_alloc_init
 .text.ph_merge_two_pass
                0x10001fc4       0x5c CMakeFiles/regua_encoder.dir/home/desenvolvimento/pico/pico-sdk/src/common/pico_util/pheap.c.obj
                0x10001fc4                ph_merge_two_pass
 .text.ph_remove_any_head
                0x10002020       0xc0 CMakeFiles/regua_encoder.dir/home/desenvolvimento/pico/pico-sdk/src/common/pico_util/pheap.c.obj
 .text.ph_remove_head
                0x100020e0       0x14 CMakeFiles/regua_encoder.dir/home/desenvolvimento/pico/pico-sdk/src/common/pico_util/pheap.c.obj
                0x100020e0                ph_remove_head
 .text.ph_remove_and_free_node
                0x100020f4       0xa0 CMakeFiles/regua_encoder.dir/home/desenvolvimento/pico/pico-sdk/src/common/pico_util/pheap.c.obj
                0x100020f4                ph_remove_and_free_node
 .text.uart_disable_before_lcr_write
                0x10002194       0x48 CMakeFiles/regua_encoder.dir/home/desenvolvimento/pico/pico-sdk/src/rp2_common/hardware_uart/uart.c.obj
 .text.uart_write_lcr_bits_masked
                0x100021dc       0x22 CMakeFiles/regua_encoder.dir/home/desenvolvimento/pico/pico-sdk/src/rp2_common/hardware_uart/uart.c.obj
 *fill*         0x100021fe        0x2 
 .text.uart_set_baudrate
                0x10002200       0x5c CMakeFiles/regua_encoder.dir/home/desenvolvimento/pico/pico-sdk/src/rp2_common/hardware_uart/uart.c.obj
                0x10002200                uart_set_baudrate
 .text.uart_set_format
                0x1000225c       0x2c CMakeFiles/regua_encoder.dir/home/desenvolvimento/pico/pico-sdk/src/rp2_common/hardware_uart/uart.c.obj
                0x1000225c                uart_set_format
 .text.uart_set_translate_crlf
                0x10002288       0x28 CMakeFiles/regua_encoder.dir/home/desenvolvimento/pico/pico-sdk/src/rp2_common/hardware_uart/uart.c.obj
                0x10002288                uart_set_translate_crlf
 .text.uart_init
                0x100022b0       0x80 CMakeFiles/regua_encoder.dir/home/desenvolvimento/pico/pico-sdk/src/rp2_common/hardware_uart/uart.c.obj
                0x100022b0                uart_init
 .text.clock_configure
                0x10002330      0x108 CMakeFiles/regua_encoder.dir/home/desenvolvimento/pico/pico-sdk/src/rp2_common/hardware_clocks/clocks.c.obj
                0x10002330                clock_configure
 .text.clocks_init
                0x10002438      0x100 CMakeFiles/regua_encoder.dir/home/desenvolvimento/pico/pico-sdk/src/rp2_common/hardware_clocks/clocks.c.obj
                0x10002438                clocks_init
 .text.clock_get_hz
                0x10002538        0xc CMakeFiles/regua_encoder.dir/home/desenvolvimento/pico/pico-sdk/src/rp2_common/hardware_clocks/clocks.c.obj
                0x10002538                clock_get_hz
 .text.pll_init
                0x10002544      0x120 CMakeFiles/regua_encoder.dir/home/desenvolvimento/pico/pico-sdk/src/rp2_common/hardware_pll/pll.c.obj
                0x10002544                pll_init
 .text.watchdog_start_tick
                0x10002664       0x10 CMakeFiles/regua_encoder.dir/home/desenvolvimento/pico/pico-sdk/src/rp2_common/hardware_watchdog/watchdog.c.obj
                0x10002664                watchdog_start_tick
 .text.watchdog_update
                0x10002674       0x14 CMakeFiles/regua_encoder.dir/home/desenvolvimento/pico/pico-sdk/src/rp2_common/hardware_watchdog/watchdog.c.obj
                0x10002674                watchdog_update
 .text._watchdog_enable
                0x10002688       0x78 CMakeFiles/regua_encoder.dir/home/desenvolvimento/pico/pico-sdk/src/rp2_common/hardware_watchdog/watchdog.c.obj
                0x10002688                _watchdog_enable
 .text.watchdog_reboot
                0x10002700       0x48 CMakeFiles/regua_encoder.dir/home/desenvolvimento/pico/pico-sdk/src/rp2_common/hardware_watchdog/watchdog.c.obj
                0x10002700                watchdog_reboot
 .text.xosc_init
                0x10002748       0x28 CMakeFiles/regua_encoder.dir/home/desenvolvimento/pico/pico-sdk/src/rp2_common/hardware_xosc/xosc.c.obj
                0x10002748                xosc_init
 .text._exit    0x10002770        0x4 CMakeFiles/regua_encoder.dir/home/desenvolvimento/pico/pico-sdk/src/rp2_common/pico_runtime/runtime.c.obj
                0x10002770                _exit
 .text.exit     0x10002774        0x6 CMakeFiles/regua_encoder.dir/home/desenvolvimento/pico/pico-sdk/src/rp2_common/pico_runtime/runtime.c.obj
                0x10002774                exit
 *fill*         0x1000277a        0x2 
 .text.__assert_func
                0x1000277c       0x38 CMakeFiles/regua_encoder.dir/home/desenvolvimento/pico/pico-sdk/src/rp2_common/pico_runtime/runtime.c.obj
                0x1000277c                __assert_func
 .text.runtime_init
                0x100027b4       0xf8 CMakeFiles/regua_encoder.dir/home/desenvolvimento/pico/pico-sdk/src/rp2_common/pico_runtime/runtime.c.obj
                0x100027b4                runtime_init
 .text.panic    0x100028ac       0x30 CMakeFiles/regua_encoder.dir/home/desenvolvimento/pico/pico-sdk/src/rp2_common/pico_runtime/runtime.c.obj
                0x100028ac                panic
 .text._out_buffer
                0x100028dc        0x8 CMakeFiles/regua_encoder.dir/home/desenvolvimento/pico/pico-sdk/src/rp2_common/pico_printf/printf.c.obj
 .text._out_null
                0x100028e4        0x2 CMakeFiles/regua_encoder.dir/home/desenvolvimento/pico/pico-sdk/src/rp2_common/pico_printf/printf.c.obj
 .text._out_fct
                0x100028e6        0xe CMakeFiles/regua_encoder.dir/home/desenvolvimento/pico/pico-sdk/src/rp2_common/pico_printf/printf.c.obj
 .text._atoi    0x100028f4       0x24 CMakeFiles/regua_encoder.dir/home/desenvolvimento/pico/pico-sdk/src/rp2_common/pico_printf/printf.c.obj
 .text._out_rev
                0x10002918       0xae CMakeFiles/regua_encoder.dir/home/desenvolvimento/pico/pico-sdk/src/rp2_common/pico_printf/printf.c.obj
 .text._ntoa_format
                0x100029c6      0x110 CMakeFiles/regua_encoder.dir/home/desenvolvimento/pico/pico-sdk/src/rp2_common/pico_printf/printf.c.obj
 .text._ntoa_long
                0x10002ad6       0xbc CMakeFiles/regua_encoder.dir/home/desenvolvimento/pico/pico-sdk/src/rp2_common/pico_printf/printf.c.obj
 .text._ntoa_long_long
                0x10002b92      0x10e CMakeFiles/regua_encoder.dir/home/desenvolvimento/pico/pico-sdk/src/rp2_common/pico_printf/printf.c.obj
 .text._etoa    0x10002ca0      0x420 CMakeFiles/regua_encoder.dir/home/desenvolvimento/pico/pico-sdk/src/rp2_common/pico_printf/printf.c.obj
 .text._ftoa    0x100030c0      0x354 CMakeFiles/regua_encoder.dir/home/desenvolvimento/pico/pico-sdk/src/rp2_common/pico_printf/printf.c.obj
 .text._vsnprintf
                0x10003414      0x65c CMakeFiles/regua_encoder.dir/home/desenvolvimento/pico/pico-sdk/src/rp2_common/pico_printf/printf.c.obj
 .text.__wrap_snprintf
                0x10003a70       0x28 CMakeFiles/regua_encoder.dir/home/desenvolvimento/pico/pico-sdk/src/rp2_common/pico_printf/printf.c.obj
                0x10003a70                __wrap_snprintf
 .text.vfctprintf
                0x10003a98       0x20 CMakeFiles/regua_encoder.dir/home/desenvolvimento/pico/pico-sdk/src/rp2_common/pico_printf/printf.c.obj
                0x10003a98                vfctprintf
 .text          0x10003ab8       0x10 CMakeFiles/regua_encoder.dir/home/desenvolvimento/pico/pico-sdk/src/rp2_common/pico_bit_ops/bit_ops_aeabi.S.obj
 .text.rom_func_lookup
                0x10003ac8       0x10 CMakeFiles/regua_encoder.dir/home/desenvolvimento/pico/pico-sdk/src/rp2_common/pico_bootrom/bootrom.c.obj
                0x10003ac8                rom_func_lookup
 .text.rom_data_lookup
                0x10003ad8       0x10 CMakeFiles/regua_encoder.dir/home/desenvolvimento/pico/pico-sdk/src/rp2_common/pico_bootrom/bootrom.c.obj
                0x10003ad8                rom_data_lookup
 .text.rom_funcs_lookup
                0x10003ae8       0x36 CMakeFiles/regua_encoder.dir/home/desenvolvimento/pico/pico-sdk/src/rp2_common/pico_bootrom/bootrom.c.obj
                0x10003ae8                rom_funcs_lookup
 *fill*         0x10003b1e        0x2 
 .text.__wrap___aeabi_idiv
                0x10003b20       0x50 CMakeFiles/regua_encoder.dir/home/desenvolvimento/pico/pico-sdk/src/rp2_common/pico_divider/divider.S.obj
                0x10003b20                __wrap___aeabi_idivmod
                0x10003b20                divmod_s32s32
                0x10003b20                div_s32s32
                0x10003b20                __wrap___aeabi_idiv
                0x10003b28                divmod_s32s32_unsafe
                0x10003b54                divmod_s32s32_savestate
 .text.__wrap___aeabi_uidiv
                0x10003b70       0x4c CMakeFiles/regua_encoder.dir/home/desenvolvimento/pico/pico-sdk/src/rp2_common/pico_divider/divider.S.obj
                0x10003b70                __wrap___aeabi_uidiv
                0x10003b70                __wrap___aeabi_uidivmod
                0x10003b70                div_u32u32
                0x10003b70                divmod_u32u32
                0x10003b78                divmod_u32u32_unsafe
                0x10003ba0                divmod_u32u32_savestate
 .text.__wrap___aeabi_ldiv
                0x10003bbc      0x424 CMakeFiles/regua_encoder.dir/home/desenvolvimento/pico/pico-sdk/src/rp2_common/pico_divider/divider.S.obj
                0x10003bbc                div_s64s64
                0x10003bbc                divmod_s64s64
                0x10003bbc                __wrap___aeabi_ldivmod
                0x10003bec                div_u64u64
                0x10003bec                divmod_u64u64
                0x10003bec                __wrap___aeabi_uldivmod
                0x10003bfc                divmod_u64u64_savestate
                0x10003c1c                divmod_s64s64_unsafe
                0x10003ca4                divmod_u64u64_unsafe
 .text.__wrap___aeabi_darithmetic
                0x10003fe0       0x80 CMakeFiles/regua_encoder.dir/home/desenvolvimento/pico/pico-sdk/src/rp2_common/pico_double/double_aeabi.S.obj
                0x10003fe0                __wrap___aeabi_drsub
                0x10003fe6                __wrap___aeabi_dsub
                0x10003ff8                __wrap___aeabi_dadd
                0x1000400a                __wrap___aeabi_ddiv
                0x10004046                __wrap___aeabi_dmul
 .text.__wrap___aeabi_cdcmple
                0x10004060       0x6c CMakeFiles/regua_encoder.dir/home/desenvolvimento/pico/pico-sdk/src/rp2_common/pico_double/double_aeabi.S.obj
                0x10004060                __wrap___aeabi_cdrcmple
                0x10004070                __wrap___aeabi_cdcmple
                0x10004070                __wrap___aeabi_cdcmpeq
 .text.__wrap___aeabi_dcmplt
                0x100040cc        0xc CMakeFiles/regua_encoder.dir/home/desenvolvimento/pico/pico-sdk/src/rp2_common/pico_double/double_aeabi.S.obj
                0x100040cc                __wrap___aeabi_dcmplt
 .text.__wrap___aeabi_dcmple
                0x100040d8       0x10 CMakeFiles/regua_encoder.dir/home/desenvolvimento/pico/pico-sdk/src/rp2_common/pico_double/double_aeabi.S.obj
                0x100040d8                __wrap___aeabi_dcmple
 .text.__wrap___aeabi_dcmpge
                0x100040e8       0x10 CMakeFiles/regua_encoder.dir/home/desenvolvimento/pico/pico-sdk/src/rp2_common/pico_double/double_aeabi.S.obj
                0x100040e8                __wrap___aeabi_dcmpge
 .text.__wrap___aeabi_dcmpgt
                0x100040f8        0xa CMakeFiles/regua_encoder.dir/home/desenvolvimento/pico/pico-sdk/src/rp2_common/pico_double/double_aeabi.S.obj
                0x100040f8                __wrap___aeabi_dcmpgt
 .text.__wrap___aeabi_dcmpun
                0x10004102       0x1c CMakeFiles/regua_encoder.dir/home/desenvolvimento/pico/pico-sdk/src/rp2_common/pico_double/double_aeabi.S.obj
                0x10004102                __wrap___aeabi_dcmpun
 *fill*         0x1000411e        0x2 
 .text.__wrap___aeabi_i2d
                0x10004120       0x38 CMakeFiles/regua_encoder.dir/home/desenvolvimento/pico/pico-sdk/src/rp2_common/pico_double/double_aeabi.S.obj
                0x10004120                __wrap___aeabi_ui2d
                0x10004128                __wrap___aeabi_i2d
 .text.__wrap___aeabi_d2iz
                0x10004158       0x48 CMakeFiles/regua_encoder.dir/home/desenvolvimento/pico/pico-sdk/src/rp2_common/pico_double/double_aeabi.S.obj
                0x10004158                __wrap___aeabi_d2iz
                0x10004158                double2int_z
 .text.__wrap___aeabi_d2uiz
                0x100041a0       0x18 CMakeFiles/regua_encoder.dir/home/desenvolvimento/pico/pico-sdk/src/rp2_common/pico_double/double_aeabi.S.obj
                0x100041a0                double2uint
                0x100041a0                __wrap___aeabi_d2uiz
 .text.__aeabi_double_init
                0x100041b8       0xcc CMakeFiles/regua_encoder.dir/home/desenvolvimento/pico/pico-sdk/src/rp2_common/pico_double/double_init_rom.c.obj
                0x100041b8                __aeabi_double_init
 .text.double_table_shim_on_use_helper
                0x10004284       0x34 CMakeFiles/regua_encoder.dir/home/desenvolvimento/pico/pico-sdk/src/rp2_common/pico_double/double_v1_rom_shim.S.obj
                0x10004284                double_table_shim_on_use_helper
 .text.__wrap___aeabi_dsub
                0x100042b8       0x10 CMakeFiles/regua_encoder.dir/home/desenvolvimento/pico/pico-sdk/src/rp2_common/pico_double/double_v1_rom_shim.S.obj
                0x100042b8                drsub_shim
                0x100042be                dsub_shim
 .text.dadd_shim
                0x100042c8      0x15c CMakeFiles/regua_encoder.dir/home/desenvolvimento/pico/pico-sdk/src/rp2_common/pico_double/double_v1_rom_shim.S.obj
                0x100042c8                dadd_shim
 .text.dmul_shim
                0x10004424      0x15c CMakeFiles/regua_encoder.dir/home/desenvolvimento/pico/pico-sdk/src/rp2_common/pico_double/double_v1_rom_shim.S.obj
                0x10004424                dmul_shim
 .text.ddiv_shim
                0x10004580      0x1b0 CMakeFiles/regua_encoder.dir/home/desenvolvimento/pico/pico-sdk/src/rp2_common/pico_double/double_v1_rom_shim.S.obj
                0x10004580                ddiv_shim
 .text.double2uint_shim
                0x10004730        0xe CMakeFiles/regua_encoder.dir/home/desenvolvimento/pico/pico-sdk/src/rp2_common/pico_double/double_v1_rom_shim.S.obj
                0x10004730                double2uint_shim
                0x10004732                double2ufix_shim
 *fill*         0x1000473e        0x2 
 .text.double2uint64_shim
                0x10004740       0x70 CMakeFiles/regua_encoder.dir/home/desenvolvimento/pico/pico-sdk/src/rp2_common/pico_double/double_v1_rom_shim.S.obj
                0x10004740                double2uint64_shim
                0x10004742                double2ufix64_shim
                0x10004762                d2fix_a
 .text.dunpacks
                0x100047b0       0x3c CMakeFiles/regua_encoder.dir/home/desenvolvimento/pico/pico-sdk/src/rp2_common/pico_double/double_v1_rom_shim.S.obj
                0x100047b0                dunpacks
 .text.__aeabi_lmul
                0x100047ec       0x32 CMakeFiles/regua_encoder.dir/home/desenvolvimento/pico/pico-sdk/src/rp2_common/pico_int64_ops/pico_int64_ops_aeabi.S.obj
                0x100047ec                __wrap___aeabi_lmul
 *fill*         0x1000481e        0x2 
 .text.__aeabi_float_init
                0x10004820       0xfc CMakeFiles/regua_encoder.dir/home/desenvolvimento/pico/pico-sdk/src/rp2_common/pico_float/float_init_rom.c.obj
                0x10004820                __aeabi_float_init
 .text.float_table_shim_on_use_helper
                0x1000491c       0x34 CMakeFiles/regua_encoder.dir/home/desenvolvimento/pico/pico-sdk/src/rp2_common/pico_float/float_v1_rom_shim.S.obj
                0x1000491c                float_table_shim_on_use_helper
 .text          0x10004950       0x10 CMakeFiles/regua_encoder.dir/home/desenvolvimento/pico/pico-sdk/src/rp2_common/pico_mem_ops/mem_ops_aeabi.S.obj
                0x10004950                __aeabi_mem_init
 .text.memset   0x10004960        0xc CMakeFiles/regua_encoder.dir/home/desenvolvimento/pico/pico-sdk/src/rp2_common/pico_mem_ops/mem_ops_aeabi.S.obj
                0x10004960                __wrap_memset
 .text.memcpy   0x1000496c        0xc CMakeFiles/regua_encoder.dir/home/desenvolvimento/pico/pico-sdk/src/rp2_common/pico_mem_ops/mem_ops_aeabi.S.obj
                0x1000496c                __wrap___aeabi_memcpy
                0x1000496c                __wrap_memcpy
 .text.stdio_out_chars_no_crlf
                0x10004978        0xe CMakeFiles/regua_encoder.dir/home/desenvolvimento/pico/pico-sdk/src/rp2_common/pico_stdio/stdio.c.obj
 *fill*         0x10004986        0x2 
 .text.stdio_out_chars_crlf
                0x10004988       0x80 CMakeFiles/regua_encoder.dir/home/desenvolvimento/pico/pico-sdk/src/rp2_common/pico_stdio/stdio.c.obj
 .text.stdio_stack_buffer_flush
                0x10004a08       0x44 CMakeFiles/regua_encoder.dir/home/desenvolvimento/pico/pico-sdk/src/rp2_common/pico_stdio/stdio.c.obj
 .text.stdio_buffered_printer
                0x10004a4c       0x20 CMakeFiles/regua_encoder.dir/home/desenvolvimento/pico/pico-sdk/src/rp2_common/pico_stdio/stdio.c.obj
 .text.update_us_since_boot
                0x10004a6c       0x24 CMakeFiles/regua_encoder.dir/home/desenvolvimento/pico/pico-sdk/src/rp2_common/pico_stdio/stdio.c.obj
 .text.get_absolute_time
                0x10004a90       0x22 CMakeFiles/regua_encoder.dir/home/desenvolvimento/pico/pico-sdk/src/rp2_common/pico_stdio/stdio.c.obj
 *fill*         0x10004ab2        0x2 
 .text.delayed_by_ms
                0x10004ab4       0x44 CMakeFiles/regua_encoder.dir/home/desenvolvimento/pico/pico-sdk/src/rp2_common/pico_stdio/stdio.c.obj
 .text.make_timeout_time_ms
                0x10004af8       0x20 CMakeFiles/regua_encoder.dir/home/desenvolvimento/pico/pico-sdk/src/rp2_common/pico_stdio/stdio.c.obj
 .text.stdout_serialize_begin
                0x10004b18       0x20 CMakeFiles/regua_encoder.dir/home/desenvolvimento/pico/pico-sdk/src/rp2_common/pico_stdio/stdio.c.obj
                0x10004b18                stdout_serialize_begin
 .text.stdout_serialize_end
                0x10004b38       0x10 CMakeFiles/regua_encoder.dir/home/desenvolvimento/pico/pico-sdk/src/rp2_common/pico_stdio/stdio.c.obj
                0x10004b38                stdout_serialize_end
 .text.stdio_put_string
                0x10004b48       0x98 CMakeFiles/regua_encoder.dir/home/desenvolvimento/pico/pico-sdk/src/rp2_common/pico_stdio/stdio.c.obj
 .text.stdio_set_driver_enabled
                0x10004be0       0x2c CMakeFiles/regua_encoder.dir/home/desenvolvimento/pico/pico-sdk/src/rp2_common/pico_stdio/stdio.c.obj
                0x10004be0                stdio_set_driver_enabled
 .text.stdio_flush
                0x10004c0c       0x20 CMakeFiles/regua_encoder.dir/home/desenvolvimento/pico/pico-sdk/src/rp2_common/pico_stdio/stdio.c.obj
                0x10004c0c                stdio_flush
 .text.__wrap_puts
                0x10004c2c       0x1e CMakeFiles/regua_encoder.dir/home/desenvolvimento/pico/pico-sdk/src/rp2_common/pico_stdio/stdio.c.obj
                0x10004c2c                __wrap_puts
 *fill*         0x10004c4a        0x2 
 .text.__wrap_vprintf
                0x10004c4c       0x40 CMakeFiles/regua_encoder.dir/home/desenvolvimento/pico/pico-sdk/src/rp2_common/pico_stdio/stdio.c.obj
                0x10004c4c                __wrap_vprintf
 .text.__wrap_printf
                0x10004c8c       0x18 CMakeFiles/regua_encoder.dir/home/desenvolvimento/pico/pico-sdk/src/rp2_common/pico_stdio/stdio.c.obj
                0x10004c8c                __wrap_printf
 .text.stdio_init_all
                0x10004ca4        0xe CMakeFiles/regua_encoder.dir/home/desenvolvimento/pico/pico-sdk/src/rp2_common/pico_stdio/stdio.c.obj
                0x10004ca4                stdio_init_all
 *fill*         0x10004cb2        0x2 
 .text.uart_putc
                0x10004cb4       0x60 CMakeFiles/regua_encoder.dir/home/desenvolvimento/pico/pico-sdk/src/rp2_common/pico_stdio_uart/stdio_uart.c.obj
 .text.uart_getc
                0x10004d14       0x24 CMakeFiles/regua_encoder.dir/home/desenvolvimento/pico/pico-sdk/src/rp2_common/pico_stdio_uart/stdio_uart.c.obj
 .text.stdio_uart_out_chars
                0x10004d38       0x20 CMakeFiles/regua_encoder.dir/home/desenvolvimento/pico/pico-sdk/src/rp2_common/pico_stdio_uart/stdio_uart.c.obj
 .text.stdio_uart_in_chars
                0x10004d58       0x5c CMakeFiles/regua_encoder.dir/home/desenvolvimento/pico/pico-sdk/src/rp2_common/pico_stdio_uart/stdio_uart.c.obj
                0x10004d58                stdio_uart_in_chars
 .text.on_uart_rx
                0x10004db4       0x28 CMakeFiles/regua_encoder.dir/home/desenvolvimento/pico/pico-sdk/src/rp2_common/pico_stdio_uart/stdio_uart.c.obj
 .text.stdio_uart_set_chars_available_callback
                0x10004ddc       0x8c CMakeFiles/regua_encoder.dir/home/desenvolvimento/pico/pico-sdk/src/rp2_common/pico_stdio_uart/stdio_uart.c.obj
 .text.stdio_uart_init_full
                0x10004e68       0x44 CMakeFiles/regua_encoder.dir/home/desenvolvimento/pico/pico-sdk/src/rp2_common/pico_stdio_uart/stdio_uart.c.obj
                0x10004e68                stdio_uart_init_full
 .text.stdio_uart_init
                0x10004eac       0x28 CMakeFiles/regua_encoder.dir/home/desenvolvimento/pico/pico-sdk/src/rp2_common/pico_stdio_uart/stdio_uart.c.obj
                0x10004eac                stdio_uart_init
 .text.resetd_init
                0x10004ed4        0x2 CMakeFiles/regua_encoder.dir/home/desenvolvimento/pico/pico-sdk/src/rp2_common/pico_stdio_usb/reset_interface.c.obj
 *fill*         0x10004ed6        0x2 
 .text.resetd_reset
                0x10004ed8        0xc CMakeFiles/regua_encoder.dir/home/desenvolvimento/pico/pico-sdk/src/rp2_common/pico_stdio_usb/reset_interface.c.obj
 .text.resetd_open
                0x10004ee4       0x34 CMakeFiles/regua_encoder.dir/home/desenvolvimento/pico/pico-sdk/src/rp2_common/pico_stdio_usb/reset_interface.c.obj
 .text.resetd_xfer_cb
                0x10004f18        0x4 CMakeFiles/regua_encoder.dir/home/desenvolvimento/pico/pico-sdk/src/rp2_common/pico_stdio_usb/reset_interface.c.obj
 .text.reset_usb_boot
                0x10004f1c       0x18 CMakeFiles/regua_encoder.dir/home/desenvolvimento/pico/pico-sdk/src/rp2_common/pico_stdio_usb/reset_interface.c.obj
 .text.resetd_control_xfer_cb
                0x10004f34       0x5c CMakeFiles/regua_encoder.dir/home/desenvolvimento/pico/pico-sdk/src/rp2_common/pico_stdio_usb/reset_interface.c.obj
 .text.usbd_app_driver_get_cb
                0x10004f90        0xc CMakeFiles/regua_encoder.dir/home/desenvolvimento/pico/pico-sdk/src/rp2_common/pico_stdio_usb/reset_interface.c.obj
                0x10004f90                usbd_app_driver_get_cb
 .text.tud_cdc_line_coding_cb
                0x10004f9c       0x28 CMakeFiles/regua_encoder.dir/home/desenvolvimento/pico/pico-sdk/src/rp2_common/pico_stdio_usb/reset_interface.c.obj
                0x10004f9c                tud_cdc_line_coding_cb
 .text.stdio_usb_set_chars_available_callback
                0x10004fc4       0x14 CMakeFiles/regua_encoder.dir/home/desenvolvimento/pico/pico-sdk/src/rp2_common/pico_stdio_usb/stdio_usb.c.obj
                0x10004fc4                stdio_usb_set_chars_available_callback
 .text.update_us_since_boot
                0x10004fd8       0x24 CMakeFiles/regua_encoder.dir/home/desenvolvimento/pico/pico-sdk/src/rp2_common/pico_stdio_usb/stdio_usb.c.obj
 .text.get_absolute_time
                0x10004ffc       0x22 CMakeFiles/regua_encoder.dir/home/desenvolvimento/pico/pico-sdk/src/rp2_common/pico_stdio_usb/stdio_usb.c.obj
 *fill*         0x1000501e        0x2 
 .text.delayed_by_ms
                0x10005020       0x44 CMakeFiles/regua_encoder.dir/home/desenvolvimento/pico/pico-sdk/src/rp2_common/pico_stdio_usb/stdio_usb.c.obj
 .text.make_timeout_time_ms
                0x10005064       0x20 CMakeFiles/regua_encoder.dir/home/desenvolvimento/pico/pico-sdk/src/rp2_common/pico_stdio_usb/stdio_usb.c.obj
 .text.delayed_by_us
                0x10005084       0x34 CMakeFiles/regua_encoder.dir/home/desenvolvimento/pico/pico-sdk/src/rp2_common/pico_stdio_usb/stdio_usb.c.obj
 .text.usb_irq  0x100050b8       0x10 CMakeFiles/regua_encoder.dir/home/desenvolvimento/pico/pico-sdk/src/rp2_common/pico_stdio_usb/stdio_usb.c.obj
 .text.critical_section_enter_blocking
                0x100050c8       0x16 CMakeFiles/regua_encoder.dir/home/desenvolvimento/pico/pico-sdk/src/rp2_common/pico_stdio_usb/stdio_usb.c.obj
 *fill*         0x100050de        0x2 
 .text.timer_task
                0x100050e0       0x4c CMakeFiles/regua_encoder.dir/home/desenvolvimento/pico/pico-sdk/src/rp2_common/pico_stdio_usb/stdio_usb.c.obj
 .text.alarm_pool_add_alarm_in_us
                0x1000512c       0x3a CMakeFiles/regua_encoder.dir/home/desenvolvimento/pico/pico-sdk/src/rp2_common/pico_stdio_usb/stdio_usb.c.obj
 .text.add_alarm_in_us
                0x10005166       0x2e CMakeFiles/regua_encoder.dir/home/desenvolvimento/pico/pico-sdk/src/rp2_common/pico_stdio_usb/stdio_usb.c.obj
 .text.low_priority_worker_irq
                0x10005194       0x7c CMakeFiles/regua_encoder.dir/home/desenvolvimento/pico/pico-sdk/src/rp2_common/pico_stdio_usb/stdio_usb.c.obj
 .text.tud_cdc_rx_cb
                0x10005210       0x20 CMakeFiles/regua_encoder.dir/home/desenvolvimento/pico/pico-sdk/src/rp2_common/pico_stdio_usb/stdio_usb.c.obj
                0x10005210                tud_cdc_rx_cb
 .text.stdio_usb_init
                0x10005230       0xd0 CMakeFiles/regua_encoder.dir/home/desenvolvimento/pico/pico-sdk/src/rp2_common/pico_stdio_usb/stdio_usb.c.obj
                0x10005230                stdio_usb_init
 .text.stdio_usb_connected
                0x10005300        0xa CMakeFiles/regua_encoder.dir/home/desenvolvimento/pico/pico-sdk/src/rp2_common/pico_stdio_usb/stdio_usb.c.obj
                0x10005300                stdio_usb_connected
 *fill*         0x1000530a        0x2 
 .text.stdio_usb_in_chars
                0x1000530c       0x88 CMakeFiles/regua_encoder.dir/home/desenvolvimento/pico/pico-sdk/src/rp2_common/pico_stdio_usb/stdio_usb.c.obj
                0x1000530c                stdio_usb_in_chars
 .text.stdio_usb_out_chars
                0x10005394       0xd8 CMakeFiles/regua_encoder.dir/home/desenvolvimento/pico/pico-sdk/src/rp2_common/pico_stdio_usb/stdio_usb.c.obj
 .text.tud_descriptor_device_cb
                0x1000546c        0x8 CMakeFiles/regua_encoder.dir/home/desenvolvimento/pico/pico-sdk/src/rp2_common/pico_stdio_usb/stdio_usb_descriptors.c.obj
                0x1000546c                tud_descriptor_device_cb
 .text.tud_descriptor_configuration_cb
                0x10005474        0x8 CMakeFiles/regua_encoder.dir/home/desenvolvimento/pico/pico-sdk/src/rp2_common/pico_stdio_usb/stdio_usb_descriptors.c.obj
                0x10005474                tud_descriptor_configuration_cb
 .text.tud_descriptor_string_cb
                0x1000547c       0x6c CMakeFiles/regua_encoder.dir/home/desenvolvimento/pico/pico-sdk/src/rp2_common/pico_stdio_usb/stdio_usb_descriptors.c.obj
                0x1000547c                tud_descriptor_string_cb
 .text._retrieve_unique_id_on_boot
                0x100054e8       0x10 CMakeFiles/regua_encoder.dir/home/desenvolvimento/pico/pico-sdk/src/rp2_common/pico_unique_id/unique_id.c.obj
 .text.pico_get_unique_board_id_string
                0x100054f8       0x5c CMakeFiles/regua_encoder.dir/home/desenvolvimento/pico/pico-sdk/src/rp2_common/pico_unique_id/unique_id.c.obj
                0x100054f8                pico_get_unique_board_id_string
 .text.flash_get_unique_id
                0x10005554       0x46 CMakeFiles/regua_encoder.dir/home/desenvolvimento/pico/pico-sdk/src/rp2_common/hardware_flash/flash.c.obj
                0x10005554                flash_get_unique_id
 *fill*         0x1000559a        0x2 
 .text.hw_endpoint_get_by_addr
                0x1000559c       0x18 CMakeFiles/regua_encoder.dir/home/desenvolvimento/pico/pico-sdk/lib/tinyusb/src/portable/raspberrypi/rp2040/dcd_rp2040.c.obj
 .text._hw_endpoint_alloc
                0x100055b4       0x70 CMakeFiles/regua_encoder.dir/home/desenvolvimento/pico/pico-sdk/lib/tinyusb/src/portable/raspberrypi/rp2040/dcd_rp2040.c.obj
 .text.hw_endpoint_init
                0x10005624       0x88 CMakeFiles/regua_encoder.dir/home/desenvolvimento/pico/pico-sdk/lib/tinyusb/src/portable/raspberrypi/rp2040/dcd_rp2040.c.obj
 .text.dcd_event_sof
                0x100056ac       0x2c CMakeFiles/regua_encoder.dir/home/desenvolvimento/pico/pico-sdk/lib/tinyusb/src/portable/raspberrypi/rp2040/dcd_rp2040.c.obj
 .text.hw_endpoint_xfer
                0x100056d8       0x14 CMakeFiles/regua_encoder.dir/home/desenvolvimento/pico/pico-sdk/lib/tinyusb/src/portable/raspberrypi/rp2040/dcd_rp2040.c.obj
 .text.dcd_int_enable
                0x100056ec       0x2c CMakeFiles/regua_encoder.dir/home/desenvolvimento/pico/pico-sdk/lib/tinyusb/src/portable/raspberrypi/rp2040/dcd_rp2040.c.obj
                0x100056ec                dcd_int_enable
 .text.dcd_set_address
                0x10005718       0x2c CMakeFiles/regua_encoder.dir/home/desenvolvimento/pico/pico-sdk/lib/tinyusb/src/portable/raspberrypi/rp2040/dcd_rp2040.c.obj
                0x10005718                dcd_set_address
 .text.dcd_connect
                0x10005744       0x10 CMakeFiles/regua_encoder.dir/home/desenvolvimento/pico/pico-sdk/lib/tinyusb/src/portable/raspberrypi/rp2040/dcd_rp2040.c.obj
                0x10005744                dcd_connect
 .text.dcd_init
                0x10005754       0x80 CMakeFiles/regua_encoder.dir/home/desenvolvimento/pico/pico-sdk/lib/tinyusb/src/portable/raspberrypi/rp2040/dcd_rp2040.c.obj
                0x10005754                dcd_init
 .text.dcd_edpt0_status_complete
                0x100057d4       0x1c CMakeFiles/regua_encoder.dir/home/desenvolvimento/pico/pico-sdk/lib/tinyusb/src/portable/raspberrypi/rp2040/dcd_rp2040.c.obj
                0x100057d4                dcd_edpt0_status_complete
 .text.dcd_edpt_open
                0x100057f0       0x40 CMakeFiles/regua_encoder.dir/home/desenvolvimento/pico/pico-sdk/lib/tinyusb/src/portable/raspberrypi/rp2040/dcd_rp2040.c.obj
                0x100057f0                dcd_edpt_open
 .text.dcd_edpt_close_all
                0x10005830        0x8 CMakeFiles/regua_encoder.dir/home/desenvolvimento/pico/pico-sdk/lib/tinyusb/src/portable/raspberrypi/rp2040/dcd_rp2040.c.obj
                0x10005830                dcd_edpt_close_all
 .text.dcd_edpt_xfer
                0x10005838       0x34 CMakeFiles/regua_encoder.dir/home/desenvolvimento/pico/pico-sdk/lib/tinyusb/src/portable/raspberrypi/rp2040/dcd_rp2040.c.obj
                0x10005838                dcd_edpt_xfer
 .text.dcd_edpt_stall
                0x1000586c       0x2c CMakeFiles/regua_encoder.dir/home/desenvolvimento/pico/pico-sdk/lib/tinyusb/src/portable/raspberrypi/rp2040/dcd_rp2040.c.obj
                0x1000586c                dcd_edpt_stall
 .text.dcd_edpt_clear_stall
                0x10005898       0x20 CMakeFiles/regua_encoder.dir/home/desenvolvimento/pico/pico-sdk/lib/tinyusb/src/portable/raspberrypi/rp2040/dcd_rp2040.c.obj
                0x10005898                dcd_edpt_clear_stall
 .text.rp2040_usb_init
                0x100058b8       0x4c CMakeFiles/regua_encoder.dir/home/desenvolvimento/pico/pico-sdk/lib/tinyusb/src/portable/raspberrypi/rp2040/rp2040_usb.c.obj
                0x100058b8                rp2040_usb_init
 .text.hw_endpoint_xfer_start
                0x10005904       0x50 CMakeFiles/regua_encoder.dir/home/desenvolvimento/pico/pico-sdk/lib/tinyusb/src/portable/raspberrypi/rp2040/rp2040_usb.c.obj
                0x10005904                hw_endpoint_xfer_start
 .text.configuration_reset
                0x10005954       0x84 CMakeFiles/regua_encoder.dir/home/desenvolvimento/pico/pico-sdk/lib/tinyusb/src/device/usbd.c.obj
 .text.critical_section_enter_blocking
                0x100059d8       0x16 CMakeFiles/regua_encoder.dir/home/desenvolvimento/pico/pico-sdk/lib/tinyusb/src/device/usbd.c.obj
 .text.usbd_reset
                0x100059ee        0xc CMakeFiles/regua_encoder.dir/home/desenvolvimento/pico/pico-sdk/lib/tinyusb/src/device/usbd.c.obj
 .text.invoke_class_control
                0x100059fa       0x1a CMakeFiles/regua_encoder.dir/home/desenvolvimento/pico/pico-sdk/lib/tinyusb/src/device/usbd.c.obj
 .text.process_set_config
                0x10005a14      0x178 CMakeFiles/regua_encoder.dir/home/desenvolvimento/pico/pico-sdk/lib/tinyusb/src/device/usbd.c.obj
 .text.process_get_descriptor
                0x10005b8c       0xdc CMakeFiles/regua_encoder.dir/home/desenvolvimento/pico/pico-sdk/lib/tinyusb/src/device/usbd.c.obj
 .text.tud_mounted
                0x10005c68       0x10 CMakeFiles/regua_encoder.dir/home/desenvolvimento/pico/pico-sdk/lib/tinyusb/src/device/usbd.c.obj
                0x10005c68                tud_mounted
 .text.tud_suspended
                0x10005c78       0x10 CMakeFiles/regua_encoder.dir/home/desenvolvimento/pico/pico-sdk/lib/tinyusb/src/device/usbd.c.obj
                0x10005c78                tud_suspended
 .text.tud_inited
                0x10005c88       0x14 CMakeFiles/regua_encoder.dir/home/desenvolvimento/pico/pico-sdk/lib/tinyusb/src/device/usbd.c.obj
                0x10005c88                tud_inited
 .text.tud_init
                0x10005c9c       0xcc CMakeFiles/regua_encoder.dir/home/desenvolvimento/pico/pico-sdk/lib/tinyusb/src/device/usbd.c.obj
                0x10005c9c                tud_init
 .text.usbd_defer_func
                0x10005d68       0x2a CMakeFiles/regua_encoder.dir/home/desenvolvimento/pico/pico-sdk/lib/tinyusb/src/device/usbd.c.obj
                0x10005d68                usbd_defer_func
 *fill*         0x10005d92        0x2 
 .text.usbd_edpt_open
                0x10005d94       0x34 CMakeFiles/regua_encoder.dir/home/desenvolvimento/pico/pico-sdk/lib/tinyusb/src/device/usbd.c.obj
                0x10005d94                usbd_edpt_open
 .text.usbd_open_edpt_pair
                0x10005dc8       0x62 CMakeFiles/regua_encoder.dir/home/desenvolvimento/pico/pico-sdk/lib/tinyusb/src/device/usbd.c.obj
                0x10005dc8                usbd_open_edpt_pair
 *fill*         0x10005e2a        0x2 
 .text.usbd_edpt_claim
                0x10005e2c       0x28 CMakeFiles/regua_encoder.dir/home/desenvolvimento/pico/pico-sdk/lib/tinyusb/src/device/usbd.c.obj
                0x10005e2c                usbd_edpt_claim
 .text.usbd_edpt_release
                0x10005e54       0x28 CMakeFiles/regua_encoder.dir/home/desenvolvimento/pico/pico-sdk/lib/tinyusb/src/device/usbd.c.obj
                0x10005e54                usbd_edpt_release
 .text.usbd_edpt_xfer
                0x10005e7c       0x78 CMakeFiles/regua_encoder.dir/home/desenvolvimento/pico/pico-sdk/lib/tinyusb/src/device/usbd.c.obj
                0x10005e7c                usbd_edpt_xfer
 .text.usbd_edpt_stall
                0x10005ef4       0x48 CMakeFiles/regua_encoder.dir/home/desenvolvimento/pico/pico-sdk/lib/tinyusb/src/device/usbd.c.obj
                0x10005ef4                usbd_edpt_stall
 .text.usbd_edpt_clear_stall
                0x10005f3c       0x48 CMakeFiles/regua_encoder.dir/home/desenvolvimento/pico/pico-sdk/lib/tinyusb/src/device/usbd.c.obj
                0x10005f3c                usbd_edpt_clear_stall
 .text.usbd_edpt_stalled
                0x10005f84       0x1c CMakeFiles/regua_encoder.dir/home/desenvolvimento/pico/pico-sdk/lib/tinyusb/src/device/usbd.c.obj
                0x10005f84                usbd_edpt_stalled
 .text.process_control_request
                0x10005fa0      0x374 CMakeFiles/regua_encoder.dir/home/desenvolvimento/pico/pico-sdk/lib/tinyusb/src/device/usbd.c.obj
 .text.tud_task_ext
                0x10006314      0x1a8 CMakeFiles/regua_encoder.dir/home/desenvolvimento/pico/pico-sdk/lib/tinyusb/src/device/usbd.c.obj
                0x10006314                tud_task_ext
 .text._status_stage_xact
                0x100064bc       0x1a CMakeFiles/regua_encoder.dir/home/desenvolvimento/pico/pico-sdk/lib/tinyusb/src/device/usbd_control.c.obj
 *fill*         0x100064d6        0x2 
 .text._data_stage_xact
                0x100064d8       0x58 CMakeFiles/regua_encoder.dir/home/desenvolvimento/pico/pico-sdk/lib/tinyusb/src/device/usbd_control.c.obj
 .text.tud_control_status
                0x10006530       0x28 CMakeFiles/regua_encoder.dir/home/desenvolvimento/pico/pico-sdk/lib/tinyusb/src/device/usbd_control.c.obj
                0x10006530                tud_control_status
 .text.tud_control_xfer
                0x10006558       0x68 CMakeFiles/regua_encoder.dir/home/desenvolvimento/pico/pico-sdk/lib/tinyusb/src/device/usbd_control.c.obj
                0x10006558                tud_control_xfer
 .text.usbd_control_reset
                0x100065c0       0x14 CMakeFiles/regua_encoder.dir/home/desenvolvimento/pico/pico-sdk/lib/tinyusb/src/device/usbd_control.c.obj
                0x100065c0                usbd_control_reset
 .text.usbd_control_set_complete_callback
                0x100065d4        0xc CMakeFiles/regua_encoder.dir/home/desenvolvimento/pico/pico-sdk/lib/tinyusb/src/device/usbd_control.c.obj
                0x100065d4                usbd_control_set_complete_callback
 .text.usbd_control_set_request
                0x100065e0       0x1c CMakeFiles/regua_encoder.dir/home/desenvolvimento/pico/pico-sdk/lib/tinyusb/src/device/usbd_control.c.obj
                0x100065e0                usbd_control_set_request
 .text.usbd_control_xfer_cb
                0x100065fc       0xbc CMakeFiles/regua_encoder.dir/home/desenvolvimento/pico/pico-sdk/lib/tinyusb/src/device/usbd_control.c.obj
                0x100065fc                usbd_control_xfer_cb
 .text._prep_out_transaction
                0x100066b8       0x4a CMakeFiles/regua_encoder.dir/home/desenvolvimento/pico/pico-sdk/lib/tinyusb/src/class/cdc/cdc_device.c.obj
 *fill*         0x10006702        0x2 
 .text.tud_cdc_n_connected
                0x10006704       0x38 CMakeFiles/regua_encoder.dir/home/desenvolvimento/pico/pico-sdk/lib/tinyusb/src/class/cdc/cdc_device.c.obj
                0x10006704                tud_cdc_n_connected
 .text.tud_cdc_n_available
                0x1000673c       0x18 CMakeFiles/regua_encoder.dir/home/desenvolvimento/pico/pico-sdk/lib/tinyusb/src/class/cdc/cdc_device.c.obj
                0x1000673c                tud_cdc_n_available
 .text.tud_cdc_n_read
                0x10006754       0x28 CMakeFiles/regua_encoder.dir/home/desenvolvimento/pico/pico-sdk/lib/tinyusb/src/class/cdc/cdc_device.c.obj
                0x10006754                tud_cdc_n_read
 .text.tud_cdc_n_write_flush
                0x1000677c       0xb8 CMakeFiles/regua_encoder.dir/home/desenvolvimento/pico/pico-sdk/lib/tinyusb/src/class/cdc/cdc_device.c.obj
                0x1000677c                tud_cdc_n_write_flush
 .text.tud_cdc_n_write
                0x10006834       0x38 CMakeFiles/regua_encoder.dir/home/desenvolvimento/pico/pico-sdk/lib/tinyusb/src/class/cdc/cdc_device.c.obj
                0x10006834                tud_cdc_n_write
 .text.tud_cdc_n_write_available
                0x1000686c       0x1c CMakeFiles/regua_encoder.dir/home/desenvolvimento/pico/pico-sdk/lib/tinyusb/src/class/cdc/cdc_device.c.obj
                0x1000686c                tud_cdc_n_write_available
 .text.cdcd_init
                0x10006888       0xbc CMakeFiles/regua_encoder.dir/home/desenvolvimento/pico/pico-sdk/lib/tinyusb/src/class/cdc/cdc_device.c.obj
                0x10006888                cdcd_init
 .text.cdcd_reset
                0x10006944       0x44 CMakeFiles/regua_encoder.dir/home/desenvolvimento/pico/pico-sdk/lib/tinyusb/src/class/cdc/cdc_device.c.obj
                0x10006944                cdcd_reset
 .text.cdcd_open
                0x10006988       0xc4 CMakeFiles/regua_encoder.dir/home/desenvolvimento/pico/pico-sdk/lib/tinyusb/src/class/cdc/cdc_device.c.obj
                0x10006988                cdcd_open
 .text.cdcd_control_xfer_cb
                0x10006a4c      0x134 CMakeFiles/regua_encoder.dir/home/desenvolvimento/pico/pico-sdk/lib/tinyusb/src/class/cdc/cdc_device.c.obj
                0x10006a4c                cdcd_control_xfer_cb
 .text.cdcd_xfer_cb
                0x10006b80      0x130 CMakeFiles/regua_encoder.dir/home/desenvolvimento/pico/pico-sdk/lib/tinyusb/src/class/cdc/cdc_device.c.obj
                0x10006b80                cdcd_xfer_cb
 .text.tusb_init
                0x10006cb0        0xa CMakeFiles/regua_encoder.dir/home/desenvolvimento/pico/pico-sdk/lib/tinyusb/src/tusb.c.obj
                0x10006cb0                tusb_init
 .text.tusb_inited
                0x10006cba        0xe CMakeFiles/regua_encoder.dir/home/desenvolvimento/pico/pico-sdk/lib/tinyusb/src/tusb.c.obj
                0x10006cba                tusb_inited
 .text.tu_edpt_claim
                0x10006cc8       0x50 CMakeFiles/regua_encoder.dir/home/desenvolvimento/pico/pico-sdk/lib/tinyusb/src/tusb.c.obj
                0x10006cc8                tu_edpt_claim
 .text.tu_edpt_release
                0x10006d18       0x38 CMakeFiles/regua_encoder.dir/home/desenvolvimento/pico/pico-sdk/lib/tinyusb/src/tusb.c.obj
                0x10006d18                tu_edpt_release
 .text.tu_edpt_validate
                0x10006d50       0x78 CMakeFiles/regua_encoder.dir/home/desenvolvimento/pico/pico-sdk/lib/tinyusb/src/tusb.c.obj
                0x10006d50                tu_edpt_validate
 .text.tu_edpt_bind_driver
                0x10006dc8       0x26 CMakeFiles/regua_encoder.dir/home/desenvolvimento/pico/pico-sdk/lib/tinyusb/src/tusb.c.obj
                0x10006dc8                tu_edpt_bind_driver
 .text.advance_index
                0x10006dee       0x1a CMakeFiles/regua_encoder.dir/home/desenvolvimento/pico/pico-sdk/lib/tinyusb/src/common/tusb_fifo.c.obj
 .text._tu_fifo_peek
                0x10006e08       0x56 CMakeFiles/regua_encoder.dir/home/desenvolvimento/pico/pico-sdk/lib/tinyusb/src/common/tusb_fifo.c.obj
 .text._ff_pull_const_addr
                0x10006e5e       0x4c CMakeFiles/regua_encoder.dir/home/desenvolvimento/pico/pico-sdk/lib/tinyusb/src/common/tusb_fifo.c.obj
 .text._ff_pull_n
                0x10006eaa      0x110 CMakeFiles/regua_encoder.dir/home/desenvolvimento/pico/pico-sdk/lib/tinyusb/src/common/tusb_fifo.c.obj
 .text._tu_fifo_peek_n
                0x10006fba       0x6a CMakeFiles/regua_encoder.dir/home/desenvolvimento/pico/pico-sdk/lib/tinyusb/src/common/tusb_fifo.c.obj
 .text._tu_fifo_read_n
                0x10007024       0x4e CMakeFiles/regua_encoder.dir/home/desenvolvimento/pico/pico-sdk/lib/tinyusb/src/common/tusb_fifo.c.obj
 .text._ff_push_const_addr
                0x10007072       0x40 CMakeFiles/regua_encoder.dir/home/desenvolvimento/pico/pico-sdk/lib/tinyusb/src/common/tusb_fifo.c.obj
 .text._ff_push_n
                0x100070b2      0x10c CMakeFiles/regua_encoder.dir/home/desenvolvimento/pico/pico-sdk/lib/tinyusb/src/common/tusb_fifo.c.obj
 .text._tu_fifo_write_n
                0x100071be       0xf0 CMakeFiles/regua_encoder.dir/home/desenvolvimento/pico/pico-sdk/lib/tinyusb/src/common/tusb_fifo.c.obj
 .text.tu_fifo_config
                0x100072ae       0x7c CMakeFiles/regua_encoder.dir/home/desenvolvimento/pico/pico-sdk/lib/tinyusb/src/common/tusb_fifo.c.obj
                0x100072ae                tu_fifo_config
 .text.tu_fifo_count
                0x1000732a       0x2a CMakeFiles/regua_encoder.dir/home/desenvolvimento/pico/pico-sdk/lib/tinyusb/src/common/tusb_fifo.c.obj
                0x1000732a                tu_fifo_count
 .text.tu_fifo_empty
                0x10007354        0xe CMakeFiles/regua_encoder.dir/home/desenvolvimento/pico/pico-sdk/lib/tinyusb/src/common/tusb_fifo.c.obj
                0x10007354                tu_fifo_empty
 .text.tu_fifo_full
                0x10007362       0x28 CMakeFiles/regua_encoder.dir/home/desenvolvimento/pico/pico-sdk/lib/tinyusb/src/common/tusb_fifo.c.obj
                0x10007362                tu_fifo_full
 .text.tu_fifo_remaining
                0x1000738a       0x2c CMakeFiles/regua_encoder.dir/home/desenvolvimento/pico/pico-sdk/lib/tinyusb/src/common/tusb_fifo.c.obj
                0x1000738a                tu_fifo_remaining
 .text.tu_fifo_read
                0x100073b6       0x42 CMakeFiles/regua_encoder.dir/home/desenvolvimento/pico/pico-sdk/lib/tinyusb/src/common/tusb_fifo.c.obj
                0x100073b6                tu_fifo_read
 .text.tu_fifo_read_n
                0x100073f8        0xa CMakeFiles/regua_encoder.dir/home/desenvolvimento/pico/pico-sdk/lib/tinyusb/src/common/tusb_fifo.c.obj
                0x100073f8                tu_fifo_read_n
 .text.tu_fifo_write
                0x10007402       0x64 CMakeFiles/regua_encoder.dir/home/desenvolvimento/pico/pico-sdk/lib/tinyusb/src/common/tusb_fifo.c.obj
                0x10007402                tu_fifo_write
 .text.tu_fifo_write_n
                0x10007466        0xa CMakeFiles/regua_encoder.dir/home/desenvolvimento/pico/pico-sdk/lib/tinyusb/src/common/tusb_fifo.c.obj
                0x10007466                tu_fifo_write_n
 .text.tu_fifo_clear
                0x10007470       0x3e CMakeFiles/regua_encoder.dir/home/desenvolvimento/pico/pico-sdk/lib/tinyusb/src/common/tusb_fifo.c.obj
                0x10007470                tu_fifo_clear
 .text.tu_fifo_set_overwritable
                0x100074ae       0x46 CMakeFiles/regua_encoder.dir/home/desenvolvimento/pico/pico-sdk/lib/tinyusb/src/common/tusb_fifo.c.obj
                0x100074ae                tu_fifo_set_overwritable
 .text.core1_trampoline
                0x100074f4        0x2 CMakeFiles/regua_encoder.dir/home/desenvolvimento/pico/pico-sdk/src/rp2_common/pico_multicore/multicore.c.obj
 .text.core1_wrapper
                0x100074f6        0xc CMakeFiles/regua_encoder.dir/home/desenvolvimento/pico/pico-sdk/src/rp2_common/pico_multicore/multicore.c.obj
                0x100074f6                core1_wrapper
 .text.multicore_fifo_push_blocking
                0x10007502       0x14 CMakeFiles/regua_encoder.dir/home/desenvolvimento/pico/pico-sdk/src/rp2_common/pico_multicore/multicore.c.obj
                0x10007502                multicore_fifo_push_blocking
 .text.multicore_fifo_pop_blocking
                0x10007516       0x16 CMakeFiles/regua_encoder.dir/home/desenvolvimento/pico/pico-sdk/src/rp2_common/pico_multicore/multicore.c.obj
                0x10007516                multicore_fifo_pop_blocking
 .text.multicore_launch_core1_raw
                0x1000752c       0x70 CMakeFiles/regua_encoder.dir/home/desenvolvimento/pico/pico-sdk/src/rp2_common/pico_multicore/multicore.c.obj
                0x1000752c                multicore_launch_core1_raw
 .text.multicore_launch_core1_with_stack
                0x1000759c       0x50 CMakeFiles/regua_encoder.dir/home/desenvolvimento/pico/pico-sdk/src/rp2_common/pico_multicore/multicore.c.obj
                0x1000759c                multicore_launch_core1_with_stack
 .text.multicore_launch_core1
                0x100075ec       0x24 CMakeFiles/regua_encoder.dir/home/desenvolvimento/pico/pico-sdk/src/rp2_common/pico_multicore/multicore.c.obj
                0x100075ec                multicore_launch_core1
 .text          0x10007610       0x5c /usr/lib/gcc/arm-none-eabi/12.2.1/../../../arm-none-eabi/lib/thumb/v6-m/nofp/libg.a(lib_a-strlen-stub.o)
                0x10007610                strlen
 *(.fini)
 .fini          0x1000766c        0x4 /usr/lib/gcc/arm-none-eabi/12.2.1/thumb/v6-m/nofp/crti.o
                0x1000766c                _fini
 .fini.__stub   0x10007670       0xe0 linker stubs
 *crtbegin.o(.ctors)
 *crtbegin?.o(.ctors)
 *(EXCLUDE_FILE(*crtend.o *crtend?.o) .ctors)
 *(SORT_BY_NAME(.ctors.*))
 *(.ctors)
 *crtbegin.o(.dtors)
 *crtbegin?.o(.dtors)
 *(EXCLUDE_FILE(*crtend.o *crtend?.o) .dtors)
 *(SORT_BY_NAME(.dtors.*))
 *(.dtors)
 *(.eh_frame*)
 .eh_frame      0x10007750        0x0 /usr/lib/gcc/arm-none-eabi/12.2.1/thumb/v6-m/nofp/crtbegin.o
                0x10007750                        . = ALIGN (0x4)

.glue_7         0x10007750        0x0
 .glue_7        0x10007750        0x0 linker stubs

.glue_7t        0x10007750        0x0
 .glue_7t       0x10007750        0x0 linker stubs

.vfp11_veneer   0x10007750        0x0
 .vfp11_veneer  0x10007750        0x0 linker stubs

.v4_bx          0x10007750        0x0
 .v4_bx         0x10007750        0x0 linker stubs

.iplt           0x10007750        0x0
 .iplt          0x10007750        0x0 /usr/lib/gcc/arm-none-eabi/12.2.1/thumb/v6-m/nofp/crtbegin.o

.rodata         0x10007750     0x16cc
 *(EXCLUDE_FILE(*libm.a: *libc.a:*lib_a-mem*.o *libgcc.a:) .rodata*)
 .rodata.rs485_communication.str1.4
                0x10007750       0x14 CMakeFiles/regua_encoder.dir/encoder.c.obj
                                 0x1c (size before relaxing)
 .rodata.rs485_communication
                0x10007764       0x20 CMakeFiles/regua_encoder.dir/encoder.c.obj
 .rodata.spin_lock_claim_unused.str1.4
                0x10007784       0x1b CMakeFiles/regua_encoder.dir/home/desenvolvimento/pico/pico-sdk/src/rp2_common/hardware_sync/sync.c.obj
 *fill*         0x1000779f        0x1 
 .rodata.resolve_branch.str1.4
                0x100077a0       0x5e CMakeFiles/regua_encoder.dir/home/desenvolvimento/pico/pico-sdk/src/rp2_common/hardware_irq/irq.c.obj
 *fill*         0x100077fe        0x2 
 .rodata.make_branch.str1.4
                0x10007800       0x30 CMakeFiles/regua_encoder.dir/home/desenvolvimento/pico/pico-sdk/src/rp2_common/hardware_irq/irq.c.obj
 .rodata.insert_branch_and_link.str1.4
                0x10007830       0x10 CMakeFiles/regua_encoder.dir/home/desenvolvimento/pico/pico-sdk/src/rp2_common/hardware_irq/irq.c.obj
 .rodata.irq_set_exclusive_handler.str1.4
                0x10007840       0x36 CMakeFiles/regua_encoder.dir/home/desenvolvimento/pico/pico-sdk/src/rp2_common/hardware_irq/irq.c.obj
 *fill*         0x10007876        0x2 
 .rodata.irq_add_shared_handler.str1.4
                0x10007878       0xc2 CMakeFiles/regua_encoder.dir/home/desenvolvimento/pico/pico-sdk/src/rp2_common/hardware_irq/irq.c.obj
 *fill*         0x1000793a        0x2 
 .rodata.irq_remove_handler.str1.4
                0x1000793c       0x3a CMakeFiles/regua_encoder.dir/home/desenvolvimento/pico/pico-sdk/src/rp2_common/hardware_irq/irq.c.obj
 *fill*         0x10007976        0x2 
 .rodata.irq_add_tail_to_free_list.str1.4
                0x10007978       0x3a CMakeFiles/regua_encoder.dir/home/desenvolvimento/pico/pico-sdk/src/rp2_common/hardware_irq/irq.c.obj
 *fill*         0x100079b2        0x2 
 .rodata.user_irq_claim_unused.str1.4
                0x100079b4       0x1b CMakeFiles/regua_encoder.dir/home/desenvolvimento/pico/pico-sdk/src/rp2_common/hardware_irq/irq.c.obj
 *fill*         0x100079cf        0x1 
 .rodata.__func__.0
                0x100079d0       0x1a CMakeFiles/regua_encoder.dir/home/desenvolvimento/pico/pico-sdk/src/rp2_common/hardware_irq/irq.c.obj
 *fill*         0x100079ea        0x2 
 .rodata.__func__.1
                0x100079ec       0x17 CMakeFiles/regua_encoder.dir/home/desenvolvimento/pico/pico-sdk/src/rp2_common/hardware_irq/irq.c.obj
 *fill*         0x10007a03        0x1 
 .rodata.__func__.2
                0x10007a04       0x13 CMakeFiles/regua_encoder.dir/home/desenvolvimento/pico/pico-sdk/src/rp2_common/hardware_irq/irq.c.obj
 *fill*         0x10007a17        0x1 
 .rodata.__func__.3
                0x10007a18        0xc CMakeFiles/regua_encoder.dir/home/desenvolvimento/pico/pico-sdk/src/rp2_common/hardware_irq/irq.c.obj
 .rodata.__func__.4
                0x10007a24        0xf CMakeFiles/regua_encoder.dir/home/desenvolvimento/pico/pico-sdk/src/rp2_common/hardware_irq/irq.c.obj
 *fill*         0x10007a33        0x1 
 .rodata.__func__.5
                0x10007a34       0x17 CMakeFiles/regua_encoder.dir/home/desenvolvimento/pico/pico-sdk/src/rp2_common/hardware_irq/irq.c.obj
 *fill*         0x10007a4b        0x1 
 .rodata.__func__.6
                0x10007a4c       0x1a CMakeFiles/regua_encoder.dir/home/desenvolvimento/pico/pico-sdk/src/rp2_common/hardware_irq/irq.c.obj
 *fill*         0x10007a66        0x2 
 .rodata.update_us_since_boot.str1.4
                0x10007a68       0x6a CMakeFiles/regua_encoder.dir/home/desenvolvimento/pico/pico-sdk/src/common/pico_sync/mutex.c.obj
 *fill*         0x10007ad2        0x2 
 .rodata.str1.4
                0x10007ad4       0x95 CMakeFiles/regua_encoder.dir/home/desenvolvimento/pico/pico-sdk/src/common/pico_sync/mutex.c.obj
 *fill*         0x10007b69        0x3 
 .rodata.__func__.1
                0x10007b6c        0xb CMakeFiles/regua_encoder.dir/home/desenvolvimento/pico/pico-sdk/src/common/pico_sync/mutex.c.obj
 *fill*         0x10007b77        0x1 
 .rodata.__func__.3
                0x10007b78       0x18 CMakeFiles/regua_encoder.dir/home/desenvolvimento/pico/pico-sdk/src/common/pico_sync/mutex.c.obj
 .rodata.__func__.4
                0x10007b90       0x15 CMakeFiles/regua_encoder.dir/home/desenvolvimento/pico/pico-sdk/src/common/pico_sync/mutex.c.obj
 *fill*         0x10007ba5        0x3 
 .rodata.get_entry.str1.4
                0x10007ba8       0x64 CMakeFiles/regua_encoder.dir/home/desenvolvimento/pico/pico-sdk/src/common/pico_time/time.c.obj
 .rodata.update_us_since_boot.str1.4
                0x10007c0c       0x6a CMakeFiles/regua_encoder.dir/home/desenvolvimento/pico/pico-sdk/src/common/pico_time/time.c.obj
 .rodata.ph_get_node.str1.4
                0x10007c0c       0x6f CMakeFiles/regua_encoder.dir/home/desenvolvimento/pico/pico-sdk/src/common/pico_time/time.c.obj
 *fill*         0x10007c7b        0x1 
 .rodata.ph_add_child_node.str1.4
                0x10007c7c       0x2e CMakeFiles/regua_encoder.dir/home/desenvolvimento/pico/pico-sdk/src/common/pico_time/time.c.obj
 *fill*         0x10007caa        0x2 
 .rodata.ph_insert_node.str1.4
                0x10007cac        0x3 CMakeFiles/regua_encoder.dir/home/desenvolvimento/pico/pico-sdk/src/common/pico_time/time.c.obj
 *fill*         0x10007caf        0x1 
 .rodata.ph_free_node.str1.4
                0x10007cb0       0x38 CMakeFiles/regua_encoder.dir/home/desenvolvimento/pico/pico-sdk/src/common/pico_time/time.c.obj
 .rodata.add_alarm_under_lock.str1.4
                0x10007ce8       0x28 CMakeFiles/regua_encoder.dir/home/desenvolvimento/pico/pico-sdk/src/common/pico_time/time.c.obj
 .rodata.alarm_pool_alarm_callback.str1.4
                0x10007d10       0x60 CMakeFiles/regua_encoder.dir/home/desenvolvimento/pico/pico-sdk/src/common/pico_time/time.c.obj
 .rodata.alarm_pool_get_default.str1.4
                0x10007d70       0x21 CMakeFiles/regua_encoder.dir/home/desenvolvimento/pico/pico-sdk/src/common/pico_time/time.c.obj
 *fill*         0x10007d91        0x3 
 .rodata.alarm_pool_cancel_alarm.str1.4
                0x10007d94       0x27 CMakeFiles/regua_encoder.dir/home/desenvolvimento/pico/pico-sdk/src/common/pico_time/time.c.obj
 *fill*         0x10007dbb        0x1 
 .rodata.sleep_until.str1.4
                0x10007dbc       0x4d CMakeFiles/regua_encoder.dir/home/desenvolvimento/pico/pico-sdk/src/common/pico_time/time.c.obj
 *fill*         0x10007e09        0x3 
 .rodata.__func__.1
                0x10007e0c       0x18 CMakeFiles/regua_encoder.dir/home/desenvolvimento/pico/pico-sdk/src/common/pico_time/time.c.obj
 .rodata.__func__.3
                0x10007e24       0x17 CMakeFiles/regua_encoder.dir/home/desenvolvimento/pico/pico-sdk/src/common/pico_time/time.c.obj
 *fill*         0x10007e3b        0x1 
 .rodata.__func__.4
                0x10007e3c       0x12 CMakeFiles/regua_encoder.dir/home/desenvolvimento/pico/pico-sdk/src/common/pico_time/time.c.obj
 *fill*         0x10007e4e        0x2 
 .rodata.__func__.5
                0x10007e50        0xd CMakeFiles/regua_encoder.dir/home/desenvolvimento/pico/pico-sdk/src/common/pico_time/time.c.obj
 *fill*         0x10007e5d        0x3 
 .rodata.__func__.6
                0x10007e60       0x12 CMakeFiles/regua_encoder.dir/home/desenvolvimento/pico/pico-sdk/src/common/pico_time/time.c.obj
 *fill*         0x10007e72        0x2 
 .rodata.__func__.7
                0x10007e74        0xf CMakeFiles/regua_encoder.dir/home/desenvolvimento/pico/pico-sdk/src/common/pico_time/time.c.obj
 *fill*         0x10007e83        0x1 
 .rodata.__func__.8
                0x10007e84        0xc CMakeFiles/regua_encoder.dir/home/desenvolvimento/pico/pico-sdk/src/common/pico_time/time.c.obj
 .rodata.__func__.9
                0x10007e90       0x15 CMakeFiles/regua_encoder.dir/home/desenvolvimento/pico/pico-sdk/src/common/pico_time/time.c.obj
 *fill*         0x10007ea5        0x3 
 .rodata.__func__.10
                0x10007ea8       0x15 CMakeFiles/regua_encoder.dir/home/desenvolvimento/pico/pico-sdk/src/common/pico_time/time.c.obj
 *fill*         0x10007ebd        0x3 
 .rodata.__func__.11
                0x10007ec0       0x1a CMakeFiles/regua_encoder.dir/home/desenvolvimento/pico/pico-sdk/src/common/pico_time/time.c.obj
 *fill*         0x10007eda        0x2 
 .rodata.__func__.12
                0x10007edc        0xa CMakeFiles/regua_encoder.dir/home/desenvolvimento/pico/pico-sdk/src/common/pico_time/time.c.obj
 .rodata.update_us_since_boot.str1.4
                0x10007ee6       0x6a CMakeFiles/regua_encoder.dir/home/desenvolvimento/pico/pico-sdk/src/rp2_common/hardware_timer/timer.c.obj
 *fill*         0x10007ee6        0x2 
 .rodata.hardware_alarm_claim.str1.4
                0x10007ee8       0x22 CMakeFiles/regua_encoder.dir/home/desenvolvimento/pico/pico-sdk/src/rp2_common/hardware_timer/timer.c.obj
 *fill*         0x10007f0a        0x2 
 .rodata.hardware_alarm_set_target.str1.4
                0x10007f0c       0x6e CMakeFiles/regua_encoder.dir/home/desenvolvimento/pico/pico-sdk/src/rp2_common/hardware_timer/timer.c.obj
 *fill*         0x10007f7a        0x2 
 .rodata.__func__.0
                0x10007f7c       0x1a CMakeFiles/regua_encoder.dir/home/desenvolvimento/pico/pico-sdk/src/rp2_common/hardware_timer/timer.c.obj
 *fill*         0x10007f96        0x2 
 .rodata.__func__.1
                0x10007f98       0x15 CMakeFiles/regua_encoder.dir/home/desenvolvimento/pico/pico-sdk/src/rp2_common/hardware_timer/timer.c.obj
 .rodata.ph_get_node.str1.4
                0x10007fad       0x6f CMakeFiles/regua_encoder.dir/home/desenvolvimento/pico/pico-sdk/src/common/pico_util/pheap.c.obj
 .rodata.ph_add_child_node.str1.4
                0x10007fad       0x2e CMakeFiles/regua_encoder.dir/home/desenvolvimento/pico/pico-sdk/src/common/pico_util/pheap.c.obj
 *fill*         0x10007fad        0x3 
 .rodata.ph_remove_any_head.str1.4
                0x10007fb0       0x98 CMakeFiles/regua_encoder.dir/home/desenvolvimento/pico/pico-sdk/src/common/pico_util/pheap.c.obj
                                 0xac (size before relaxing)
 .rodata.ph_remove_and_free_node.str1.4
                0x10008048       0x1e CMakeFiles/regua_encoder.dir/home/desenvolvimento/pico/pico-sdk/src/common/pico_util/pheap.c.obj
                                 0x26 (size before relaxing)
 *fill*         0x10008066        0x2 
 .rodata.__func__.0
                0x10008068       0x18 CMakeFiles/regua_encoder.dir/home/desenvolvimento/pico/pico-sdk/src/common/pico_util/pheap.c.obj
 .rodata.__func__.1
                0x10008080       0x13 CMakeFiles/regua_encoder.dir/home/desenvolvimento/pico/pico-sdk/src/common/pico_util/pheap.c.obj
 *fill*         0x10008093        0x1 
 .rodata.__func__.2
                0x10008094       0x12 CMakeFiles/regua_encoder.dir/home/desenvolvimento/pico/pico-sdk/src/common/pico_util/pheap.c.obj
 *fill*         0x100080a6        0x2 
 .rodata.__func__.3
                0x100080a8        0xc CMakeFiles/regua_encoder.dir/home/desenvolvimento/pico/pico-sdk/src/common/pico_util/pheap.c.obj
 .rodata.clock_configure.str1.4
                0x100080b4       0x60 CMakeFiles/regua_encoder.dir/home/desenvolvimento/pico/pico-sdk/src/rp2_common/hardware_clocks/clocks.c.obj
 .rodata.__func__.1
                0x10008114       0x10 CMakeFiles/regua_encoder.dir/home/desenvolvimento/pico/pico-sdk/src/rp2_common/hardware_clocks/clocks.c.obj
 .rodata.pll_init.str1.4
                0x10008124      0x12c CMakeFiles/regua_encoder.dir/home/desenvolvimento/pico/pico-sdk/src/rp2_common/hardware_pll/pll.c.obj
 .rodata.__func__.0
                0x10008250        0x9 CMakeFiles/regua_encoder.dir/home/desenvolvimento/pico/pico-sdk/src/rp2_common/hardware_pll/pll.c.obj
 *fill*         0x10008259        0x3 
 .rodata.__assert_func.str1.4
                0x1000825c       0x3f CMakeFiles/regua_encoder.dir/home/desenvolvimento/pico/pico-sdk/src/rp2_common/pico_runtime/runtime.c.obj
                                 0x43 (size before relaxing)
 *fill*         0x1000829b        0x1 
 .rodata.runtime_init.str1.4
                0x1000829c       0x6a CMakeFiles/regua_encoder.dir/home/desenvolvimento/pico/pico-sdk/src/rp2_common/pico_runtime/runtime.c.obj
 *fill*         0x10008306        0x2 
 .rodata.panic.str1.4
                0x10008308       0x12 CMakeFiles/regua_encoder.dir/home/desenvolvimento/pico/pico-sdk/src/rp2_common/pico_runtime/runtime.c.obj
 *fill*         0x1000831a        0x2 
 .rodata.__func__.2
                0x1000831c        0xd CMakeFiles/regua_encoder.dir/home/desenvolvimento/pico/pico-sdk/src/rp2_common/pico_runtime/runtime.c.obj
 *fill*         0x10008329        0x3 
 .rodata._ftoa.str1.4
                0x1000832c       0x15 CMakeFiles/regua_encoder.dir/home/desenvolvimento/pico/pico-sdk/src/rp2_common/pico_printf/printf.c.obj
 *fill*         0x10008341        0x3 
 .rodata._vsnprintf
                0x10008344      0x19c CMakeFiles/regua_encoder.dir/home/desenvolvimento/pico/pico-sdk/src/rp2_common/pico_printf/printf.c.obj
 .rodata.pow10.0
                0x100084e0       0x50 CMakeFiles/regua_encoder.dir/home/desenvolvimento/pico/pico-sdk/src/rp2_common/pico_printf/printf.c.obj
 .rodata.__aeabi_double_init.str1.4
                0x10008530       0xa5 CMakeFiles/regua_encoder.dir/home/desenvolvimento/pico/pico-sdk/src/rp2_common/pico_double/double_init_rom.c.obj
 *fill*         0x100085d5        0x3 
 .rodata.__func__.0
                0x100085d8       0x14 CMakeFiles/regua_encoder.dir/home/desenvolvimento/pico/pico-sdk/src/rp2_common/pico_double/double_init_rom.c.obj
 .rodata.__aeabi_float_init.str1.4
                0x100085ec       0x83 CMakeFiles/regua_encoder.dir/home/desenvolvimento/pico/pico-sdk/src/rp2_common/pico_float/float_init_rom.c.obj
                                 0x87 (size before relaxing)
 *fill*         0x1000866f        0x1 
 .rodata.__func__.0
                0x10008670       0x13 CMakeFiles/regua_encoder.dir/home/desenvolvimento/pico/pico-sdk/src/rp2_common/pico_float/float_init_rom.c.obj
 *fill*         0x10008683        0x1 
 .rodata.str1.4
                0x10008684       0x44 CMakeFiles/regua_encoder.dir/home/desenvolvimento/pico/pico-sdk/src/rp2_common/pico_standard_link/binary_info.c.obj
 .rodata.__bi_81
                0x100086c8        0xc CMakeFiles/regua_encoder.dir/home/desenvolvimento/pico/pico-sdk/src/rp2_common/pico_standard_link/binary_info.c.obj
 .rodata.__bi_75
                0x100086d4        0xc CMakeFiles/regua_encoder.dir/home/desenvolvimento/pico/pico-sdk/src/rp2_common/pico_standard_link/binary_info.c.obj
 .rodata.__bi_44
                0x100086e0        0xc CMakeFiles/regua_encoder.dir/home/desenvolvimento/pico/pico-sdk/src/rp2_common/pico_standard_link/binary_info.c.obj
 .rodata.update_us_since_boot.str1.4
                0x100086ec       0x6a CMakeFiles/regua_encoder.dir/home/desenvolvimento/pico/pico-sdk/src/rp2_common/pico_stdio/stdio.c.obj
 .rodata.crlf_str.2
                0x100086ec        0x2 CMakeFiles/regua_encoder.dir/home/desenvolvimento/pico/pico-sdk/src/rp2_common/pico_stdio/stdio.c.obj
 *fill*         0x100086ee        0x2 
 .rodata.__func__.3
                0x100086f0       0x15 CMakeFiles/regua_encoder.dir/home/desenvolvimento/pico/pico-sdk/src/rp2_common/pico_stdio/stdio.c.obj
 *fill*         0x10008705        0x3 
 .rodata.str1.4
                0x10008708       0x2c CMakeFiles/regua_encoder.dir/home/desenvolvimento/pico/pico-sdk/src/rp2_common/pico_stdio_uart/stdio_uart.c.obj
 .rodata.__bi_33.4
                0x10008734        0xc CMakeFiles/regua_encoder.dir/home/desenvolvimento/pico/pico-sdk/src/rp2_common/pico_stdio_uart/stdio_uart.c.obj
 .rodata.__bi_34.5
                0x10008740        0x8 CMakeFiles/regua_encoder.dir/home/desenvolvimento/pico/pico-sdk/src/rp2_common/pico_stdio_uart/stdio_uart.c.obj
 .rodata._resetd_driver
                0x10008748       0x18 CMakeFiles/regua_encoder.dir/home/desenvolvimento/pico/pico-sdk/src/rp2_common/pico_stdio_usb/reset_interface.c.obj
 .rodata.update_us_since_boot.str1.4
                0x10008760       0x6a CMakeFiles/regua_encoder.dir/home/desenvolvimento/pico/pico-sdk/src/rp2_common/pico_stdio_usb/stdio_usb.c.obj
 .rodata.stdio_usb_init.str1.4
                0x10008760       0x4e CMakeFiles/regua_encoder.dir/home/desenvolvimento/pico/pico-sdk/src/rp2_common/pico_stdio_usb/stdio_usb.c.obj
                                 0x56 (size before relaxing)
 *fill*         0x100087ae        0x2 
 .rodata.str1.4
                0x100087b0       0x13 CMakeFiles/regua_encoder.dir/home/desenvolvimento/pico/pico-sdk/src/rp2_common/pico_stdio_usb/stdio_usb.c.obj
 *fill*         0x100087c3        0x1 
 .rodata.__bi_182.0
                0x100087c4        0xc CMakeFiles/regua_encoder.dir/home/desenvolvimento/pico/pico-sdk/src/rp2_common/pico_stdio_usb/stdio_usb.c.obj
 .rodata.__func__.1
                0x100087d0        0xf CMakeFiles/regua_encoder.dir/home/desenvolvimento/pico/pico-sdk/src/rp2_common/pico_stdio_usb/stdio_usb.c.obj
 *fill*         0x100087df        0x1 
 .rodata.__func__.3
                0x100087e0       0x15 CMakeFiles/regua_encoder.dir/home/desenvolvimento/pico/pico-sdk/src/rp2_common/pico_stdio_usb/stdio_usb.c.obj
 *fill*         0x100087f5        0x3 
 .rodata.str1.4
                0x100087f8       0x2a CMakeFiles/regua_encoder.dir/home/desenvolvimento/pico/pico-sdk/src/rp2_common/pico_stdio_usb/stdio_usb_descriptors.c.obj
 *fill*         0x10008822        0x2 
 .rodata.usbd_desc_str
                0x10008824       0x18 CMakeFiles/regua_encoder.dir/home/desenvolvimento/pico/pico-sdk/src/rp2_common/pico_stdio_usb/stdio_usb_descriptors.c.obj
 .rodata.usbd_desc_cfg
                0x1000883c       0x54 CMakeFiles/regua_encoder.dir/home/desenvolvimento/pico/pico-sdk/src/rp2_common/pico_stdio_usb/stdio_usb_descriptors.c.obj
 .rodata.usbd_desc_device
                0x10008890       0x12 CMakeFiles/regua_encoder.dir/home/desenvolvimento/pico/pico-sdk/src/rp2_common/pico_stdio_usb/stdio_usb_descriptors.c.obj
 *fill*         0x100088a2        0x2 
 .rodata.pico_get_unique_board_id_string.str1.4
                0x100088a4       0x56 CMakeFiles/regua_encoder.dir/home/desenvolvimento/pico/pico-sdk/src/rp2_common/pico_unique_id/unique_id.c.obj
 *fill*         0x100088fa        0x2 
 .rodata.__func__.0
                0x100088fc       0x20 CMakeFiles/regua_encoder.dir/home/desenvolvimento/pico/pico-sdk/src/rp2_common/pico_unique_id/unique_id.c.obj
 .rodata.str1.4
                0x1000891c      0x162 CMakeFiles/regua_encoder.dir/home/desenvolvimento/pico/pico-sdk/src/rp2_common/hardware_flash/flash.c.obj
 *fill*         0x10008a7e        0x2 
 .rodata.__func__.0
                0x10008a80        0xd CMakeFiles/regua_encoder.dir/home/desenvolvimento/pico/pico-sdk/src/rp2_common/hardware_flash/flash.c.obj
 *fill*         0x10008a8d        0x3 
 .rodata._hw_endpoint_alloc.str1.4
                0x10008a90       0xc1 CMakeFiles/regua_encoder.dir/home/desenvolvimento/pico/pico-sdk/lib/tinyusb/src/portable/raspberrypi/rp2040/dcd_rp2040.c.obj
 *fill*         0x10008b51        0x3 
 .rodata.str1.4
                0x10008b54       0x14 CMakeFiles/regua_encoder.dir/home/desenvolvimento/pico/pico-sdk/lib/tinyusb/src/portable/raspberrypi/rp2040/dcd_rp2040.c.obj
 .rodata.dcd_int_enable.str1.4
                0x10008b68        0xc CMakeFiles/regua_encoder.dir/home/desenvolvimento/pico/pico-sdk/lib/tinyusb/src/portable/raspberrypi/rp2040/dcd_rp2040.c.obj
 .rodata.__func__.0
                0x10008b74        0xe CMakeFiles/regua_encoder.dir/home/desenvolvimento/pico/pico-sdk/lib/tinyusb/src/portable/raspberrypi/rp2040/dcd_rp2040.c.obj
 *fill*         0x10008b82        0x2 
 .rodata.__func__.1
                0x10008b84        0xe CMakeFiles/regua_encoder.dir/home/desenvolvimento/pico/pico-sdk/lib/tinyusb/src/portable/raspberrypi/rp2040/dcd_rp2040.c.obj
 *fill*         0x10008b92        0x2 
 .rodata.__func__.3
                0x10008b94       0x10 CMakeFiles/regua_encoder.dir/home/desenvolvimento/pico/pico-sdk/lib/tinyusb/src/portable/raspberrypi/rp2040/dcd_rp2040.c.obj
 .rodata.__func__.5
                0x10008ba4        0xf CMakeFiles/regua_encoder.dir/home/desenvolvimento/pico/pico-sdk/lib/tinyusb/src/portable/raspberrypi/rp2040/dcd_rp2040.c.obj
 *fill*         0x10008bb3        0x1 
 .rodata.__func__.6
                0x10008bb4       0x13 CMakeFiles/regua_encoder.dir/home/desenvolvimento/pico/pico-sdk/lib/tinyusb/src/portable/raspberrypi/rp2040/dcd_rp2040.c.obj
 *fill*         0x10008bc7        0x1 
 .rodata.__func__.7
                0x10008bc8        0x9 CMakeFiles/regua_encoder.dir/home/desenvolvimento/pico/pico-sdk/lib/tinyusb/src/portable/raspberrypi/rp2040/dcd_rp2040.c.obj
 *fill*         0x10008bd1        0x3 
 .rodata.str1.4
                0x10008bd4       0xe9 CMakeFiles/regua_encoder.dir/home/desenvolvimento/pico/pico-sdk/lib/tinyusb/src/portable/raspberrypi/rp2040/rp2040_usb.c.obj
                                 0xf3 (size before relaxing)
 *fill*         0x10008cbd        0x3 
 .rodata.__func__.0
                0x10008cc0        0xf CMakeFiles/regua_encoder.dir/home/desenvolvimento/pico/pico-sdk/lib/tinyusb/src/portable/raspberrypi/rp2040/rp2040_usb.c.obj
 *fill*         0x10008ccf        0x1 
 .rodata.process_get_descriptor
                0x10008cd0       0x40 CMakeFiles/regua_encoder.dir/home/desenvolvimento/pico/pico-sdk/lib/tinyusb/src/device/usbd.c.obj
 .rodata.process_control_request
                0x10008d10       0x28 CMakeFiles/regua_encoder.dir/home/desenvolvimento/pico/pico-sdk/lib/tinyusb/src/device/usbd.c.obj
 .rodata.tud_task_ext
                0x10008d38       0x24 CMakeFiles/regua_encoder.dir/home/desenvolvimento/pico/pico-sdk/lib/tinyusb/src/device/usbd.c.obj
 .rodata._usbd_driver
                0x10008d5c       0x18 CMakeFiles/regua_encoder.dir/home/desenvolvimento/pico/pico-sdk/lib/tinyusb/src/device/usbd.c.obj
 .rodata.multicore_lockout_start_block_until.str1.4
                0x10008d74       0x66 CMakeFiles/regua_encoder.dir/home/desenvolvimento/pico/pico-sdk/src/rp2_common/pico_multicore/multicore.c.obj
 *fill*         0x10008dda        0x2 
 .rodata.multicore_launch_core1_with_stack.str1.4
                0x10008ddc       0x19 CMakeFiles/regua_encoder.dir/home/desenvolvimento/pico/pico-sdk/src/rp2_common/pico_multicore/multicore.c.obj
 *fill*         0x10008df5        0x3 
 .rodata.__func__.2